[     539ms] [INFO] %cDownload the React DevTools for a better development experience: https://react.dev/link/react-devtools font-weight:bold @ http://localhost:9002/_next/static/chunks/node_modules_next_dist_compiled_react-dom_1e674e59._.js:14537
[     820ms] [LOG] [Fast Refresh] rebuilding @ http://localhost:9002/_next/static/chunks/node_modules_next_dist_client_cf1d9188._.js:5949
[     860ms] [LOG] [Fast Refresh] done in 142ms @ http://localhost:9002/_next/static/chunks/node_modules_next_dist_client_cf1d9188._.js:5809
[  206483ms] [ERROR] Failed to load resource: net::ERR_QUIC_PROTOCOL_ERROR.QUIC_TOO_MANY_RTOS @ https://firestore.googleapis.com/google.firestore.v1.Firestore/Listen/channel?gsessionid=He50nbbFaMBZQQkAuxRjm2roSQFtc9K6bbi9T3H8CtpSHpcb9Gg2cQ&VER=8&database=projects%2Fserenity-relax-joao%2Fdatabases%2F(default)&RID=rpc&SID=0Jcw-rQjPHRxUc5c4cUTfg&AID=0&CI=0&TYPE=xmlhttp&zx=6r8qodsx75kx&t=1:0
[  206703ms] [ERROR] Failed to load resource: the server responded with a status of 400 () @ https://firestore.googleapis.com/google.firestore.v1.Firestore/Listen/channel?gsessionid=He50nbbFaMBZQQkAuxRjm2roSQFtc9K6bbi9T3H8CtpSHpcb9Gg2cQ&VER=8&database=projects%2Fserenity-relax-joao%2Fdatabases%2F(default)&RID=rpc&SID=0Jcw-rQjPHRxUc5c4cUTfg&AID=115&CI=0&TYPE=xmlhttp&zx=580p6c6rwqjf&t=1:0
[  206717ms] [WARNING] [2026-05-12T13:03:00.155Z]  @firebase/firestore: Firestore (11.10.0): WebChannelConnection RPC 'Listen' stream 0x8f2ec69d transport errored. Name: undefined Message: undefined @ http://localhost:9002/_next/static/chunks/node_modules_0d688b2b._.js:4455
[  878638ms] [ERROR] Failed to load resource: net::ERR_INTERNET_DISCONNECTED @ https://firestore.googleapis.com/google.firestore.v1.Firestore/Listen/channel?VER=8&database=projects%2Fserenity-relax-joao%2Fdatabases%2F(default)&RID=61271&CVER=22&X-HTTP-Session-Id=gsessionid&zx=eathxhwoxb8n&t=1:0
[  878670ms] [WARNING] [2026-05-12T13:14:12.092Z]  @firebase/firestore: Firestore (11.10.0): WebChannelConnection RPC 'Listen' stream 0x8f2ec69f transport errored. Name: undefined Message: undefined @ http://localhost:9002/_next/static/chunks/node_modules_0d688b2b._.js:4455
[  878682ms] [ERROR] Failed to load resource: net::ERR_INTERNET_DISCONNECTED @ https://firestore.googleapis.com/google.firestore.v1.Firestore/Listen/channel?VER=8&database=projects%2Fserenity-relax-joao%2Fdatabases%2F(default)&gsessionid=_z7-6o82rmzMhWhWq0d1QyUSEa4UK5QGBgtC2DONPMdrkJvLxxI86A&SID=S6-DdY_WJar_sWsYeMac8Q&RID=35795&TYPE=terminate&zx=qbctiu2ofvlx:0
[  878721ms] [ERROR] Failed to load resource: net::ERR_INTERNET_DISCONNECTED @ https://www.google.com/images/cleardot.gif?zx=wthke5mgap2o:0
[  878721ms] [ERROR] Failed to load resource: net::ERR_INTERNET_DISCONNECTED @ https://firestore.googleapis.com/google.firestore.v1.Firestore/Listen/channel?VER=8&database=projects%2Fserenity-relax-joao%2Fdatabases%2F(default)&RID=6963&CVER=22&X-HTTP-Session-Id=gsessionid&zx=t9pqm7azi6v2&t=1:0
[  878721ms] [WARNING] [2026-05-12T13:14:12.161Z]  @firebase/firestore: Firestore (11.10.0): WebChannelConnection RPC 'Listen' stream 0x8f2ec6a0 transport errored. Name: undefined Message: undefined @ http://localhost:9002/_next/static/chunks/node_modules_0d688b2b._.js:4455
[  878725ms] [ERROR] Failed to load resource: net::ERR_INTERNET_DISCONNECTED @ https://www.google.com/images/cleardot.gif?zx=6m6qd6hl4j9:0
[  879828ms] [ERROR] Failed to load resource: net::ERR_INTERNET_DISCONNECTED @ https://firestore.googleapis.com/google.firestore.v1.Firestore/Listen/channel?VER=8&database=projects%2Fserenity-relax-joao%2Fdatabases%2F(default)&RID=52528&CVER=22&X-HTTP-Session-Id=gsessionid&zx=q3ebmhc03zdi&t=1:0
[  879828ms] [WARNING] [2026-05-12T13:14:13.269Z]  @firebase/firestore: Firestore (11.10.0): WebChannelConnection RPC 'Listen' stream 0x8f2ec6a1 transport errored. Name: undefined Message: undefined @ http://localhost:9002/_next/static/chunks/node_modules_0d688b2b._.js:4455
[  879831ms] [ERROR] Failed to load resource: net::ERR_INTERNET_DISCONNECTED @ https://www.google.com/images/cleardot.gif?zx=drlfeq7048li:0
[  881116ms] [ERROR] Failed to load resource: net::ERR_INTERNET_DISCONNECTED @ https://firestore.googleapis.com/google.firestore.v1.Firestore/Listen/channel?VER=8&database=projects%2Fserenity-relax-joao%2Fdatabases%2F(default)&RID=26842&CVER=22&X-HTTP-Session-Id=gsessionid&zx=3znkk1yvbmuf&t=1:0
[  881118ms] [WARNING] [2026-05-12T13:14:14.558Z]  @firebase/firestore: Firestore (11.10.0): WebChannelConnection RPC 'Listen' stream 0x8f2ec6a2 transport errored. Name: undefined Message: undefined @ http://localhost:9002/_next/static/chunks/node_modules_0d688b2b._.js:4455
[  881132ms] [ERROR] Failed to load resource: net::ERR_INTERNET_DISCONNECTED @ https://www.google.com/images/cleardot.gif?zx=xo4wu4b277t3:0
[  883218ms] [ERROR] Failed to load resource: net::ERR_INTERNET_DISCONNECTED @ https://firestore.googleapis.com/google.firestore.v1.Firestore/Listen/channel?VER=8&database=projects%2Fserenity-relax-joao%2Fdatabases%2F(default)&RID=66984&CVER=22&X-HTTP-Session-Id=gsessionid&zx=mbsrb8amk8fx&t=1:0
[  883219ms] [WARNING] [2026-05-12T13:14:16.660Z]  @firebase/firestore: Firestore (11.10.0): WebChannelConnection RPC 'Listen' stream 0x8f2ec6a3 transport errored. Name: undefined Message: undefined @ http://localhost:9002/_next/static/chunks/node_modules_0d688b2b._.js:4455
[  883226ms] [ERROR] Failed to load resource: net::ERR_INTERNET_DISCONNECTED @ https://www.google.com/images/cleardot.gif?zx=f2zddi2awbi4:0
[  886311ms] [ERROR] Failed to load resource: net::ERR_INTERNET_DISCONNECTED @ https://firestore.googleapis.com/google.firestore.v1.Firestore/Listen/channel?VER=8&database=projects%2Fserenity-relax-joao%2Fdatabases%2F(default)&RID=60814&CVER=22&X-HTTP-Session-Id=gsessionid&zx=x78hj6btlli3&t=1:0
[  886313ms] [WARNING] [2026-05-12T13:14:19.753Z]  @firebase/firestore: Firestore (11.10.0): WebChannelConnection RPC 'Listen' stream 0x8f2ec6a4 transport errored. Name: undefined Message: undefined @ http://localhost:9002/_next/static/chunks/node_modules_0d688b2b._.js:4455
[  886318ms] [ERROR] Failed to load resource: net::ERR_INTERNET_DISCONNECTED @ https://www.google.com/images/cleardot.gif?zx=gvc2ckazqa9w:0
[  889404ms] [ERROR] Failed to load resource: net::ERR_INTERNET_DISCONNECTED @ https://firestore.googleapis.com/google.firestore.v1.Firestore/Listen/channel?VER=8&database=projects%2Fserenity-relax-joao%2Fdatabases%2F(default)&RID=27903&CVER=22&X-HTTP-Session-Id=gsessionid&zx=1jywbku43k1d&t=1:0
[  889404ms] [WARNING] [2026-05-12T13:14:22.845Z]  @firebase/firestore: Firestore (11.10.0): WebChannelConnection RPC 'Listen' stream 0x8f2ec6a5 transport errored. Name: undefined Message: undefined @ http://localhost:9002/_next/static/chunks/node_modules_0d688b2b._.js:4455
[  889410ms] [ERROR] Failed to load resource: net::ERR_INTERNET_DISCONNECTED @ https://www.google.com/images/cleardot.gif?zx=jacmmb7w3ucr:0
[ 1967806ms] [ERROR] Failed to load resource: net::ERR_INTERNET_DISCONNECTED @ https://securetoken.googleapis.com/v1/token?key=AIzaSyDVKma95UOoUSajrzCmV7vLHPAt2Q5tK7c:0
[ 1977293ms] [ERROR] Failed to load resource: net::ERR_INTERNET_DISCONNECTED @ https://securetoken.googleapis.com/v1/token?key=AIzaSyDVKma95UOoUSajrzCmV7vLHPAt2Q5tK7c:0
[ 2216332ms] [ERROR] Failed to load resource: net::ERR_QUIC_PROTOCOL_ERROR.QUIC_TOO_MANY_RTOS @ https://firestore.googleapis.com/google.firestore.v1.Firestore/Listen/channel?gsessionid=-6YS02XkifxapYVmD5yayUPpuusbl7c3J1XXakhdzCHT8Ys5aozGdA&VER=8&database=projects%2Fserenity-relax-joao%2Fdatabases%2F(default)&RID=rpc&SID=JbxOQGJmoFRrQhnzLuIKAg&AID=16&CI=0&TYPE=xmlhttp&zx=b614ivl5h7bi&t=1:0
[ 2217062ms] [ERROR] Failed to load resource: the server responded with a status of 400 () @ https://firestore.googleapis.com/google.firestore.v1.Firestore/Listen/channel?gsessionid=-6YS02XkifxapYVmD5yayUPpuusbl7c3J1XXakhdzCHT8Ys5aozGdA&VER=8&database=projects%2Fserenity-relax-joao%2Fdatabases%2F(default)&RID=rpc&SID=JbxOQGJmoFRrQhnzLuIKAg&AID=19&CI=0&TYPE=xmlhttp&zx=1wrgoyhrjvr&t=1:0
[ 2217109ms] [WARNING] [2026-05-12T13:36:30.532Z]  @firebase/firestore: Firestore (11.10.0): WebChannelConnection RPC 'Listen' stream 0x8f2ec6a6 transport errored. Name: undefined Message: undefined @ http://localhost:9002/_next/static/chunks/node_modules_0d688b2b._.js:4455
[ 2963170ms] [ERROR] Failed to load resource: net::ERR_QUIC_PROTOCOL_ERROR.QUIC_TOO_MANY_RTOS @ https://firestore.googleapis.com/google.firestore.v1.Firestore/Listen/channel?gsessionid=3sjiOwuvDntBeb3yn14tGzvuyCFKv-gKYQWEjqFmBJPA45IhPJuVbA&VER=8&database=projects%2Fserenity-relax-joao%2Fdatabases%2F(default)&RID=rpc&SID=VBVX7aBqXp3--iurutEoMQ&AID=23&CI=0&TYPE=xmlhttp&zx=6zwodejrxuel&t=1:0
[ 2963496ms] [ERROR] Failed to load resource: the server responded with a status of 400 () @ https://firestore.googleapis.com/google.firestore.v1.Firestore/Listen/channel?gsessionid=3sjiOwuvDntBeb3yn14tGzvuyCFKv-gKYQWEjqFmBJPA45IhPJuVbA&VER=8&database=projects%2Fserenity-relax-joao%2Fdatabases%2F(default)&RID=rpc&SID=VBVX7aBqXp3--iurutEoMQ&AID=26&CI=0&TYPE=xmlhttp&zx=23jc7779fiq4&t=1:0
[ 2963513ms] [WARNING] [2026-05-12T13:48:56.950Z]  @firebase/firestore: Firestore (11.10.0): WebChannelConnection RPC 'Listen' stream 0x8f2ec6a8 transport errored. Name: undefined Message: undefined @ http://localhost:9002/_next/static/chunks/node_modules_0d688b2b._.js:4455
[ 3704673ms] [ERROR] Failed to load resource: net::ERR_QUIC_PROTOCOL_ERROR.QUIC_TOO_MANY_RTOS @ https://firestore.googleapis.com/google.firestore.v1.Firestore/Listen/channel?gsessionid=mS0MYm_leH4AnKBusNIfuGky6EFkEsJ8bkaPewc4BhwKAMiSZT6_CA&VER=8&database=projects%2Fserenity-relax-joao%2Fdatabases%2F(default)&RID=rpc&SID=dtrX1AQkNv3_Ei2zooM7pg&AID=55&CI=0&TYPE=xmlhttp&zx=dhm1j0qj9st4&t=1:0
[ 4717336ms] [ERROR] Failed to load resource: net::ERR_QUIC_PROTOCOL_ERROR.QUIC_PUBLIC_RESET @ https://firestore.googleapis.com/google.firestore.v1.Firestore/Listen/channel?gsessionid=mS0MYm_leH4AnKBusNIfuGky6EFkEsJ8bkaPewc4BhwKAMiSZT6_CA&VER=8&database=projects%2Fserenity-relax-joao%2Fdatabases%2F(default)&RID=rpc&SID=dtrX1AQkNv3_Ei2zooM7pg&AID=60&CI=0&TYPE=xmlhttp&zx=v2a932m7kosd&t=1:0
[ 4717427ms] [ERROR] Failed to load resource: the server responded with a status of 400 () @ https://firestore.googleapis.com/google.firestore.v1.Firestore/Listen/channel?gsessionid=mS0MYm_leH4AnKBusNIfuGky6EFkEsJ8bkaPewc4BhwKAMiSZT6_CA&VER=8&database=projects%2Fserenity-relax-joao%2Fdatabases%2F(default)&RID=rpc&SID=dtrX1AQkNv3_Ei2zooM7pg&AID=63&CI=0&TYPE=xmlhttp&zx=yb1681i8xim6&t=1:0
[ 4717434ms] [WARNING] [2026-05-12T14:18:10.874Z]  @firebase/firestore: Firestore (11.10.0): WebChannelConnection RPC 'Listen' stream 0x8f2ec6a9 transport errored. Name: undefined Message: undefined @ http://localhost:9002/_next/static/chunks/node_modules_0d688b2b._.js:4455
[ 5674944ms] [ERROR] Failed to load resource: net::ERR_QUIC_PROTOCOL_ERROR.QUIC_PUBLIC_RESET @ https://firestore.googleapis.com/google.firestore.v1.Firestore/Listen/channel?gsessionid=Nkf67em0Ze6JVMjPGk5-coj1VDr86oqG4W_yLAo22DleoJsS7mwXLA&VER=8&database=projects%2Fserenity-relax-joao%2Fdatabases%2F(default)&RID=rpc&SID=4WXPS-_niZhN3L_Eh8WU2Q&AID=14&CI=0&TYPE=xmlhttp&zx=fwjcbxqf9otp&t=1:0
[ 5675006ms] [ERROR] Failed to load resource: the server responded with a status of 400 () @ https://firestore.googleapis.com/google.firestore.v1.Firestore/Listen/channel?gsessionid=Nkf67em0Ze6JVMjPGk5-coj1VDr86oqG4W_yLAo22DleoJsS7mwXLA&VER=8&database=projects%2Fserenity-relax-joao%2Fdatabases%2F(default)&RID=rpc&SID=4WXPS-_niZhN3L_Eh8WU2Q&AID=15&CI=0&TYPE=xmlhttp&zx=c5j264m3gjdm&t=1:0
[ 5675008ms] [WARNING] [2026-05-12T14:34:08.448Z]  @firebase/firestore: Firestore (11.10.0): WebChannelConnection RPC 'Listen' stream 0x8f2ec6aa transport errored. Name: undefined Message: undefined @ http://localhost:9002/_next/static/chunks/node_modules_0d688b2b._.js:4455
[ 6763638ms] [ERROR] Failed to load resource: net::ERR_QUIC_PROTOCOL_ERROR.QUIC_PUBLIC_RESET @ https://firestore.googleapis.com/google.firestore.v1.Firestore/Listen/channel?gsessionid=nyxM8Y64yhWNzazkvEGBVG2nC3f9N1eb9AwPCqw3nnYpCP6w_WntSQ&VER=8&database=projects%2Fserenity-relax-joao%2Fdatabases%2F(default)&RID=rpc&SID=U5BKMwiGEwkaOHdZWOPNIQ&AID=25&CI=0&TYPE=xmlhttp&zx=8ws7z1pnohuq&t=1:0
[ 6763702ms] [ERROR] Failed to load resource: the server responded with a status of 400 () @ https://firestore.googleapis.com/google.firestore.v1.Firestore/Listen/channel?gsessionid=nyxM8Y64yhWNzazkvEGBVG2nC3f9N1eb9AwPCqw3nnYpCP6w_WntSQ&VER=8&database=projects%2Fserenity-relax-joao%2Fdatabases%2F(default)&RID=rpc&SID=U5BKMwiGEwkaOHdZWOPNIQ&AID=26&CI=0&TYPE=xmlhttp&zx=6345wqwsdwkc&t=1:0
[ 6763706ms] [WARNING] [2026-05-12T14:52:17.144Z]  @firebase/firestore: Firestore (11.10.0): WebChannelConnection RPC 'Listen' stream 0x8f2ec6ab transport errored. Name: undefined Message: undefined @ http://localhost:9002/_next/static/chunks/node_modules_0d688b2b._.js:4455
[ 6961292ms] [ERROR] Failed to load resource: net::ERR_QUIC_PROTOCOL_ERROR.QUIC_TOO_MANY_RTOS @ https://firestore.googleapis.com/google.firestore.v1.Firestore/Listen/channel?gsessionid=PHiXzvig6zbieN1gN2H0_onazz16rA9Xim2vVfU3O0crdSk4KqBvVg&VER=8&database=projects%2Fserenity-relax-joao%2Fdatabases%2F(default)&RID=rpc&SID=pPNKyeaVUlc5PbYre3aU9g&AID=14&CI=0&TYPE=xmlhttp&zx=ck2qfu8mshn&t=1:0
[ 6961656ms] [ERROR] Failed to load resource: the server responded with a status of 400 () @ https://firestore.googleapis.com/google.firestore.v1.Firestore/Listen/channel?gsessionid=PHiXzvig6zbieN1gN2H0_onazz16rA9Xim2vVfU3O0crdSk4KqBvVg&VER=8&database=projects%2Fserenity-relax-joao%2Fdatabases%2F(default)&RID=rpc&SID=pPNKyeaVUlc5PbYre3aU9g&AID=15&CI=0&TYPE=xmlhttp&zx=pv5wr8fmwwwm&t=1:0
[ 6961681ms] [WARNING] [2026-05-12T14:55:35.115Z]  @firebase/firestore: Firestore (11.10.0): WebChannelConnection RPC 'Listen' stream 0x8f2ec6ac transport errored. Name: undefined Message: undefined @ http://localhost:9002/_next/static/chunks/node_modules_0d688b2b._.js:4455
[ 7079116ms] [WARNING] Detected `scroll-behavior: smooth` on the `<html>` element. In a future version, Next.js will no longer automatically disable smooth scrolling during route transitions. To prepare for this change, add `data-scroll-behavior="smooth"` to your <html> element. Learn more: https://nextjs.org/docs/messages/missing-data-scroll-behavior @ http://localhost:9002/_next/static/chunks/node_modules_next_dist_b0daae9a._.js:968
[ 7085105ms] [INFO] %cDownload the React DevTools for a better development experience: https://react.dev/link/react-devtools font-weight:bold @ http://localhost:9002/_next/static/chunks/node_modules_next_dist_compiled_react-dom_1e674e59._.js:14537
[ 7085444ms] [LOG] [Fast Refresh] rebuilding @ http://localhost:9002/_next/static/chunks/node_modules_next_dist_client_cf1d9188._.js:5949
[ 7085555ms] [LOG] [Fast Refresh] done in 213ms @ http://localhost:9002/_next/static/chunks/node_modules_next_dist_client_cf1d9188._.js:5809
[ 7085775ms] [LOG] [Fast Refresh] rebuilding @ http://localhost:9002/_next/static/chunks/node_modules_next_dist_client_cf1d9188._.js:5949
[ 7085777ms] [LOG] [Fast Refresh] done in 201ms @ http://localhost:9002/_next/static/chunks/node_modules_next_dist_client_cf1d9188._.js:5809
[ 7085839ms] [WARNING] Detected `scroll-behavior: smooth` on the `<html>` element. In a future version, Next.js will no longer automatically disable smooth scrolling during route transitions. To prepare for this change, add `data-scroll-behavior="smooth"` to your <html> element. Learn more: https://nextjs.org/docs/messages/missing-data-scroll-behavior @ http://localhost:9002/_next/static/chunks/node_modules_next_dist_b0daae9a._.js:968
[ 7085893ms] [LOG] [Fast Refresh] rebuilding @ http://localhost:9002/_next/static/chunks/node_modules_next_dist_client_cf1d9188._.js:5949
[ 7085945ms] [LOG] [Fast Refresh] done in 153ms @ http://localhost:9002/_next/static/chunks/node_modules_next_dist_client_cf1d9188._.js:5809
[ 7097224ms] [INFO] %cDownload the React DevTools for a better development experience: https://react.dev/link/react-devtools font-weight:bold @ http://localhost:9002/_next/static/chunks/node_modules_next_dist_compiled_react-dom_1e674e59._.js:14537
[ 7107185ms] [LOG] [Fast Refresh] rebuilding @ http://localhost:9002/_next/static/chunks/node_modules_next_dist_client_cf1d9188._.js:5949
[ 7107253ms] [LOG] [Fast Refresh] done in 170ms @ http://localhost:9002/_next/static/chunks/node_modules_next_dist_client_cf1d9188._.js:5809
[ 7254489ms] [LOG] [Fast Refresh] rebuilding @ http://localhost:9002/_next/static/chunks/node_modules_next_dist_client_cf1d9188._.js:5949
[ 7255549ms] [LOG] [Fast Refresh] done in 1086ms @ http://localhost:9002/_next/static/chunks/node_modules_next_dist_client_cf1d9188._.js:5809
[ 7255821ms] [LOG] [Fast Refresh] rebuilding @ http://localhost:9002/_next/static/chunks/node_modules_next_dist_client_cf1d9188._.js:5949
[ 7257571ms] [LOG] [Fast Refresh] done in 1850ms @ http://localhost:9002/_next/static/chunks/node_modules_next_dist_client_cf1d9188._.js:5809
[ 7491299ms] [LOG] [Fast Refresh] rebuilding @ http://localhost:9002/_next/static/chunks/node_modules_next_dist_client_cf1d9188._.js:5949
[ 7491888ms] [LOG] [Fast Refresh] done in 647ms @ http://localhost:9002/_next/static/chunks/node_modules_next_dist_client_cf1d9188._.js:5809
[ 7514046ms] [LOG] [Fast Refresh] rebuilding @ http://localhost:9002/_next/static/chunks/node_modules_next_dist_client_cf1d9188._.js:5949
[ 7514129ms] [LOG] [Fast Refresh] done in 184ms @ http://localhost:9002/_next/static/chunks/node_modules_next_dist_client_cf1d9188._.js:5809
[ 7517557ms] [INFO] %cDownload the React DevTools for a better development experience: https://react.dev/link/react-devtools font-weight:bold @ http://localhost:9002/_next/static/chunks/node_modules_next_dist_compiled_react-dom_1e674e59._.js:14537
[ 7517850ms] [LOG] [Fast Refresh] rebuilding @ http://localhost:9002/_next/static/chunks/node_modules_next_dist_client_cf1d9188._.js:5949
[ 7517932ms] [LOG] [Fast Refresh] done in 183ms @ http://localhost:9002/_next/static/chunks/node_modules_next_dist_client_cf1d9188._.js:5809
[ 7584935ms] [LOG] [Fast Refresh] rebuilding @ http://localhost:9002/_next/static/chunks/node_modules_next_dist_client_cf1d9188._.js:5949
[ 7584972ms] [LOG] [Fast Refresh] done in 140ms @ http://localhost:9002/_next/static/chunks/node_modules_next_dist_client_cf1d9188._.js:5809
[ 7638065ms] [LOG] [Fast Refresh] rebuilding @ http://localhost:9002/_next/static/chunks/node_modules_next_dist_client_cf1d9188._.js:5949
[ 7638599ms] [LOG] [Fast Refresh] done in 616ms @ http://localhost:9002/_next/static/chunks/node_modules_next_dist_client_cf1d9188._.js:5809
[ 7650506ms] [LOG] [Fast Refresh] rebuilding @ http://localhost:9002/_next/static/chunks/node_modules_next_dist_client_cf1d9188._.js:5949
[ 7650595ms] [LOG] [Fast Refresh] done in 190ms @ http://localhost:9002/_next/static/chunks/node_modules_next_dist_client_cf1d9188._.js:5809
[ 7650627ms] [WARNING] Detected `scroll-behavior: smooth` on the `<html>` element. In a future version, Next.js will no longer automatically disable smooth scrolling during route transitions. To prepare for this change, add `data-scroll-behavior="smooth"` to your <html> element. Learn more: https://nextjs.org/docs/messages/missing-data-scroll-behavior @ http://localhost:9002/_next/static/chunks/node_modules_next_dist_b0daae9a._.js:968
[ 7658430ms] [ERROR] Cross-Origin-Opener-Policy policy would block the window.close call. @ http://localhost:9002/_next/static/chunks/node_modules_%40firebase_auth_dist_esm2017_b45f2044._.js:10038
[ 7658431ms] [ERROR] Cross-Origin-Opener-Policy policy would block the window.close call. @ http://localhost:9002/_next/static/chunks/node_modules_%40firebase_auth_dist_esm2017_b45f2044._.js:10038
[ 8572511ms] [LOG] [Fast Refresh] rebuilding @ http://localhost:9002/_next/static/chunks/node_modules_next_dist_client_cf1d9188._.js:5949
[ 8572615ms] [LOG] [Fast Refresh] done in 206ms @ http://localhost:9002/_next/static/chunks/node_modules_next_dist_client_cf1d9188._.js:5809
[ 8572984ms] [INFO] %cDownload the React DevTools for a better development experience: https://react.dev/link/react-devtools font-weight:bold @ http://localhost:9002/_next/static/chunks/node_modules_next_dist_compiled_react-dom_1e674e59._.js:14537
[ 8573236ms] [LOG] [Fast Refresh] rebuilding @ http://localhost:9002/_next/static/chunks/node_modules_next_dist_client_cf1d9188._.js:5949
[ 8573367ms] [WARNING] Detected `scroll-behavior: smooth` on the `<html>` element. In a future version, Next.js will no longer automatically disable smooth scrolling during route transitions. To prepare for this change, add `data-scroll-behavior="smooth"` to your <html> element. Learn more: https://nextjs.org/docs/messages/missing-data-scroll-behavior @ http://localhost:9002/_next/static/chunks/node_modules_next_dist_b0daae9a._.js:968
[ 8573398ms] [LOG] [Fast Refresh] done in 263ms @ http://localhost:9002/_next/static/chunks/node_modules_next_dist_client_cf1d9188._.js:5809
[ 8573525ms] [LOG] [Fast Refresh] rebuilding @ http://localhost:9002/_next/static/chunks/node_modules_next_dist_client_cf1d9188._.js:5949
[ 8573627ms] [LOG] [Fast Refresh] done in 203ms @ http://localhost:9002/_next/static/chunks/node_modules_next_dist_client_cf1d9188._.js:5809
[ 8618023ms] [LOG] [Fast Refresh] rebuilding @ http://localhost:9002/_next/static/chunks/node_modules_next_dist_client_cf1d9188._.js:5949
[ 8618544ms] [LOG] [Fast Refresh] done in 602ms @ http://localhost:9002/_next/static/chunks/node_modules_next_dist_client_cf1d9188._.js:5809
[ 8716786ms] [LOG] [Fast Refresh] rebuilding @ http://localhost:9002/_next/static/chunks/node_modules_next_dist_client_cf1d9188._.js:5949
[ 8717231ms] [LOG] [Fast Refresh] done in 534ms @ http://localhost:9002/_next/static/chunks/node_modules_next_dist_client_cf1d9188._.js:5809
[ 8743036ms] [LOG] [Fast Refresh] rebuilding @ http://localhost:9002/_next/static/chunks/node_modules_next_dist_client_cf1d9188._.js:5949
[ 8743080ms] [LOG] [Fast Refresh] done in 144ms @ http://localhost:9002/_next/static/chunks/node_modules_next_dist_client_cf1d9188._.js:5809
[ 8754507ms] [ERROR] Cross-Origin-Opener-Policy policy would block the window.close call. @ http://localhost:9002/_next/static/chunks/node_modules_%40firebase_auth_dist_esm2017_b45f2044._.js:10038
[ 8754507ms] [ERROR] Cross-Origin-Opener-Policy policy would block the window.close call. @ http://localhost:9002/_next/static/chunks/node_modules_%40firebase_auth_dist_esm2017_b45f2044._.js:10038
[ 8754708ms] [LOG] [Fast Refresh] rebuilding @ http://localhost:9002/_next/static/chunks/node_modules_next_dist_client_cf1d9188._.js:5949
[ 8754711ms] [LOG] [Fast Refresh] done in 104ms @ http://localhost:9002/_next/static/chunks/node_modules_next_dist_client_cf1d9188._.js:5809
