[    4365ms] [WARNING] No `HydrateFallback` element provided to render during initial hydration @ https://app-companion-430619.appspot.com/assets/chunk-UIGDSWPH-DWpPGu-C.js:0
[    4780ms] [ERROR] {"stack":"RpcError\n    at new _.qP (https://www.gstatic.com/_/mss/boq-pitchfork/_/js/k=boq-pitchfork.Nemo.fr.dTjKjzIn9YQ.2018.O/ck=boq-pitchfork.Nemo.sC-wSm4gdXk.L.B1.O/d=1/exm=_b/excm=_b/ed=1/br=1/wt=2/ujg=1/rs=AFTLRiesH77YaraBJhBBYpF_JfJG4c64Rw/ee=Pjplud:PoEs9b;QGR0gd:Mlhmy;ScI3Yc:e7Hzgb;YIZmRd:A1yn5d;cEt90b:ws9Tlc;dowIGb:ebZ3mb/dti=1/m=oxe1Cc:193:113)\n    at _.SQ.G (https://www.gstatic.com/_/mss/boq-pitchfork/_/js/k=boq-pitchfork.Nemo.fr.dTjKjzIn9YQ.2018.O/ck=boq-pitchfork.Nemo.sC-wSm4gdXk.L.B1.O/d=1/exm=_b/excm=_b/ed=1/br=1/wt=2/ujg=1/rs=AFTLRiesH77YaraBJhBBYpF_JfJG4c64Rw/ee=Pjplud:PoEs9b;QGR0gd:Mlhmy;ScI3Yc:e7Hzgb;YIZmRd:A1yn5d;cEt90b:ws9Tlc;dowIGb:ebZ3mb/dti=1/m=oxe1Cc:199:297)\n    at https://www.gstatic.com/_/mss/boq-pitchfork/_/js/k=boq-pitchfork.Nemo.fr.dTjKjzIn9YQ.2018.O/ck=boq-pitchfork.Nemo.sC-wSm4gdXk.L.B1.O/d=1/exm=_b/excm=_b/ed=1/br=1/wt=2/ujg=1/rs=AFTLRiesH77YaraBJhBBYpF_JfJG4c64Rw/ee=Pjplud:PoEs9b;QGR0gd:Mlhmy;ScI3Yc:e7Hzgb;YIZmRd:A1yn5d;cEt90b:ws9Tlc;dowIGb:ebZ3mb/dti=1/m=oxe1Cc:183:213\n    at _.wL (https://www.gstatic.com/_/mss/boq-pitchfork/_/js/k=boq-pitchfork.Nemo.fr.dTjKjzIn9YQ.2018.O/ck=boq-pitchfork.Nemo.sC-wSm4gdXk.L.B1.O/d=1/exm=_b/excm=_b/ed=1/br=1/wt=2/ujg=1/rs=AFTLRiesH77YaraBJhBBYpF_JfJG4c64Rw/ee=Pjplud:PoEs9b;QGR0gd:Mlhmy;ScI3Yc:e7Hzgb;YIZmRd:A1yn5d;cEt90b:ws9Tlc;dowIGb:ebZ3mb/dti=1/m=oxe1Cc:123:115)\n    at eQ (https://www.gstatic.com/_/mss/boq-pitchfork/_/js/k=boq-pitchfork.Nemo.fr.dTjKjzIn9YQ.2018.O/ck=boq-pitchfork.Nemo.sC-wSm4gdXk.L.B1.O/d=1/exm=_b/excm=_b/ed=1/br=1/wt=2/ujg=1/rs=AFTLRiesH77YaraBJhBBYpF_JfJG4c64Rw/ee=Pjplud:PoEs9b;QGR0gd:Mlhmy;ScI3Yc:e7Hzgb;YIZmRd:A1yn5d;cEt90b:ws9Tlc;dowIGb:ebZ3mb/dti=1/m=oxe1Cc:183:131)\n    at b.im (https://www.gstatic.com/_/mss/boq-pitchfork/_/js/k=boq-pitchfork.Nemo.fr.dTjKjzIn9YQ.2018.O/ck=boq-pitchfork.Nemo.sC-wSm4gdXk.L.B1.O/d=1/exm=_b/excm=_b/ed=1/br=1/wt=2/ujg=1/rs=AFTLRiesH77YaraBJhBBYpF_JfJG4c64Rw/ee=Pjplud:PoEs9b;QGR0gd:Mlhmy;ScI3Yc:e7Hzgb;YIZmRd:A1yn5d;cEt90b:ws9Tlc;dowIGb:ebZ3mb/dti=1/m=oxe1Cc:184:407)\n    at NN (https://www.gstatic.com/_/mss/boq-pitchfork/_/js/k=boq-pitchfork.Nemo.fr.dTjKjzIn9YQ.2018.O/ck=boq-pitchfork.Nemo.sC-wSm4gdXk.L.B1.O/d=1/exm=_b/excm=_b/ed=1/br=1/wt=2/ujg=1/rs=AFTLRiesH77YaraBJhBBYpF_JfJG4c64Rw/ee=Pjplud:PoEs9b;QGR0gd:Mlhmy;ScI3Yc:e7Hzgb;YIZmRd:A1yn5d;cEt90b:ws9Tlc;dowIGb:ebZ3mb/dti=1/m=oxe1Cc:51:129)\n    at xO (https://www.gstatic.com/_/mss/boq-pitchfork/_/js/k=boq-pitchfork.Nemo.fr.dTjKjzIn9YQ.2018.O/ck=boq-pitchfork.Nemo.sC-wSm4gdXk.L.B1.O/d=1/exm=_b/excm=_b/ed=1/br=1/wt=2/ujg=1/rs=AFTLRiesH77YaraBJhBBYpF_JfJG4c64Rw/ee=Pjplud:PoEs9b;QGR0gd:Mlhmy;ScI3Yc:e7Hzgb;YIZmRd:A1yn5d;cEt90b:ws9Tlc;dowIGb:ebZ3mb/dti=1/m=oxe1Cc:64:421)\n    at tN.J (https://www.gstatic.com/_/mss/boq-pitchfork/_/js/k=boq-pitchfork.Nemo.fr.dTjKjzIn9YQ.2018.O/ck=boq-pitchfork.Nemo.sC-wSm4gdXk.L.B1.O/d=1/exm=_b/excm=_b/ed=1/br=1/wt=2/ujg=1/rs=AFTLRiesH77YaraBJhBBYpF_JfJG4c64Rw/ee=Pjplud:PoEs9b;QGR0gd:Mlhmy;ScI3Yc:e7Hzgb;YIZmRd:A1yn5d;cEt90b:ws9Tlc;dowIGb:ebZ3mb/dti=1/m=oxe1Cc:63:86)\n    at tN.va (https://www.gstatic.com/_/mss/boq-pitchfork/_/js/k=boq-pitchfork.Nemo.fr.dTjKjzIn9YQ.2018.O/ck=boq-pitchfork.Nemo.sC-wSm4gdXk.L.B1.O/d=1/exm=_b/excm=_b/ed=1/br=1/wt=2/ujg=1/rs=AFTLRiesH77YaraBJhBBYpF_JfJG4c64Rw/ee=Pjplud:PoEs9b;QGR0gd:Mlhmy;ScI3Yc:e7Hzgb;YIZmRd:A1yn5d;cEt90b:ws9Tlc;dowIGb:ebZ3mb/dti=1/m=oxe1Cc:61:221)","A":false,"status":[7]} @ https://www.gstatic.com/_/mss/boq-pitchfork/_/js/k=boq-pitchfork.Nemo.fr.dTjKjzIn9YQ.2018.O/ck=boq-pitchfork.Nemo.sC-wSm4gdXk.L.B1.O/d=1/exm=_b/excm=_b/ed=1/br=1/wt=2/ujg=1/rs=AFTLRiesH77YaraBJhBBYpF_JfJG4c64Rw/ee=Pjplud:PoEs9b;QGR0gd:Mlhmy;ScI3Yc:e7Hzgb;YIZmRd:A1yn5d;cEt90b:ws9Tlc;dowIGb:ebZ3mb/dti=1/m=oxe1Cc:722
[   34469ms] [WARNING] cdn.tailwindcss.com should not be used in production. To use Tailwind CSS in production, install it as a PostCSS plugin or use the Tailwind CLI: https://tailwindcss.com/docs/installation @ https://cdn.tailwindcss.com/?plugins=forms,container-queries:63
[   34538ms] [WARNING] cdn.tailwindcss.com should not be used in production. To use Tailwind CSS in production, install it as a PostCSS plugin or use the Tailwind CLI: https://tailwindcss.com/docs/installation @ https://cdn.tailwindcss.com/?plugins=forms,container-queries:63
[   34549ms] [WARNING] cdn.tailwindcss.com should not be used in production. To use Tailwind CSS in production, install it as a PostCSS plugin or use the Tailwind CLI: https://tailwindcss.com/docs/installation @ https://cdn.tailwindcss.com/?plugins=forms,container-queries:63
[   82639ms] [WARNING] cdn.tailwindcss.com should not be used in production. To use Tailwind CSS in production, install it as a PostCSS plugin or use the Tailwind CLI: https://tailwindcss.com/docs/installation @ https://cdn.tailwindcss.com/?plugins=forms,container-queries:63
[   87845ms] [WARNING] cdn.tailwindcss.com should not be used in production. To use Tailwind CSS in production, install it as a PostCSS plugin or use the Tailwind CLI: https://tailwindcss.com/docs/installation @ https://cdn.tailwindcss.com/?plugins=forms,container-queries:63
[  132351ms] [WARNING] cdn.tailwindcss.com should not be used in production. To use Tailwind CSS in production, install it as a PostCSS plugin or use the Tailwind CLI: https://tailwindcss.com/docs/installation @ https://cdn.tailwindcss.com/?plugins=forms,container-queries:63
[  329152ms] [WARNING] cdn.tailwindcss.com should not be used in production. To use Tailwind CSS in production, install it as a PostCSS plugin or use the Tailwind CLI: https://tailwindcss.com/docs/installation @ https://cdn.tailwindcss.com/?plugins=forms,container-queries:63
[  334083ms] [WARNING] cdn.tailwindcss.com should not be used in production. To use Tailwind CSS in production, install it as a PostCSS plugin or use the Tailwind CLI: https://tailwindcss.com/docs/installation @ https://cdn.tailwindcss.com/?plugins=forms,container-queries:63
[  336530ms] [WARNING] [SSOT] Zero dimensions detected in UPDATE_INSTANCE: {id: 6e237e7f968c432b845b484d682503fd, updates: Object} @ https://app-companion-430619.appspot.com/assets/util-3yhihYHb.js:433
[  349575ms] [WARNING] [SSOT] Zero dimensions detected in UPDATE_INSTANCE: {id: 04a6fb78a53d4b459bc6177bc2285b79, updates: Object} @ https://app-companion-430619.appspot.com/assets/util-3yhihYHb.js:433
[  355284ms] [WARNING] cdn.tailwindcss.com should not be used in production. To use Tailwind CSS in production, install it as a PostCSS plugin or use the Tailwind CLI: https://tailwindcss.com/docs/installation @ https://cdn.tailwindcss.com/?plugins=forms,container-queries:63
[  429010ms] [WARNING] cdn.tailwindcss.com should not be used in production. To use Tailwind CSS in production, install it as a PostCSS plugin or use the Tailwind CLI: https://tailwindcss.com/docs/installation @ https://cdn.tailwindcss.com/?plugins=forms,container-queries:63
[  463287ms] [WARNING] cdn.tailwindcss.com should not be used in production. To use Tailwind CSS in production, install it as a PostCSS plugin or use the Tailwind CLI: https://tailwindcss.com/docs/installation @ https://cdn.tailwindcss.com/?plugins=forms,container-queries:63
[  497381ms] [WARNING] cdn.tailwindcss.com should not be used in production. To use Tailwind CSS in production, install it as a PostCSS plugin or use the Tailwind CLI: https://tailwindcss.com/docs/installation @ https://cdn.tailwindcss.com/?plugins=forms,container-queries:63
[  498434ms] [WARNING] cdn.tailwindcss.com should not be used in production. To use Tailwind CSS in production, install it as a PostCSS plugin or use the Tailwind CLI: https://tailwindcss.com/docs/installation @ https://cdn.tailwindcss.com/?plugins=forms,container-queries:63
[  815481ms] [WARNING] cdn.tailwindcss.com should not be used in production. To use Tailwind CSS in production, install it as a PostCSS plugin or use the Tailwind CLI: https://tailwindcss.com/docs/installation @ https://cdn.tailwindcss.com/?plugins=forms,container-queries:63
[  922382ms] [WARNING] cdn.tailwindcss.com should not be used in production. To use Tailwind CSS in production, install it as a PostCSS plugin or use the Tailwind CLI: https://tailwindcss.com/docs/installation @ https://cdn.tailwindcss.com/?plugins=forms,container-queries:63
[  924790ms] [WARNING] cdn.tailwindcss.com should not be used in production. To use Tailwind CSS in production, install it as a PostCSS plugin or use the Tailwind CLI: https://tailwindcss.com/docs/installation @ https://cdn.tailwindcss.com/?plugins=forms,container-queries:63
[ 1011058ms] [WARNING] cdn.tailwindcss.com should not be used in production. To use Tailwind CSS in production, install it as a PostCSS plugin or use the Tailwind CLI: https://tailwindcss.com/docs/installation @ https://cdn.tailwindcss.com/?plugins=forms,container-queries:63
[ 1021978ms] [WARNING] cdn.tailwindcss.com should not be used in production. To use Tailwind CSS in production, install it as a PostCSS plugin or use the Tailwind CLI: https://tailwindcss.com/docs/installation @ https://cdn.tailwindcss.com/?plugins=forms,container-queries:63
[ 1022940ms] [WARNING] cdn.tailwindcss.com should not be used in production. To use Tailwind CSS in production, install it as a PostCSS plugin or use the Tailwind CLI: https://tailwindcss.com/docs/installation @ https://cdn.tailwindcss.com/?plugins=forms,container-queries:63
[ 1093919ms] [WARNING] cdn.tailwindcss.com should not be used in production. To use Tailwind CSS in production, install it as a PostCSS plugin or use the Tailwind CLI: https://tailwindcss.com/docs/installation @ https://cdn.tailwindcss.com/?plugins=forms,container-queries:63
[ 1097810ms] [WARNING] cdn.tailwindcss.com should not be used in production. To use Tailwind CSS in production, install it as a PostCSS plugin or use the Tailwind CLI: https://tailwindcss.com/docs/installation @ https://cdn.tailwindcss.com/?plugins=forms,container-queries:63
[ 1097854ms] [WARNING] cdn.tailwindcss.com should not be used in production. To use Tailwind CSS in production, install it as a PostCSS plugin or use the Tailwind CLI: https://tailwindcss.com/docs/installation @ https://cdn.tailwindcss.com/?plugins=forms,container-queries:63
[ 1098419ms] [WARNING] cdn.tailwindcss.com should not be used in production. To use Tailwind CSS in production, install it as a PostCSS plugin or use the Tailwind CLI: https://tailwindcss.com/docs/installation @ https://cdn.tailwindcss.com/?plugins=forms,container-queries:63
[ 1563585ms] [WARNING] cdn.tailwindcss.com should not be used in production. To use Tailwind CSS in production, install it as a PostCSS plugin or use the Tailwind CLI: https://tailwindcss.com/docs/installation @ https://cdn.tailwindcss.com/?plugins=forms,container-queries:63
[ 1563600ms] [WARNING] cdn.tailwindcss.com should not be used in production. To use Tailwind CSS in production, install it as a PostCSS plugin or use the Tailwind CLI: https://tailwindcss.com/docs/installation @ https://cdn.tailwindcss.com/?plugins=forms,container-queries:63
[ 1563605ms] [WARNING] cdn.tailwindcss.com should not be used in production. To use Tailwind CSS in production, install it as a PostCSS plugin or use the Tailwind CLI: https://tailwindcss.com/docs/installation @ https://cdn.tailwindcss.com/?plugins=forms,container-queries:63
[ 1563990ms] [WARNING] cdn.tailwindcss.com should not be used in production. To use Tailwind CSS in production, install it as a PostCSS plugin or use the Tailwind CLI: https://tailwindcss.com/docs/installation @ https://cdn.tailwindcss.com/?plugins=forms,container-queries:63
[ 1564350ms] [WARNING] cdn.tailwindcss.com should not be used in production. To use Tailwind CSS in production, install it as a PostCSS plugin or use the Tailwind CLI: https://tailwindcss.com/docs/installation @ https://cdn.tailwindcss.com/?plugins=forms,container-queries:63
[ 1567907ms] [WARNING] cdn.tailwindcss.com should not be used in production. To use Tailwind CSS in production, install it as a PostCSS plugin or use the Tailwind CLI: https://tailwindcss.com/docs/installation @ https://cdn.tailwindcss.com/?plugins=forms,container-queries:63
[ 1815584ms] [WARNING] cdn.tailwindcss.com should not be used in production. To use Tailwind CSS in production, install it as a PostCSS plugin or use the Tailwind CLI: https://tailwindcss.com/docs/installation @ https://cdn.tailwindcss.com/?plugins=forms,container-queries:63
[ 1996571ms] [WARNING] cdn.tailwindcss.com should not be used in production. To use Tailwind CSS in production, install it as a PostCSS plugin or use the Tailwind CLI: https://tailwindcss.com/docs/installation @ https://cdn.tailwindcss.com/?plugins=forms,container-queries:63
[ 1997483ms] [WARNING] cdn.tailwindcss.com should not be used in production. To use Tailwind CSS in production, install it as a PostCSS plugin or use the Tailwind CLI: https://tailwindcss.com/docs/installation @ https://cdn.tailwindcss.com/?plugins=forms,container-queries:63
[ 1997646ms] [WARNING] cdn.tailwindcss.com should not be used in production. To use Tailwind CSS in production, install it as a PostCSS plugin or use the Tailwind CLI: https://tailwindcss.com/docs/installation @ https://cdn.tailwindcss.com/?plugins=forms,container-queries:63
[ 1997648ms] [WARNING] cdn.tailwindcss.com should not be used in production. To use Tailwind CSS in production, install it as a PostCSS plugin or use the Tailwind CLI: https://tailwindcss.com/docs/installation @ https://cdn.tailwindcss.com/?plugins=forms,container-queries:63
[ 1998026ms] [WARNING] cdn.tailwindcss.com should not be used in production. To use Tailwind CSS in production, install it as a PostCSS plugin or use the Tailwind CLI: https://tailwindcss.com/docs/installation @ https://cdn.tailwindcss.com/?plugins=forms,container-queries:63
[ 2001368ms] [WARNING] cdn.tailwindcss.com should not be used in production. To use Tailwind CSS in production, install it as a PostCSS plugin or use the Tailwind CLI: https://tailwindcss.com/docs/installation @ https://cdn.tailwindcss.com/?plugins=forms,container-queries:63
[ 2001576ms] [WARNING] cdn.tailwindcss.com should not be used in production. To use Tailwind CSS in production, install it as a PostCSS plugin or use the Tailwind CLI: https://tailwindcss.com/docs/installation @ https://cdn.tailwindcss.com/?plugins=forms,container-queries:63
[ 2035103ms] [WARNING] cdn.tailwindcss.com should not be used in production. To use Tailwind CSS in production, install it as a PostCSS plugin or use the Tailwind CLI: https://tailwindcss.com/docs/installation @ https://cdn.tailwindcss.com/?plugins=forms,container-queries:63
[ 2037783ms] [WARNING] cdn.tailwindcss.com should not be used in production. To use Tailwind CSS in production, install it as a PostCSS plugin or use the Tailwind CLI: https://tailwindcss.com/docs/installation @ https://cdn.tailwindcss.com/?plugins=forms,container-queries:63
[ 2037785ms] [WARNING] cdn.tailwindcss.com should not be used in production. To use Tailwind CSS in production, install it as a PostCSS plugin or use the Tailwind CLI: https://tailwindcss.com/docs/installation @ https://cdn.tailwindcss.com/?plugins=forms,container-queries:63
[ 2037787ms] [WARNING] cdn.tailwindcss.com should not be used in production. To use Tailwind CSS in production, install it as a PostCSS plugin or use the Tailwind CLI: https://tailwindcss.com/docs/installation @ https://cdn.tailwindcss.com/?plugins=forms,container-queries:63
[ 2038009ms] [WARNING] cdn.tailwindcss.com should not be used in production. To use Tailwind CSS in production, install it as a PostCSS plugin or use the Tailwind CLI: https://tailwindcss.com/docs/installation @ https://cdn.tailwindcss.com/?plugins=forms,container-queries:63
[ 2038011ms] [WARNING] cdn.tailwindcss.com should not be used in production. To use Tailwind CSS in production, install it as a PostCSS plugin or use the Tailwind CLI: https://tailwindcss.com/docs/installation @ https://cdn.tailwindcss.com/?plugins=forms,container-queries:63
[ 2038363ms] [WARNING] cdn.tailwindcss.com should not be used in production. To use Tailwind CSS in production, install it as a PostCSS plugin or use the Tailwind CLI: https://tailwindcss.com/docs/installation @ https://cdn.tailwindcss.com/?plugins=forms,container-queries:63
[ 2121269ms] [WARNING] cdn.tailwindcss.com should not be used in production. To use Tailwind CSS in production, install it as a PostCSS plugin or use the Tailwind CLI: https://tailwindcss.com/docs/installation @ https://cdn.tailwindcss.com/?plugins=forms,container-queries:63
[ 2123278ms] [WARNING] cdn.tailwindcss.com should not be used in production. To use Tailwind CSS in production, install it as a PostCSS plugin or use the Tailwind CLI: https://tailwindcss.com/docs/installation @ https://cdn.tailwindcss.com/?plugins=forms,container-queries:63
[ 2127216ms] [WARNING] cdn.tailwindcss.com should not be used in production. To use Tailwind CSS in production, install it as a PostCSS plugin or use the Tailwind CLI: https://tailwindcss.com/docs/installation @ https://cdn.tailwindcss.com/?plugins=forms,container-queries:63
[ 2127711ms] [ERROR] Failed to load resource: the server responded with a status of 404 () @ https://fonts.cdnfonts.com/s/77382/CalSans-SemiBold.woff:0
[ 2127711ms] [ERROR] Failed to load resource: the server responded with a status of 404 () @ https://fonts.cdnfonts.com/s/77382/CalSans-SemiBold.woff:0
[ 2130055ms] [WARNING] cdn.tailwindcss.com should not be used in production. To use Tailwind CSS in production, install it as a PostCSS plugin or use the Tailwind CLI: https://tailwindcss.com/docs/installation @ https://cdn.tailwindcss.com/?plugins=forms,container-queries:63
[ 2134825ms] [WARNING] [SSOT] Zero dimensions detected in UPDATE_INSTANCE: {id: ffe3aa991ff94b6680e5fa8f8c310847, updates: Object} @ https://app-companion-430619.appspot.com/assets/util-3yhihYHb.js:433
[ 2138676ms] [WARNING] [SSOT] Zero dimensions detected in UPDATE_INSTANCE: {id: f053816780134a9c9183fe13dd48e830, updates: Object} @ https://app-companion-430619.appspot.com/assets/util-3yhihYHb.js:433
[ 2150800ms] [WARNING] [SSOT] Zero dimensions detected in UPDATE_INSTANCE: {id: 157c438704054d20844aeae952b83db8, updates: Object} @ https://app-companion-430619.appspot.com/assets/util-3yhihYHb.js:433
[ 2154869ms] [WARNING] [SSOT] Zero dimensions detected in UPDATE_INSTANCE: {id: 1a73961a91b94d7589ae406fc4afafa6, updates: Object} @ https://app-companion-430619.appspot.com/assets/util-3yhihYHb.js:433
[ 2127711ms] [ERROR] Failed to load resource: the server responded with a status of 404 () @ https://fonts.cdnfonts.com/s/77382/CalSans-SemiBold.woff:0
[ 2315630ms] [WARNING] cdn.tailwindcss.com should not be used in production. To use Tailwind CSS in production, install it as a PostCSS plugin or use the Tailwind CLI: https://tailwindcss.com/docs/installation @ https://cdn.tailwindcss.com/?plugins=forms,container-queries:63
[ 2360284ms] [WARNING] cdn.tailwindcss.com should not be used in production. To use Tailwind CSS in production, install it as a PostCSS plugin or use the Tailwind CLI: https://tailwindcss.com/docs/installation @ https://cdn.tailwindcss.com/?plugins=forms,container-queries:63
[ 2393993ms] [WARNING] cdn.tailwindcss.com should not be used in production. To use Tailwind CSS in production, install it as a PostCSS plugin or use the Tailwind CLI: https://tailwindcss.com/docs/installation @ https://cdn.tailwindcss.com/?plugins=forms,container-queries:63
[ 2394490ms] [WARNING] cdn.tailwindcss.com should not be used in production. To use Tailwind CSS in production, install it as a PostCSS plugin or use the Tailwind CLI: https://tailwindcss.com/docs/installation @ https://cdn.tailwindcss.com/?plugins=forms,container-queries:63
[ 2394523ms] [WARNING] cdn.tailwindcss.com should not be used in production. To use Tailwind CSS in production, install it as a PostCSS plugin or use the Tailwind CLI: https://tailwindcss.com/docs/installation @ https://cdn.tailwindcss.com/?plugins=forms,container-queries:63
[ 2394539ms] [WARNING] cdn.tailwindcss.com should not be used in production. To use Tailwind CSS in production, install it as a PostCSS plugin or use the Tailwind CLI: https://tailwindcss.com/docs/installation @ https://cdn.tailwindcss.com/?plugins=forms,container-queries:63
[ 2394567ms] [WARNING] cdn.tailwindcss.com should not be used in production. To use Tailwind CSS in production, install it as a PostCSS plugin or use the Tailwind CLI: https://tailwindcss.com/docs/installation @ https://cdn.tailwindcss.com/?plugins=forms,container-queries:63
[ 2399563ms] [WARNING] cdn.tailwindcss.com should not be used in production. To use Tailwind CSS in production, install it as a PostCSS plugin or use the Tailwind CLI: https://tailwindcss.com/docs/installation @ https://cdn.tailwindcss.com/?plugins=forms,container-queries:63
[ 2399629ms] [WARNING] cdn.tailwindcss.com should not be used in production. To use Tailwind CSS in production, install it as a PostCSS plugin or use the Tailwind CLI: https://tailwindcss.com/docs/installation @ https://cdn.tailwindcss.com/?plugins=forms,container-queries:63
[ 2598790ms] [WARNING] cdn.tailwindcss.com should not be used in production. To use Tailwind CSS in production, install it as a PostCSS plugin or use the Tailwind CLI: https://tailwindcss.com/docs/installation @ https://cdn.tailwindcss.com/?plugins=forms,container-queries:63
[ 2598804ms] [WARNING] cdn.tailwindcss.com should not be used in production. To use Tailwind CSS in production, install it as a PostCSS plugin or use the Tailwind CLI: https://tailwindcss.com/docs/installation @ https://cdn.tailwindcss.com/?plugins=forms,container-queries:63
[ 2599365ms] [WARNING] cdn.tailwindcss.com should not be used in production. To use Tailwind CSS in production, install it as a PostCSS plugin or use the Tailwind CLI: https://tailwindcss.com/docs/installation @ https://cdn.tailwindcss.com/?plugins=forms,container-queries:63
[ 2600957ms] [WARNING] cdn.tailwindcss.com should not be used in production. To use Tailwind CSS in production, install it as a PostCSS plugin or use the Tailwind CLI: https://tailwindcss.com/docs/installation @ https://cdn.tailwindcss.com/?plugins=forms,container-queries:63
[ 2600968ms] [WARNING] cdn.tailwindcss.com should not be used in production. To use Tailwind CSS in production, install it as a PostCSS plugin or use the Tailwind CLI: https://tailwindcss.com/docs/installation @ https://cdn.tailwindcss.com/?plugins=forms,container-queries:63
[ 2600985ms] [WARNING] cdn.tailwindcss.com should not be used in production. To use Tailwind CSS in production, install it as a PostCSS plugin or use the Tailwind CLI: https://tailwindcss.com/docs/installation @ https://cdn.tailwindcss.com/?plugins=forms,container-queries:63
[ 2602479ms] [WARNING] cdn.tailwindcss.com should not be used in production. To use Tailwind CSS in production, install it as a PostCSS plugin or use the Tailwind CLI: https://tailwindcss.com/docs/installation @ https://cdn.tailwindcss.com/?plugins=forms,container-queries:63
[ 2602881ms] [WARNING] cdn.tailwindcss.com should not be used in production. To use Tailwind CSS in production, install it as a PostCSS plugin or use the Tailwind CLI: https://tailwindcss.com/docs/installation @ https://cdn.tailwindcss.com/?plugins=forms,container-queries:63
[ 2637699ms] [WARNING] cdn.tailwindcss.com should not be used in production. To use Tailwind CSS in production, install it as a PostCSS plugin or use the Tailwind CLI: https://tailwindcss.com/docs/installation @ https://cdn.tailwindcss.com/?plugins=forms,container-queries:63
[ 2638601ms] [WARNING] cdn.tailwindcss.com should not be used in production. To use Tailwind CSS in production, install it as a PostCSS plugin or use the Tailwind CLI: https://tailwindcss.com/docs/installation @ https://cdn.tailwindcss.com/?plugins=forms,container-queries:63
[ 2641995ms] [WARNING] cdn.tailwindcss.com should not be used in production. To use Tailwind CSS in production, install it as a PostCSS plugin or use the Tailwind CLI: https://tailwindcss.com/docs/installation @ https://cdn.tailwindcss.com/?plugins=forms,container-queries:63
[ 2643392ms] [WARNING] cdn.tailwindcss.com should not be used in production. To use Tailwind CSS in production, install it as a PostCSS plugin or use the Tailwind CLI: https://tailwindcss.com/docs/installation @ https://cdn.tailwindcss.com/?plugins=forms,container-queries:63
[ 2644154ms] [WARNING] cdn.tailwindcss.com should not be used in production. To use Tailwind CSS in production, install it as a PostCSS plugin or use the Tailwind CLI: https://tailwindcss.com/docs/installation @ https://cdn.tailwindcss.com/?plugins=forms,container-queries:63
[ 2747959ms] [WARNING] cdn.tailwindcss.com should not be used in production. To use Tailwind CSS in production, install it as a PostCSS plugin or use the Tailwind CLI: https://tailwindcss.com/docs/installation @ https://cdn.tailwindcss.com/?plugins=forms,container-queries:63
[ 2747964ms] [WARNING] cdn.tailwindcss.com should not be used in production. To use Tailwind CSS in production, install it as a PostCSS plugin or use the Tailwind CLI: https://tailwindcss.com/docs/installation @ https://cdn.tailwindcss.com/?plugins=forms,container-queries:63
[ 2750579ms] [WARNING] cdn.tailwindcss.com should not be used in production. To use Tailwind CSS in production, install it as a PostCSS plugin or use the Tailwind CLI: https://tailwindcss.com/docs/installation @ https://cdn.tailwindcss.com/?plugins=forms,container-queries:63
[ 2750989ms] [WARNING] cdn.tailwindcss.com should not be used in production. To use Tailwind CSS in production, install it as a PostCSS plugin or use the Tailwind CLI: https://tailwindcss.com/docs/installation @ https://cdn.tailwindcss.com/?plugins=forms,container-queries:63
[ 2751062ms] [WARNING] cdn.tailwindcss.com should not be used in production. To use Tailwind CSS in production, install it as a PostCSS plugin or use the Tailwind CLI: https://tailwindcss.com/docs/installation @ https://cdn.tailwindcss.com/?plugins=forms,container-queries:63
[ 2751433ms] [WARNING] cdn.tailwindcss.com should not be used in production. To use Tailwind CSS in production, install it as a PostCSS plugin or use the Tailwind CLI: https://tailwindcss.com/docs/installation @ https://cdn.tailwindcss.com/?plugins=forms,container-queries:63
[ 2768736ms] [WARNING] cdn.tailwindcss.com should not be used in production. To use Tailwind CSS in production, install it as a PostCSS plugin or use the Tailwind CLI: https://tailwindcss.com/docs/installation @ https://cdn.tailwindcss.com/?plugins=forms,container-queries:63
[ 2844741ms] [WARNING] cdn.tailwindcss.com should not be used in production. To use Tailwind CSS in production, install it as a PostCSS plugin or use the Tailwind CLI: https://tailwindcss.com/docs/installation @ https://cdn.tailwindcss.com/?plugins=forms,container-queries:63
[ 2846716ms] [WARNING] cdn.tailwindcss.com should not be used in production. To use Tailwind CSS in production, install it as a PostCSS plugin or use the Tailwind CLI: https://tailwindcss.com/docs/installation @ https://cdn.tailwindcss.com/?plugins=forms,container-queries:63
[ 2848930ms] [WARNING] cdn.tailwindcss.com should not be used in production. To use Tailwind CSS in production, install it as a PostCSS plugin or use the Tailwind CLI: https://tailwindcss.com/docs/installation @ https://cdn.tailwindcss.com/?plugins=forms,container-queries:63
[ 2856736ms] [WARNING] [SSOT] Zero dimensions detected in UPDATE_INSTANCE: {id: c4b5e1472cdb47ce94f1d6298c344268, updates: Object} @ https://app-companion-430619.appspot.com/assets/util-3yhihYHb.js:433
[ 2863710ms] [WARNING] [SSOT] Zero dimensions detected in UPDATE_INSTANCE: {id: deca47d36e8a4317b0a8abe25c0a3a08, updates: Object} @ https://app-companion-430619.appspot.com/assets/util-3yhihYHb.js:433
[ 2872550ms] [WARNING] [SSOT] Zero dimensions detected in UPDATE_INSTANCE: {id: 28fd098ea93447efa8f55ef0d10b579d, updates: Object} @ https://app-companion-430619.appspot.com/assets/util-3yhihYHb.js:433
[ 2881578ms] [WARNING] cdn.tailwindcss.com should not be used in production. To use Tailwind CSS in production, install it as a PostCSS plugin or use the Tailwind CLI: https://tailwindcss.com/docs/installation @ https://cdn.tailwindcss.com/?plugins=forms,container-queries:63
[ 2883423ms] [WARNING] [SSOT] Zero dimensions detected in UPDATE_INSTANCE: {id: 6f0db302c141460983f72bfd7a6647e5, updates: Object} @ https://app-companion-430619.appspot.com/assets/util-3yhihYHb.js:433
