[       3ms] [LOG] previewlib v20210114 15:00 init @ https://mrgay.tube/upd/20260505.112448.7032/assets/previewl1b.20210114.1.js:10
[       8ms] [WARNING] [calendar] Spot with id 6568 was not found in AdManager config. @ https://mrgay.tube/livesmatter/holly7.10.13.0fb7b162dc610cc0dc6e80826a46ed92.js:0
[       9ms] [WARNING] [in_stream_ad] Spot with id 71115 was not found in AdManager config. @ https://mrgay.tube/livesmatter/holly7.10.13.0fb7b162dc610cc0dc6e80826a46ed92.js:0
[       9ms] [WARNING] [banner] Spot with id 24401 was not found in AdManager config. @ https://mrgay.tube/livesmatter/holly7.10.13.0fb7b162dc610cc0dc6e80826a46ed92.js:0
[      18ms] [LOG] isShow 333333 @ https://mrgay.tube/upd/20260505.112537.498713/static/assets/app.js:25
[      43ms] [LOG] else Script loaded successfully @ https://mrgay.tube/upd/20260505.112537.498713/static/assets/app.js:46
[      82ms] [LOG] [GA] Page /video/10499445/nasty-facials-vol-7/?campaign=10146 pageview success @ https://mrgay.tube/upd/20260505.112537.498713/static/assets/app.js:25
[     206ms] [WARNING] An iframe which has both allow-scripts and allow-same-origin for its sandbox attribute can escape its sandboxing. @ https://mrgay.tube/static/da/under_faphouse.html?url=aHR0cHM6Ly9maGd0ZS5jb20vZ2F5L3RvdXI/dXRtX2NhbXBhaWduPWFpLnpaWiZ1dG1fY29udGVudD1tcmdheS5jb21fdW5kZXJwbGF5ZXJfZG93bmxvYWRmbG93X2Rlc2t0b3Ama2V5d29yZHM9TmFzdHklMjBGYWNpYWxzJTIwVm9sLiUyMDc=&video_preview=Ly9tZ3ZwMS5tM3BkLmNvbS9jMS92aWRlb3MvMTA0OTkwMDAvMTA0OTk0NDUvMTA0OTk0NDVfdHIubXA0&desktop=aHR0cHM6Ly9jZG4tZmMuY29tL2NyZWF0aXZlcy91bml2ZXJzYWwvbmF0aXZlLz9zaXplPTcyOHg5MCZ1dG1fY2FtcGFpZ249YWkuelpaJnV0bV9jb250ZW50PW1yZ2F5LmNvbV83Mjh4OTBfdW5kZXJwbGF5ZXImZm9udF9jb2xvcj1mZmYmYmFja2dyb3VuZF9jb2xvcj0yRDMxM0Mmb3JpZW50YXRpb249Z2F5JmtleXdvcmRzPUFtYXRldXIsQmFyZWJhY2ssQmlnIENvY2ssQmxhY2ssQ29tcGlsYXRpb24sRGFkZHksSEQsSW50ZXJyYWNpYWwsTGF0aW4sT3V0ZG9vcixUd2luayw=&mobile=aHR0cHM6Ly9jZG4tZmMuY29tL2NyZWF0aXZlcy91bml2ZXJzYWwvbmF0aXZlLz9zaXplPTMwMHgxMDAmdXRtX2NhbXBhaWduPWFpLnpaWiZ1dG1fY29udGVudD1tcmdheS5jb21fMzAweDEwMF91bmRlcnBsYXllciZmb250X2NvbG9yPWZmZiZiYWNrZ3JvdW5kX2NvbG9yPTJEMzEzQyZvcmllbnRhdGlvbj1nYXkma2V5d29yZHM9QW1hdGV1cixCYXJlYmFjayxCaWcgQ29jayxCbGFjayxDb21waWxhdGlvbixEYWRkeSxIRCxJbnRlcnJhY2lhbCxMYXRpbixPdXRkb29yLFR3aW5rLA==:0
[     797ms] TypeError: Cannot read properties of null (reading 'appendChild')
    at setupTrafficStarsUnderplayer (https://mrgay.tube/video/10499445/nasty-facials-vol-7/?campaign=10146:663:54)
    at https://mrgay.tube/video/10499445/nasty-facials-vol-7/?campaign=10146:804:11
[     327ms] [ERROR] Failed to load resource: the server responded with a status of 400 () @ https://metricswpsh.com/in/track?data=eyJ3bCI6MSwic3ViaWQiOjg2NTM1MDk2LCJ1c2VyX2lkIjoiODc2NTk2ODgwMzg0OTgzOTAwMCIsInRpbWV6b25lIjoyLCJ2ZXIiOiIyLjQ3LjAiLCJ0YWdfaWQiOjE0NzYwLCJzY3JlZW5fcmVzb2x1dGlvbiI6IjE3MTB4MTEwNyIsImFkYmxvY2siOjAsInRpbWV6b25lX29sc29uIjoiRXVyb3BlL1p1cmljaCIsInV0bV9zb3VyY2UiOiJtY2siLCJ1dG1fbWVkaXVtIjoiMTAxNDYiLCJ1dG1fY2FtcGFpZ24iOjg2NTM1MDk2LCJ1dG1fY29udGVudCI6IiIsIm1tIjowLCJpbml0X3N0YXJ0X2xhdGVuY3kiOjAuMjUsImlzX3YyIjowLCJpc192Ml9lbXB0eSI6MH0=:0
[     350ms] [WARNING] Failed to execute 'write' on 'Document': It isn't possible to write into a document from an asynchronously-loaded external script unless it is explicitly opened. @ https://ads.exoclick.com/ads.js:0
[     354ms] [ERROR] Failed to load resource: the server responded with a status of 400 () @ https://metricswpsh.com/in/track?data=eyJ3bCI6MSwic3ViaWQiOjg2NTM1MDk2LCJ1c2VyX2lkIjoiODc2NTk2ODgwMzg0OTgzOTAwMCIsInRpbWV6b25lIjoyLCJ2ZXIiOiIyLjQ3LjAiLCJ0YWdfaWQiOjE0NzYwLCJzY3JlZW5fcmVzb2x1dGlvbiI6IjE3MTB4MTEwNyIsImFkYmxvY2siOjAsInRpbWV6b25lX29sc29uIjoiRXVyb3BlL1p1cmljaCIsInV0bV9zb3VyY2UiOiJtY2siLCJ1dG1fbWVkaXVtIjoiMTAxNDYiLCJ1dG1fY2FtcGFpZ24iOjg2NTM1MDk2LCJ1dG1fY29udGVudCI6IiIsIm1tIjowLCJpbml0X3N0YXJ0X2xhdGVuY3kiOjAuMjUsImlzX3YyIjowLCJpc192Ml9lbXB0eSI6MH0=:0
[     354ms] [LOG] [GA] Page /video/10499445/nasty-facials-vol-7/?campaign=10146 pageview success @ https://mrgay.tube/upd/20260505.112537.498713/static/assets/app.js:25
[     836ms] Error: Request failed with status code 400
    at a (https://mrgay.tube/znw2ccj6yf/br9fjcbfe3.js:1:91496)
    at https://mrgay.tube/znw2ccj6yf/br9fjcbfe3.js:1:93126
    at l.onreadystatechange (https://mrgay.tube/znw2ccj6yf/br9fjcbfe3.js:1:93200)
[     374ms] [LOG] [GA] Page /video/10499445/nasty-facials-vol-7/?campaign=10146 pageview success @ https://mrgay.tube/upd/20260505.112537.498713/static/assets/app.js:25
[     416ms] [LOG] [YMetrika] Page /video/10499445/nasty-facials-vol-7/?campaign=10146 hit success @ https://mrgay.tube/upd/20260505.112537.498713/static/assets/app.js:25
[     434ms] [LOG] Video received: {id: 5057531, url: https://fr.faphouse.com/videos/first-time-bareback…hbmtlcg&utm_campaign=ai.hhY&utm_content=suggested, originalUrl: https://fr.faphouse.com/videos/first-time-bareback…i1hYjkyLTA5OWIzMDlmNWQ1MxIQZmhfd2lkZ2V0X3Jhbmtlcg, title: Première baise gay sans capote - le jour où j’ai rencontré ma salope gay, imageUrl: https://ic-nss.flixcdn.com/a/NTVkODc0MDE1NmFkY2JkO…2%2Ch%3A220%29/xc/5z/5zvf05/frame/original/16.jpg} @ https://mrgay.tube/upd/20260505.112537.498713/static/assets/app.js:46
[     435ms] [LOG] Video received: {id: 5768305, url: https://fr.faphouse.com/videos/dotadoo25-uses-25-c…hbmtlcg&utm_campaign=ai.hhY&utm_content=suggested, originalUrl: https://fr.faphouse.com/videos/dotadoo25-uses-25-c…i1hYjkyLTA5OWIzMDlmNWQ1MxIQZmhfd2lkZ2V0X3Jhbmtlcg, title: Dotadoo25 utilise est de 25 cm sur moi, imageUrl: https://ic-nss.flixcdn.com/a/ZmJmM2JjY2VlOTk2NTk0Z…2%2Ch%3A220%29/xc/Xl/Xl4014/frame/original/13.jpg} @ https://mrgay.tube/upd/20260505.112537.498713/static/assets/app.js:46
[     435ms] [LOG] Video received: {id: 66146, url: https://fr.faphouse.com/videos/ZsYu63?utm_term=aff…mFua2Vy&utm_campaign=ai.hhY&utm_content=suggested, originalUrl: https://fr.faphouse.com/videos/ZsYu63?utm_term=aff…iLWFiOTItMDk5YjMwOWY1ZDUzEhBmaF93aWRnZXRfcmFua2Vy, title: Un jumelle sportif sexy se fait prendre, imageUrl: https://ic-nss.flixcdn.com/a/YzVjYTE3NTkxYTAyMjVkN…2%2Ch%3A220%29/xc/Zs/ZsYu63/frame/original/13.jpg} @ https://mrgay.tube/upd/20260505.112537.498713/static/assets/app.js:46
[     435ms] [LOG] Video received: {id: 1511871, url: https://fr.faphouse.com/videos/xbmt4e?utm_term=aff…mFua2Vy&utm_campaign=ai.hhY&utm_content=suggested, originalUrl: https://fr.faphouse.com/videos/xbmt4e?utm_term=aff…iLWFiOTItMDk5YjMwOWY1ZDUzEhBmaF93aWRnZXRfcmFua2Vy, title: Friend Allows Me to Hump His Ass Until I Cum, imageUrl: https://ic-nss.flixcdn.com/a/ZjcwMWM1ZmYyM2FmYmI4N…2%2Ch%3A220%29/video/xb/xbmt4e/screen/000-k6n.jpg} @ https://mrgay.tube/upd/20260505.112537.498713/static/assets/app.js:46
[     435ms] [LOG] Video received: {id: 125083, url: https://fr.faphouse.com/videos/z9L217?utm_term=aff…mFua2Vy&utm_campaign=ai.hhY&utm_content=suggested, originalUrl: https://fr.faphouse.com/videos/z9L217?utm_term=aff…iLWFiOTItMDk5YjMwOWY1ZDUzEhBmaF93aWRnZXRfcmFua2Vy, title: Deux mecs s'embrassent et se branlent jusqu'à l'orgasme, imageUrl: https://ic-nss.flixcdn.com/a/ZGZhOWJjZTllOWQxMmNmM…2%2Ch%3A220%29/xc/z9/z9L217/frame/original/13.jpg} @ https://mrgay.tube/upd/20260505.112537.498713/static/assets/app.js:46
[     435ms] [LOG] Video received: {id: 2435202, url: https://fr.faphouse.com/videos/k119ss?utm_term=aff…hbmtlcg&utm_campaign=ai.hhY&utm_content=suggested, originalUrl: https://fr.faphouse.com/videos/k119ss?utm_term=aff…i1hYjkyLTA5OWIzMDlmNWQ1MxIQZmhfd2lkZ2V0X3Jhbmtlcg, title: Prolapsus, gigante, imageUrl: https://ic-nss.flixcdn.com/a/YmQ4NDc0NWM5ZjkwY2E4M…2%2Ch%3A220%29/xc/k1/k119ss/frame/original/19.jpg} @ https://mrgay.tube/upd/20260505.112537.498713/static/assets/app.js:46
[     435ms] [LOG] Video received: {id: 1461128, url: https://fr.faphouse.com/videos/47h2R8?utm_term=aff…mFua2Vy&utm_campaign=ai.hhY&utm_content=suggested, originalUrl: https://fr.faphouse.com/videos/47h2R8?utm_term=aff…iLWFiOTItMDk5YjMwOWY1ZDUzEhBmaF93aWRnZXRfcmFua2Vy, title: Bareback et pulsation, éjaculation dans le cul à l'extérieur, imageUrl: https://ic-nss.flixcdn.com/a/ZDNmZDE2YWVjMTkwY2ZmY…2%2Ch%3A220%29/xc/47/47h2R8/frame/original/23.jpg} @ https://mrgay.tube/upd/20260505.112537.498713/static/assets/app.js:46
[     435ms] [LOG] Video received: {id: 1349047, url: https://fr.faphouse.com/videos/KZ1B00?utm_term=aff…mFua2Vy&utm_campaign=ai.hhY&utm_content=suggested, originalUrl: https://fr.faphouse.com/videos/KZ1B00?utm_term=aff…iLWFiOTItMDk5YjMwOWY1ZDUzEhBmaF93aWRnZXRfcmFua2Vy, title: J'ai enfin séduit le meilleur ami de mon beau-fils et il a eu son premier orgasme anal, imageUrl: https://ic-nss.flixcdn.com/a/ZmRkYmE1MjYxYmEwZGQ3O…2%2Ch%3A220%29/video/KZ/KZ1B00/screen/000-em8.jpg} @ https://mrgay.tube/upd/20260505.112537.498713/static/assets/app.js:46
[     435ms] [LOG] Video received: {id: 2410947, url: https://fr.faphouse.com/videos/x1Aa7B?utm_term=aff…hbmtlcg&utm_campaign=ai.hhY&utm_content=suggested, originalUrl: https://fr.faphouse.com/videos/x1Aa7B?utm_term=aff…i1hYjkyLTA5OWIzMDlmNWQ1MxIQZmhfd2lkZ2V0X3Jhbmtlcg, title: Gros cul droit freiné sans capote à minuit - partie 4, imageUrl: https://ic-nss.flixcdn.com/a/NmM2Zjg3NzFmYzU5OWE2N…2%2Ch%3A220%29/video/x1/x1Aa7B/screen/000-KnJ.jpg} @ https://mrgay.tube/upd/20260505.112537.498713/static/assets/app.js:46
[     435ms] [LOG] Video received: {id: 159224, url: https://fr.faphouse.com/videos/teen-soccer-sweety-…mFua2Vy&utm_campaign=ai.hhY&utm_content=suggested, originalUrl: https://fr.faphouse.com/videos/teen-soccer-sweety-…iLWFiOTItMDk5YjMwOWY1ZDUzEhBmaF93aWRnZXRfcmFua2Vy, title: Teen soccer sweety tied and roughly, sexualy used, imageUrl: https://ic-nss.flixcdn.com/a/YmJmMDJkNDJiYWZmMDczZ…2%2Ch%3A220%29/xc/yv/yvIynI/frame/original/13.jpg} @ https://mrgay.tube/upd/20260505.112537.498713/static/assets/app.js:46
[     937ms] [LOG] CMP not found. @ https://a.magsrv.com/ad-provider.js:0
[     944ms] [LOG] 2026-05-06T19:16:45.140Z: Request #0 Placement #0 was pushed with zone {"custom_targeting":{},"id":4513318,"sub":1722344848,"extra_params":{"first_request":true,"zone_type":2}} @ https://a.magsrv.com/ad-provider.js:0
[     944ms] [LOG] 2026-05-06T19:16:45.140Z: s.magsrv.com - Zones Batch Size: 10, Multi-zones Batch Size: 3 @ https://a.magsrv.com/ad-provider.js:0
[     944ms] [LOG] 2026-05-06T19:16:45.140Z: s.magsrv.com - Request #0 with 1 zone(s) of type BANNER is being served. @ https://a.magsrv.com/ad-provider.js:0
[     946ms] [LOG] CMP not found. @ https://a.magsrv.com/ad-provider.js:0
[     947ms] [LOG] 2026-05-06T19:16:45.143Z: Request #0 Placement #0 was pushed with zone {"custom_targeting":{},"id":5582686,"sub":1722344848,"extra_params":{"first_request":true,"zone_type":2}} @ https://a.magsrv.com/ad-provider.js:0
[     947ms] [LOG] 2026-05-06T19:16:45.143Z: s.magsrv.com - Zones Batch Size: 10, Multi-zones Batch Size: 3 @ https://a.magsrv.com/ad-provider.js:0
[     947ms] [LOG] 2026-05-06T19:16:45.144Z: s.magsrv.com - Request #0 with 1 zone(s) of type BANNER is being served. @ https://a.magsrv.com/ad-provider.js:0
[     948ms] [LOG] CMP not found. @ https://a.magsrv.com/ad-provider.js:0
[     949ms] [LOG] 2026-05-06T19:16:45.145Z: Request #0 Placement #0 was pushed with zone {"custom_targeting":{},"id":5582688,"sub":1722344848,"extra_params":{"first_request":true,"zone_type":2}} @ https://a.magsrv.com/ad-provider.js:0
[     949ms] [LOG] 2026-05-06T19:16:45.145Z: s.magsrv.com - Zones Batch Size: 10, Multi-zones Batch Size: 3 @ https://a.magsrv.com/ad-provider.js:0
[     949ms] [LOG] 2026-05-06T19:16:45.145Z: s.magsrv.com - Request #0 with 1 zone(s) of type BANNER is being served. @ https://a.magsrv.com/ad-provider.js:0
[     977ms] [LOG] CMP not found. @ https://a.magsrv.com/ad-provider.js:0
[     978ms] [LOG] 2026-05-06T19:16:45.175Z: Request #0 Placement #0 was pushed with zone {"custom_targeting":{},"id":5582682,"sub":1722344848,"extra_params":{"first_request":true,"zone_type":2}} @ https://a.magsrv.com/ad-provider.js:0
[     978ms] [LOG] 2026-05-06T19:16:45.175Z: s.magsrv.com - Zones Batch Size: 10, Multi-zones Batch Size: 3 @ https://a.magsrv.com/ad-provider.js:0
[     978ms] [LOG] 2026-05-06T19:16:45.175Z: s.magsrv.com - Request #0 with 1 zone(s) of type BANNER is being served. @ https://a.magsrv.com/ad-provider.js:0
[     980ms] [LOG] CMP not found. @ https://a.magsrv.com/ad-provider.js:0
[     982ms] [LOG] 2026-05-06T19:16:45.179Z: Request #0 Placement #0 was pushed with zone {"custom_targeting":{},"id":5582698,"sub":1722344848,"extra_params":{"first_request":true,"zone_type":2}} @ https://a.magsrv.com/ad-provider.js:0
[     982ms] [LOG] 2026-05-06T19:16:45.179Z: s.magsrv.com - Zones Batch Size: 10, Multi-zones Batch Size: 3 @ https://a.magsrv.com/ad-provider.js:0
[     983ms] [LOG] 2026-05-06T19:16:45.180Z: s.magsrv.com - Request #0 with 1 zone(s) of type BANNER is being served. @ https://a.magsrv.com/ad-provider.js:0
[     989ms] [LOG] CMP not found. @ https://a.magsrv.com/ad-provider.js:0
[     989ms] [LOG] 2026-05-06T19:16:45.186Z: Request #0 Placement #0 was pushed with zone {"custom_targeting":{},"id":5582684,"sub":1722344848,"extra_params":{"first_request":true,"zone_type":2}} @ https://a.magsrv.com/ad-provider.js:0
[     989ms] [LOG] 2026-05-06T19:16:45.186Z: s.magsrv.com - Zones Batch Size: 10, Multi-zones Batch Size: 3 @ https://a.magsrv.com/ad-provider.js:0
[     989ms] [LOG] 2026-05-06T19:16:45.186Z: s.magsrv.com - Request #0 with 1 zone(s) of type BANNER is being served. @ https://a.magsrv.com/ad-provider.js:0
[     990ms] [LOG] CMP not found. @ https://a.magsrv.com/ad-provider.js:0
[     991ms] [LOG] 2026-05-06T19:16:45.187Z: Request #0 Placement #0 was pushed with zone {"custom_targeting":{},"id":5582696,"sub":1722344848,"extra_params":{"first_request":true,"zone_type":2}} @ https://a.magsrv.com/ad-provider.js:0
[     991ms] [LOG] 2026-05-06T19:16:45.187Z: s.magsrv.com - Zones Batch Size: 10, Multi-zones Batch Size: 3 @ https://a.magsrv.com/ad-provider.js:0
[     991ms] [LOG] 2026-05-06T19:16:45.187Z: s.magsrv.com - Request #0 with 1 zone(s) of type BANNER is being served. @ https://a.magsrv.com/ad-provider.js:0
[     991ms] [LOG] CMP not found. @ https://a.magsrv.com/ad-provider.js:0
[     991ms] [LOG] 2026-05-06T19:16:45.188Z: Request #0 Placement #0 was pushed with zone {"custom_targeting":{},"id":5582694,"sub":1722344848,"extra_params":{"first_request":true,"zone_type":2}} @ https://a.magsrv.com/ad-provider.js:0
[     992ms] [LOG] 2026-05-06T19:16:45.188Z: s.magsrv.com - Zones Batch Size: 10, Multi-zones Batch Size: 3 @ https://a.magsrv.com/ad-provider.js:0
[     992ms] [LOG] 2026-05-06T19:16:45.188Z: s.magsrv.com - Request #0 with 1 zone(s) of type BANNER is being served. @ https://a.magsrv.com/ad-provider.js:0
[    1001ms] [LOG] CMP not found. @ https://a.magsrv.com/ad-provider.js:0
[    1003ms] [LOG] 2026-05-06T19:16:45.199Z: Request #0 Placement #0 was pushed with zone {"custom_targeting":{},"id":5582690,"sub":1722344848,"extra_params":{"first_request":true,"zone_type":2}} @ https://a.magsrv.com/ad-provider.js:0
[    1003ms] [LOG] 2026-05-06T19:16:45.199Z: s.magsrv.com - Zones Batch Size: 10, Multi-zones Batch Size: 3 @ https://a.magsrv.com/ad-provider.js:0
[    1003ms] [LOG] 2026-05-06T19:16:45.199Z: s.magsrv.com - Request #0 with 1 zone(s) of type BANNER is being served. @ https://a.magsrv.com/ad-provider.js:0
[    1004ms] [LOG] CMP not found. @ https://a.magsrv.com/ad-provider.js:0
[    1005ms] [LOG] 2026-05-06T19:16:45.201Z: Request #0 Placement #0 was pushed with zone {"custom_targeting":{},"id":4515078,"sub":1722344848,"extra_params":{"first_request":true,"zone_type":2}} @ https://a.magsrv.com/ad-provider.js:0
[    1005ms] [LOG] 2026-05-06T19:16:45.201Z: s.magsrv.com - Zones Batch Size: 10, Multi-zones Batch Size: 3 @ https://a.magsrv.com/ad-provider.js:0
[    1005ms] [LOG] 2026-05-06T19:16:45.201Z: s.magsrv.com - Request #0 with 1 zone(s) of type BANNER is being served. @ https://a.magsrv.com/ad-provider.js:0
[    1016ms] [LOG] CMP not found. @ https://a.magsrv.com/ad-provider.js:0
[    1017ms] [LOG] 2026-05-06T19:16:45.213Z: Request #0 Placement #0 was pushed with zone {"custom_targeting":{},"id":5582692,"sub":1722344848,"extra_params":{"first_request":true,"zone_type":2}} @ https://a.magsrv.com/ad-provider.js:0
[    1017ms] [LOG] 2026-05-06T19:16:45.213Z: s.magsrv.com - Zones Batch Size: 10, Multi-zones Batch Size: 3 @ https://a.magsrv.com/ad-provider.js:0
[    1017ms] [LOG] 2026-05-06T19:16:45.213Z: s.magsrv.com - Request #0 with 1 zone(s) of type BANNER is being served. @ https://a.magsrv.com/ad-provider.js:0
[    1033ms] [LOG] CMP not found. @ https://a.magsrv.com/ad-provider.js:0
[    1034ms] [LOG] 2026-05-06T19:16:45.230Z: Request #0 Placement #0 was pushed with zone {"custom_targeting":{},"id":4515072,"sub":1722344848,"extra_params":{"first_request":true,"zone_type":2}} @ https://a.magsrv.com/ad-provider.js:0
[    1034ms] [LOG] 2026-05-06T19:16:45.230Z: s.magsrv.com - Zones Batch Size: 10, Multi-zones Batch Size: 3 @ https://a.magsrv.com/ad-provider.js:0
[    1034ms] [LOG] 2026-05-06T19:16:45.230Z: s.magsrv.com - Request #0 with 1 zone(s) of type BANNER is being served. @ https://a.magsrv.com/ad-provider.js:0
[    1055ms] [LOG] CMP not found. @ https://a.magsrv.com/ad-provider.js:0
[    1056ms] [LOG] 2026-05-06T19:16:45.252Z: Request #0 Placement #0 was pushed with zone {"custom_targeting":{},"id":5582654,"sub":1722344848,"extra_params":{"first_request":true,"zone_type":2}} @ https://a.magsrv.com/ad-provider.js:0
[    1056ms] [LOG] 2026-05-06T19:16:45.253Z: s.magsrv.com - Zones Batch Size: 10, Multi-zones Batch Size: 3 @ https://a.magsrv.com/ad-provider.js:0
[    1056ms] [LOG] 2026-05-06T19:16:45.253Z: s.magsrv.com - Request #0 with 1 zone(s) of type BANNER is being served. @ https://a.magsrv.com/ad-provider.js:0
[    1238ms] [LOG] 2026-05-06T19:16:45.435Z: Request #0 handling the response @ https://a.magsrv.com/ad-provider.js:0
[    1240ms] [LOG] 2026-05-06T19:16:45.437Z: s.magsrv.com - 1 ad request(s) completed successfully @ https://a.magsrv.com/ad-provider.js:0
[    1243ms] [LOG] 2026-05-06T19:16:45.439Z: Request #0 handling the response @ https://a.magsrv.com/ad-provider.js:0
[    1246ms] [LOG] 2026-05-06T19:16:45.442Z: s.magsrv.com - 1 ad request(s) completed successfully @ https://a.magsrv.com/ad-provider.js:0
[    1306ms] [LOG] 2026-05-06T19:16:45.503Z: Request #0 handling the response @ https://a.magsrv.com/ad-provider.js:0
[    1309ms] [LOG] 2026-05-06T19:16:45.506Z: s.magsrv.com - 1 ad request(s) completed successfully @ https://a.magsrv.com/ad-provider.js:0
[    1310ms] [LOG] 2026-05-06T19:16:45.506Z: Request #0 handling the response @ https://a.magsrv.com/ad-provider.js:0
[    1314ms] [LOG] 2026-05-06T19:16:45.510Z: s.magsrv.com - 1 ad request(s) completed successfully @ https://a.magsrv.com/ad-provider.js:0
[    1336ms] [LOG] 2026-05-06T19:16:45.532Z: Request #0 handling the response @ https://a.magsrv.com/ad-provider.js:0
[    1340ms] [LOG] 2026-05-06T19:16:45.537Z: s.magsrv.com - 1 ad request(s) completed successfully @ https://a.magsrv.com/ad-provider.js:0
[    1357ms] [LOG] 2026-05-06T19:16:45.553Z: Request #0 handling the response @ https://a.magsrv.com/ad-provider.js:0
[    1359ms] [LOG] 2026-05-06T19:16:45.555Z: s.magsrv.com - 1 ad request(s) completed successfully @ https://a.magsrv.com/ad-provider.js:0
[    1459ms] [LOG] 2026-05-06T19:16:45.656Z: Request #0 handling the response @ https://a.magsrv.com/ad-provider.js:0
[    1462ms] [LOG] 2026-05-06T19:16:45.658Z: s.magsrv.com - 1 ad request(s) completed successfully @ https://a.magsrv.com/ad-provider.js:0
[    1534ms] [LOG] 2026-05-06T19:16:45.731Z: Request #0 handling the response @ https://a.magsrv.com/ad-provider.js:0
[    1536ms] [LOG] 2026-05-06T19:16:45.733Z: s.magsrv.com - 1 ad request(s) completed successfully @ https://a.magsrv.com/ad-provider.js:0
[    1536ms] [LOG] 2026-05-06T19:16:45.733Z: Request #0 handling the response @ https://a.magsrv.com/ad-provider.js:0
[    1538ms] [LOG] 2026-05-06T19:16:45.735Z: s.magsrv.com - 1 ad request(s) completed successfully @ https://a.magsrv.com/ad-provider.js:0
[    1539ms] [LOG] 2026-05-06T19:16:45.735Z: Request #0 handling the response @ https://a.magsrv.com/ad-provider.js:0
[    1541ms] [LOG] 2026-05-06T19:16:45.737Z: s.magsrv.com - 1 ad request(s) completed successfully @ https://a.magsrv.com/ad-provider.js:0
[    1541ms] [LOG] 2026-05-06T19:16:45.737Z: Request #0 handling the response @ https://a.magsrv.com/ad-provider.js:0
[    1542ms] [LOG] 2026-05-06T19:16:45.738Z: s.magsrv.com - 1 ad request(s) completed successfully @ https://a.magsrv.com/ad-provider.js:0
[    1594ms] [LOG] 2026-05-06T19:16:45.790Z: Request #0 handling the response @ https://a.magsrv.com/ad-provider.js:0
[    1597ms] [LOG] 2026-05-06T19:16:45.794Z: s.magsrv.com - 1 ad request(s) completed successfully @ https://a.magsrv.com/ad-provider.js:0
[    1689ms] [LOG] 2026-05-06T19:16:45.885Z: Request #0 handling the response @ https://a.magsrv.com/ad-provider.js:0
[    1690ms] [LOG] 2026-05-06T19:16:45.886Z: s.magsrv.com - 1 ad request(s) completed successfully @ https://a.magsrv.com/ad-provider.js:0
[    2847ms] [LOG] [preroll] - preroll played
Link: %s
Type: %s https://vast.vstserv.com/wrapper/m?katds_ep=kkIoMszPlbtqh56CZQBcibD3h80EH-V_e41aXQyg42LMuiNYlVo6LuEQMruJoKhx2rylHAFQ1F5g4SLMj6s  @ https://mrgay.tube/znw2ccj6yf/34gtaki9bf.js:0
[    2879ms] [ERROR] Access to fetch at 'https://events.tubecup.org/preroll_stats?creativeId=1&duration=30&tag=https%3A%2F%2Fvast.vstserv.com%2Fwrapper%2Fm%3Fkatds_ep%3DkkIoMszPlbtqh56CZQBcibD3h80EH-V_e41aXQyg42LMuiNYlVo6LuEQMruJoKhx2rylHAFQ1F5g4SLMj6s&adsystem=stripcash.com&impTime=0&resTime=0.3&cid=&fback=0&rtb=0&clickUrl=https%3A%2F%2Fgo.xlivrdr.com%2F%3FabTest%3Dlandingvast_aaa20042026%26abTestVariant%3Dlandingvast_aaa20042026_aaa_70%26campaignId%3Dbca5570237d6686759e13ba7259eddd1c1f40040b0313da0a45077eda785e739%26campaignType%3Dsmartpop%26creativeId%3D2ef9ea711d11c474aca5cdc016a0c0ebed6c0c44fa544c4f8ae02cabc3450f9b%26dpm%3D50%26iterationId%3D1398077%26landing%3DlandingVAST%26masterSmartpopId%3D2683%26memberId%3D6kki9ffk6wuJ_WqHKw35aAmVR1JovbrsU0fJhehWU7qHb9qTfWbI149jHOxvH3R40WEeD-XjrPrFFoDi-s9myU1aLLXbt2imqLAa_Yo45uspSLk4_gUIDRUi%26modelId%3D224339717%26modelName%3Dmonsieurguitsxxx%26noc%3D1%26onlineModels%3Dmonsieurguitsxxx%26p1%3D989502%26referrer%3Dhttps%253A%252F%252Fmrgay.tube%252F%26ruleId%3D149%26segment%3Dhls-monsieurguitsxxx-1%26smartpopId%3D7857%26sourceId%3D4793166%26stripcashR%3D1%26tag%3Dmen%26trafficType%3Dpreroll%26userId%3Dff8eb98019683c3a16fbf3e0969645f32f1d0c1842b60b5a595ab93f4231e507%26variationId%3D36262&embed=0' from origin 'https://mrgay.tube' has been blocked by CORS policy: No 'Access-Control-Allow-Origin' header is present on the requested resource. @ https://mrgay.tube/video/10499445/nasty-facials-vol-7/?campaign=10146:0
[    2879ms] [ERROR] Failed to load resource: net::ERR_FAILED @ https://events.tubecup.org/preroll_stats?creativeId=1&duration=30&tag=https%3A%2F%2Fvast.vstserv.com%2Fwrapper%2Fm%3Fkatds_ep%3DkkIoMszPlbtqh56CZQBcibD3h80EH-V_e41aXQyg42LMuiNYlVo6LuEQMruJoKhx2rylHAFQ1F5g4SLMj6s&adsystem=stripcash.com&impTime=0&resTime=0.3&cid=&fback=0&rtb=0&clickUrl=https%3A%2F%2Fgo.xlivrdr.com%2F%3FabTest%3Dlandingvast_aaa20042026%26abTestVariant%3Dlandingvast_aaa20042026_aaa_70%26campaignId%3Dbca5570237d6686759e13ba7259eddd1c1f40040b0313da0a45077eda785e739%26campaignType%3Dsmartpop%26creativeId%3D2ef9ea711d11c474aca5cdc016a0c0ebed6c0c44fa544c4f8ae02cabc3450f9b%26dpm%3D50%26iterationId%3D1398077%26landing%3DlandingVAST%26masterSmartpopId%3D2683%26memberId%3D6kki9ffk6wuJ_WqHKw35aAmVR1JovbrsU0fJhehWU7qHb9qTfWbI149jHOxvH3R40WEeD-XjrPrFFoDi-s9myU1aLLXbt2imqLAa_Yo45uspSLk4_gUIDRUi%26modelId%3D224339717%26modelName%3Dmonsieurguitsxxx%26noc%3D1%26onlineModels%3Dmonsieurguitsxxx%26p1%3D989502%26referrer%3Dhttps%253A%252F%252Fmrgay.tube%252F%26ruleId%3D149%26segment%3Dhls-monsieurguitsxxx-1%26smartpopId%3D7857%26sourceId%3D4793166%26stripcashR%3D1%26tag%3Dmen%26trafficType%3Dpreroll%26userId%3Dff8eb98019683c3a16fbf3e0969645f32f1d0c1842b60b5a595ab93f4231e507%26variationId%3D36262&embed=0:0
[    2879ms] TypeError: Failed to fetch
    at Y.<anonymous> (https://mrgay.tube/znw2ccj6yf/34gtaki9bf.js:1:44163)
    at f (https://mrgay.tube/assets//jwplayer-8.21.2.4/jwplayer.js:1:28401)
    at e.triggerSafe (https://mrgay.tube/assets//jwplayer-8.21.2.4/jwplayer.js:1:27853)
    at Y.trigger (https://mrgay.tube/assets//jwplayer-8.21.2.4/jwplayer.js:1:82532)
    at F.<anonymous> (https://mrgay.tube/assets//jwplayer-8.21.2.4/jwplayer.js:1:85252)
    at f (https://mrgay.tube/assets//jwplayer-8.21.2.4/jwplayer.js:1:28401)
    at e.triggerSafe (https://mrgay.tube/assets//jwplayer-8.21.2.4/jwplayer.js:1:27870)
    at F.trigger (https://mrgay.tube/assets//jwplayer-8.21.2.4/jwplayer.js:1:82532)
    at a.value (https://mrgay.tube/assets/jwplayer-8.21.2.4/vast.js:257:554)
    at f (https://mrgay.tube/assets//jwplayer-8.21.2.4/jwplayer.js:1:28497)
