[     505ms] [LOG] [Fast Refresh] rebuilding @ http://localhost:9002/_next/static/chunks/node_modules_next_dist_client_cf1d9188._.js:5949
[     539ms] [LOG] [Fast Refresh] done in 140ms @ http://localhost:9002/_next/static/chunks/node_modules_next_dist_client_cf1d9188._.js:5809
[    5460ms] [INFO] %cDownload the React DevTools for a better development experience: https://react.dev/link/react-devtools font-weight:bold @ http://localhost:9002/_next/static/chunks/node_modules_next_dist_compiled_react-dom_1e674e59._.js:14537
[    5919ms] [LOG] [Fast Refresh] rebuilding @ http://localhost:9002/_next/static/chunks/node_modules_next_dist_client_cf1d9188._.js:5949
[    6343ms] [LOG] [Fast Refresh] done in 525ms @ http://localhost:9002/_next/static/chunks/node_modules_next_dist_client_cf1d9188._.js:5809
[    9590ms] [LOG] [Fast Refresh] rebuilding @ http://localhost:9002/_next/static/chunks/node_modules_next_dist_client_cf1d9188._.js:5949
[   10787ms] [LOG] [Fast Refresh] done in 1286ms @ http://localhost:9002/_next/static/chunks/node_modules_next_dist_client_cf1d9188._.js:5809
[   44405ms] [LOG] [Fast Refresh] rebuilding @ http://localhost:9002/_next/static/chunks/node_modules_next_dist_client_cf1d9188._.js:5949
[   44815ms] [LOG] [Fast Refresh] done in 516ms @ http://localhost:9002/_next/static/chunks/node_modules_next_dist_client_cf1d9188._.js:5809
[   49557ms] [LOG] [Fast Refresh] rebuilding @ http://localhost:9002/_next/static/chunks/node_modules_next_dist_client_cf1d9188._.js:5949
[   51769ms] [LOG] [Fast Refresh] done in 2318ms @ http://localhost:9002/_next/static/chunks/node_modules_next_dist_client_cf1d9188._.js:5809
[   62246ms] [LOG] [Fast Refresh] rebuilding @ http://localhost:9002/_next/static/chunks/node_modules_next_dist_client_cf1d9188._.js:5949
[   66750ms] [LOG] [Fast Refresh] done in 3836ms @ http://localhost:9002/_next/static/chunks/node_modules_next_dist_client_cf1d9188._.js:5809
[   93389ms] [LOG] [Fast Refresh] rebuilding @ http://localhost:9002/_next/static/chunks/node_modules_next_dist_client_cf1d9188._.js:5949
[   95042ms] [LOG] [Fast Refresh] done in 1884ms @ http://localhost:9002/_next/static/chunks/node_modules_next_dist_client_cf1d9188._.js:5809
[  119838ms] [LOG] [Fast Refresh] rebuilding @ http://localhost:9002/_next/static/chunks/node_modules_next_dist_client_cf1d9188._.js:5949
[  120238ms] [LOG] [Fast Refresh] done in 529ms @ http://localhost:9002/_next/static/chunks/node_modules_next_dist_client_cf1d9188._.js:5809
[  133895ms] [LOG] [Fast Refresh] rebuilding @ http://localhost:9002/_next/static/chunks/node_modules_next_dist_client_cf1d9188._.js:5949
[  134351ms] [LOG] [Fast Refresh] done in 620ms @ http://localhost:9002/_next/static/chunks/node_modules_next_dist_client_cf1d9188._.js:5809
[  149006ms] [LOG] [Fast Refresh] rebuilding @ http://localhost:9002/_next/static/chunks/node_modules_next_dist_client_cf1d9188._.js:5949
[  150116ms] [LOG] [Fast Refresh] done in 1258ms @ http://localhost:9002/_next/static/chunks/node_modules_next_dist_client_cf1d9188._.js:5809
[  183560ms] [LOG] [Fast Refresh] rebuilding @ http://localhost:9002/_next/static/chunks/node_modules_next_dist_client_cf1d9188._.js:5949
[  184283ms] [LOG] [Fast Refresh] done in 814ms @ http://localhost:9002/_next/static/chunks/node_modules_next_dist_client_cf1d9188._.js:5809
