[  275901ms] [INFO] %cDownload the React DevTools for a better development experience: https://react.dev/link/react-devtools font-weight:bold @ http://localhost:9002/_next/static/chunks/node_modules_next_dist_compiled_react-dom_1e674e59._.js:14537
[  276167ms] [LOG] [Fast Refresh] rebuilding @ http://localhost:9002/_next/static/chunks/node_modules_next_dist_client_cf1d9188._.js:5949
[  276227ms] [LOG] [Fast Refresh] done in 161ms @ http://localhost:9002/_next/static/chunks/node_modules_next_dist_client_cf1d9188._.js:5809
[  361279ms] [LOG] [Fast Refresh] rebuilding @ http://localhost:9002/_next/static/chunks/node_modules_next_dist_client_cf1d9188._.js:5949
[  363112ms] [LOG] [Fast Refresh] done in 1790ms @ http://localhost:9002/_next/static/chunks/node_modules_next_dist_client_cf1d9188._.js:5809
[  418066ms] [LOG] [Fast Refresh] rebuilding @ http://localhost:9002/_next/static/chunks/node_modules_next_dist_client_cf1d9188._.js:5949
[  418610ms] [LOG] [Fast Refresh] done in 621ms @ http://localhost:9002/_next/static/chunks/node_modules_next_dist_client_cf1d9188._.js:5809
[  543010ms] [LOG] [Fast Refresh] rebuilding @ http://localhost:9002/_next/static/chunks/node_modules_next_dist_client_cf1d9188._.js:5949
[  547248ms] [ERROR] ./src/components/landing/serenity2/Home.tsx:8:1
Module not found: Can't resolve './sections/Sanctuary'
   6 | import Hero from "./sections/Hero";
   7 | import Sessions from "./sections/Sessions";
>  8 | import Sanctuary from "./sections/Sanctuary";
     | ^^^^^^^^^^^^^^^^^^^^^^^^^^^^^^^^^^^^^^^^^^^^^
   9 | import Journal from "./sections/Journal";
  10 | import Atelier from "./sections/Atelier";
  11 | import BookingFunnel from "@/components/BookingFunnel";

Import trace:
  Server Component:
    ./src/components/landing/serenity2/Home.tsx
    ./src/app/page.tsx

https://nextjs.org/docs/messages/module-not-found @ http://localhost:9002/_next/static/chunks/node_modules_next_dist_b0daae9a._.js:2359
[  547317ms] [LOG] {file: Object} @ http://localhost:9002/_next/static/chunks/node_modules_next_dist_compiled_next-devtools_index_a9cb0712.js:16058
[  590339ms] [LOG] [Fast Refresh] rebuilding @ http://localhost:9002/_next/static/chunks/node_modules_next_dist_client_cf1d9188._.js:5949
[  591361ms] [LOG] [Fast Refresh] done in 1114ms @ http://localhost:9002/_next/static/chunks/node_modules_next_dist_client_cf1d9188._.js:5809
[  605885ms] [LOG] [Fast Refresh] rebuilding @ http://localhost:9002/_next/static/chunks/node_modules_next_dist_client_cf1d9188._.js:5949
[  605912ms] [LOG] [Fast Refresh] done in 129ms @ http://localhost:9002/_next/static/chunks/node_modules_next_dist_client_cf1d9188._.js:5809
[  820810ms] [INFO] %cDownload the React DevTools for a better development experience: https://react.dev/link/react-devtools font-weight:bold @ http://localhost:9002/_next/static/chunks/node_modules_next_dist_compiled_react-dom_1e674e59._.js:14537
[  821284ms] [LOG] [Fast Refresh] rebuilding @ http://localhost:9002/_next/static/chunks/node_modules_next_dist_client_cf1d9188._.js:5949
[  821866ms] [LOG] [Fast Refresh] done in 684ms @ http://localhost:9002/_next/static/chunks/node_modules_next_dist_client_cf1d9188._.js:5809
[ 1012549ms] [LOG] [Fast Refresh] rebuilding @ http://localhost:9002/_next/static/chunks/node_modules_next_dist_client_cf1d9188._.js:5949
[ 1014608ms] [LOG] [Fast Refresh] done in 2032ms @ http://localhost:9002/_next/static/chunks/node_modules_next_dist_client_cf1d9188._.js:5809
[ 1071659ms] [LOG] [Fast Refresh] rebuilding @ http://localhost:9002/_next/static/chunks/node_modules_next_dist_client_cf1d9188._.js:5949
[ 1072543ms] [LOG] [Fast Refresh] done in 942ms @ http://localhost:9002/_next/static/chunks/node_modules_next_dist_client_cf1d9188._.js:5809
[ 1073013ms] [LOG] [Fast Refresh] rebuilding @ http://localhost:9002/_next/static/chunks/node_modules_next_dist_client_cf1d9188._.js:5949
[ 1073120ms] [LOG] [Fast Refresh] done in 208ms @ http://localhost:9002/_next/static/chunks/node_modules_next_dist_client_cf1d9188._.js:5809
[ 1073451ms] [LOG] [Fast Refresh] rebuilding @ http://localhost:9002/_next/static/chunks/node_modules_next_dist_client_cf1d9188._.js:5949
[ 1073722ms] [LOG] [Fast Refresh] done in 373ms @ http://localhost:9002/_next/static/chunks/node_modules_next_dist_client_cf1d9188._.js:5809
[ 1132484ms] [LOG] [Fast Refresh] rebuilding @ http://localhost:9002/_next/static/chunks/node_modules_next_dist_client_cf1d9188._.js:5949
[ 1134301ms] [LOG] [Fast Refresh] done in 1795ms @ http://localhost:9002/_next/static/chunks/node_modules_next_dist_client_cf1d9188._.js:5809
[ 1223799ms] [LOG] [Fast Refresh] rebuilding @ http://localhost:9002/_next/static/chunks/node_modules_next_dist_client_cf1d9188._.js:5949
[ 1225944ms] [LOG] [Fast Refresh] done in 2183ms @ http://localhost:9002/_next/static/chunks/node_modules_next_dist_client_cf1d9188._.js:5809
[ 1289503ms] [INFO] %cDownload the React DevTools for a better development experience: https://react.dev/link/react-devtools font-weight:bold @ http://localhost:9002/_next/static/chunks/node_modules_next_dist_compiled_react-dom_1e674e59._.js:14537
[ 1290593ms] [LOG] [Fast Refresh] rebuilding @ http://localhost:9002/_next/static/chunks/node_modules_next_dist_client_cf1d9188._.js:5949
[ 1297603ms] [LOG] [Fast Refresh] done in 7102ms @ http://localhost:9002/_next/static/chunks/node_modules_next_dist_client_cf1d9188._.js:5809
[ 1326516ms] [LOG] [Fast Refresh] rebuilding @ http://localhost:9002/_next/static/chunks/node_modules_next_dist_client_cf1d9188._.js:5949
[ 1329997ms] [ERROR] ./src/components/landing/serenity2/Home.tsx:10:1
Module not found: Can't resolve './sections/Atelier'
   8 | import Sanctuary from "./sections/Sanctuary";
   9 | import Journal from "./sections/Journal";
> 10 | import Atelier from "./sections/Atelier";
     | ^^^^^^^^^^^^^^^^^^^^^^^^^^^^^^^^^^^^^^^^^
  11 | import BookingFunnel from "@/components/BookingFunnel";
  12 | import AIConciergeOverlay from "./AIConciergeOverlay";
  13 | import { useBooking } from "@/context/BookingContext";

Import trace:
  Server Component:
    ./src/components/landing/serenity2/Home.tsx
    ./src/app/page.tsx

https://nextjs.org/docs/messages/module-not-found @ http://localhost:9002/_next/static/chunks/node_modules_next_dist_b0daae9a._.js:2359
[ 1330044ms] [LOG] {file: Object} @ http://localhost:9002/_next/static/chunks/node_modules_next_dist_compiled_next-devtools_index_a9cb0712.js:16058
[ 1502693ms] [ERROR] ./src/components/landing/serenity2/Home.tsx:10:1
Module not found: Can't resolve './sections/Atelier'
   8 | import Sanctuary from "./sections/Sanctuary";
   9 | import Journal from "./sections/Journal";
> 10 | import Atelier from "./sections/Atelier";
     | ^^^^^^^^^^^^^^^^^^^^^^^^^^^^^^^^^^^^^^^^^
  11 | import BookingFunnel from "@/components/BookingFunnel";
  12 | import AIConciergeOverlay from "./AIConciergeOverlay";
  13 | import { useBooking } from "@/context/BookingContext";

Import trace:
  Server Component:
    ./src/components/landing/serenity2/Home.tsx
    ./src/app/page.tsx

https://nextjs.org/docs/messages/module-not-found @ http://localhost:9002/_next/static/chunks/node_modules_next_dist_b0daae9a._.js:2359
[ 1502699ms] [LOG] [Fast Refresh] rebuilding @ http://localhost:9002/_next/static/chunks/node_modules_next_dist_client_cf1d9188._.js:5949
[ 1504168ms] [LOG] [Fast Refresh] rebuilding @ http://localhost:9002/_next/static/chunks/node_modules_next_dist_client_cf1d9188._.js:5949
[ 1543706ms] [LOG] [Fast Refresh] done in 14450ms @ http://localhost:9002/_next/static/chunks/node_modules_next_dist_client_cf1d9188._.js:5809
[ 1543822ms] [LOG] [Fast Refresh] rebuilding @ http://localhost:9002/_next/static/chunks/node_modules_next_dist_client_cf1d9188._.js:5949
[ 1545829ms] [LOG] [Fast Refresh] done in 2112ms @ http://localhost:9002/_next/static/chunks/node_modules_next_dist_client_cf1d9188._.js:5809
[ 1546025ms] [LOG] [Fast Refresh] rebuilding @ http://localhost:9002/_next/static/chunks/node_modules_next_dist_client_cf1d9188._.js:5949
[ 1579843ms] [LOG] [Fast Refresh] done in 33934ms @ http://localhost:9002/_next/static/chunks/node_modules_next_dist_client_cf1d9188._.js:5809
[ 1580195ms] [LOG] [Fast Refresh] rebuilding @ http://localhost:9002/_next/static/chunks/node_modules_next_dist_client_cf1d9188._.js:5949
[ 1585245ms] [LOG] [Fast Refresh] done in 5151ms @ http://localhost:9002/_next/static/chunks/node_modules_next_dist_client_cf1d9188._.js:5809
[ 1589497ms] [ERROR] Failed to load resource: the server responded with a status of 500 (Internal Server Error) @ http://localhost:9002/:0
[ 1590154ms] [INFO] %cDownload the React DevTools for a better development experience: https://react.dev/link/react-devtools font-weight:bold @ http://localhost:9002/_next/static/chunks/node_modules_react-dom_4411d9bd._.js:15305
[ 1590903ms] Error: ./src/components/landing/serenity2/Home.tsx:10:1
Module not found: Can't resolve './sections/Atelier'
   8 | import Sanctuary from "./sections/Sanctuary";
   9 | import Journal from "./sections/Journal";
> 10 | import Atelier from "./sections/Atelier";
     | ^^^^^^^^^^^^^^^^^^^^^^^^^^^^^^^^^^^^^^^^^
  11 | import BookingFunnel from "@/components/BookingFunnel";
  12 | import AIConciergeOverlay from "./AIConciergeOverlay";
  13 | import { useBooking } from "@/context/BookingContext";



Import trace:
  Server Component:
    ./src/components/landing/serenity2/Home.tsx
    ./src/app/page.tsx

https://nextjs.org/docs/messages/module-not-found


    at <unknown> (Error: ./src/components/landing/serenity2/Home.tsx:10:1)
    at <unknown> (https://nextjs.org/docs/messages/module-not-found)
    at Object.getCompilationErrors (file:///Users/jean/Downloads/project/node_modules/next/dist/server/dev/hot-reloader-turbopack.js:775:59)
    at DevBundlerService.getCompilationError (file:///Users/jean/Downloads/project/node_modules/next/dist/server/lib/dev-bundler-service.js:39:55)
    at DevServer.getCompilationError (file:///Users/jean/Downloads/project/node_modules/next/dist/server/dev/next-dev-server.js:720:42)
    at DevServer.findPageComponents (file:///Users/jean/Downloads/project/node_modules/next/dist/server/dev/next-dev-server.js:690:43)
    at async DevServer.renderErrorToResponseImpl (file:///Users/jean/Downloads/project/node_modules/next/dist/server/base-server.js:1687:26)
[ 1590395ms] [LOG] [HMR] connected @ http://localhost:9002/_next/static/chunks/node_modules_next_dist_client_d0aa886c._.js:2207
[ 1590816ms] [LOG] [Fast Refresh] rebuilding @ http://localhost:9002/_next/static/chunks/node_modules_next_dist_client_d0aa886c._.js:2495
[ 1591626ms] [LOG] [Fast Refresh] done in 912ms @ http://localhost:9002/_next/static/chunks/node_modules_next_dist_client_d0aa886c._.js:2355
[ 1591942ms] [LOG] [Fast Refresh] rebuilding @ http://localhost:9002/_next/static/chunks/node_modules_next_dist_client_d0aa886c._.js:2495
[ 1591950ms] [LOG] [Fast Refresh] done in 107ms @ http://localhost:9002/_next/static/chunks/node_modules_next_dist_client_d0aa886c._.js:2355
[ 1613091ms] [LOG] [Fast Refresh] rebuilding @ http://localhost:9002/_next/static/chunks/node_modules_next_dist_client_d0aa886c._.js:2495
[ 1614548ms] [LOG] [Fast Refresh] done in 1561ms @ http://localhost:9002/_next/static/chunks/node_modules_next_dist_client_d0aa886c._.js:2355
[ 1669357ms] [LOG] [Fast Refresh] rebuilding @ http://localhost:9002/_next/static/chunks/node_modules_next_dist_client_d0aa886c._.js:2495
[ 1669394ms] [LOG] [Fast Refresh] done in 140ms @ http://localhost:9002/_next/static/chunks/node_modules_next_dist_client_d0aa886c._.js:2355
[ 1685648ms] [INFO] %cDownload the React DevTools for a better development experience: https://react.dev/link/react-devtools font-weight:bold @ http://localhost:9002/_next/static/chunks/node_modules_next_dist_compiled_react-dom_1e674e59._.js:14537
[ 1686368ms] [LOG] [Fast Refresh] rebuilding @ http://localhost:9002/_next/static/chunks/node_modules_next_dist_client_cf1d9188._.js:5949
[ 1687662ms] [LOG] [Fast Refresh] done in 1394ms @ http://localhost:9002/_next/static/chunks/node_modules_next_dist_client_cf1d9188._.js:5809
[ 1761450ms] [ERROR] WebSocket connection to 'ws://localhost:9002/_next/webpack-hmr' failed:  @ http://localhost:9002/_next/static/chunks/node_modules_next_dist_client_cf1d9188._.js:5696
[ 1867398ms] [INFO] %cDownload the React DevTools for a better development experience: https://react.dev/link/react-devtools font-weight:bold @ http://localhost:9002/_next/static/chunks/node_modules_next_dist_compiled_react-dom_1e674e59._.js:14537
[ 1912286ms] [LOG] [Fast Refresh] rebuilding @ http://localhost:9002/_next/static/chunks/node_modules_next_dist_client_cf1d9188._.js:5949
[ 1912548ms] [LOG] [Fast Refresh] done in 351ms @ http://localhost:9002/_next/static/chunks/node_modules_next_dist_client_cf1d9188._.js:5809
[ 1991899ms] [LOG] [Fast Refresh] rebuilding @ http://localhost:9002/_next/static/chunks/node_modules_next_dist_client_cf1d9188._.js:5949
[ 1992145ms] [LOG] [Fast Refresh] done in 347ms @ http://localhost:9002/_next/static/chunks/node_modules_next_dist_client_cf1d9188._.js:5809
[ 1992600ms] [INFO] %cDownload the React DevTools for a better development experience: https://react.dev/link/react-devtools font-weight:bold @ http://localhost:9002/_next/static/chunks/node_modules_next_dist_compiled_react-dom_1e674e59._.js:14537
[ 1992857ms] [LOG] [Fast Refresh] rebuilding @ http://localhost:9002/_next/static/chunks/node_modules_next_dist_client_cf1d9188._.js:5949
[ 1992877ms] [LOG] [Fast Refresh] done in 122ms @ http://localhost:9002/_next/static/chunks/node_modules_next_dist_client_cf1d9188._.js:5809
[ 2116135ms] [LOG] [Fast Refresh] rebuilding @ http://localhost:9002/_next/static/chunks/node_modules_next_dist_client_cf1d9188._.js:5949
[ 2117240ms] [ERROR] ./src/components/landing/serenity2/Home.tsx:8:1
Module not found: Can't resolve './sections/Sanctuary'
   6 | import Hero from "./sections/Hero";
   7 | import Sessions from "./sections/Sessions";
>  8 | import Sanctuary from "./sections/Sanctuary";
     | ^^^^^^^^^^^^^^^^^^^^^^^^^^^^^^^^^^^^^^^^^^^^^
   9 | import Journal from "./sections/Journal";
  10 | import Atelier from "./sections/Atelier";
  11 | import BookingFunnel from "@/components/BookingFunnel";

Import trace:
  Server Component:
    ./src/components/landing/serenity2/Home.tsx
    ./src/app/page.tsx

https://nextjs.org/docs/messages/module-not-found @ http://localhost:9002/_next/static/chunks/node_modules_next_dist_b0daae9a._.js:2359
[ 2117285ms] [LOG] {file: Object} @ http://localhost:9002/_next/static/chunks/node_modules_next_dist_compiled_next-devtools_index_a9cb0712.js:16058
[ 2146706ms] [LOG] [Fast Refresh] rebuilding @ http://localhost:9002/_next/static/chunks/node_modules_next_dist_client_cf1d9188._.js:5949
[ 2147231ms] [LOG] [Fast Refresh] done in 617ms @ http://localhost:9002/_next/static/chunks/node_modules_next_dist_client_cf1d9188._.js:5809
[ 2147536ms] [LOG] [Fast Refresh] rebuilding @ http://localhost:9002/_next/static/chunks/node_modules_next_dist_client_cf1d9188._.js:5949
[ 2147772ms] [LOG] [Fast Refresh] done in 338ms @ http://localhost:9002/_next/static/chunks/node_modules_next_dist_client_cf1d9188._.js:5809
[ 2179118ms] [INFO] %cDownload the React DevTools for a better development experience: https://react.dev/link/react-devtools font-weight:bold @ http://localhost:9002/_next/static/chunks/node_modules_next_dist_compiled_react-dom_1e674e59._.js:14537
[ 2179808ms] [LOG] [Fast Refresh] rebuilding @ http://localhost:9002/_next/static/chunks/node_modules_next_dist_client_cf1d9188._.js:5949
[ 2180197ms] [LOG] [Fast Refresh] done in 490ms @ http://localhost:9002/_next/static/chunks/node_modules_next_dist_client_cf1d9188._.js:5809
[ 2242207ms] [LOG] [Fast Refresh] rebuilding @ http://localhost:9002/_next/static/chunks/node_modules_next_dist_client_cf1d9188._.js:5949
[ 2242639ms] [LOG] [Fast Refresh] done in 520ms @ http://localhost:9002/_next/static/chunks/node_modules_next_dist_client_cf1d9188._.js:5809
[ 2307830ms] [LOG] [Fast Refresh] rebuilding @ http://localhost:9002/_next/static/chunks/node_modules_next_dist_client_cf1d9188._.js:5949
[ 2310228ms] [LOG] [Fast Refresh] done in 2207ms @ http://localhost:9002/_next/static/chunks/node_modules_next_dist_client_cf1d9188._.js:5809
[ 2319256ms] [LOG] [Fast Refresh] rebuilding @ http://localhost:9002/_next/static/chunks/node_modules_next_dist_client_cf1d9188._.js:5949
[ 2320268ms] [LOG] [Fast Refresh] done in 1091ms @ http://localhost:9002/_next/static/chunks/node_modules_next_dist_client_cf1d9188._.js:5809
[ 2334793ms] [LOG] [Fast Refresh] rebuilding @ http://localhost:9002/_next/static/chunks/node_modules_next_dist_client_cf1d9188._.js:5949
[ 2335031ms] [LOG] [Fast Refresh] done in 326ms @ http://localhost:9002/_next/static/chunks/node_modules_next_dist_client_cf1d9188._.js:5809
[ 2420637ms] [LOG] [Fast Refresh] rebuilding @ http://localhost:9002/_next/static/chunks/node_modules_next_dist_client_cf1d9188._.js:5949
[ 2420990ms] [LOG] [Fast Refresh] done in 432ms @ http://localhost:9002/_next/static/chunks/node_modules_next_dist_client_cf1d9188._.js:5809
[ 2453892ms] [INFO] %cDownload the React DevTools for a better development experience: https://react.dev/link/react-devtools font-weight:bold @ http://localhost:9002/_next/static/chunks/node_modules_next_dist_compiled_react-dom_1e674e59._.js:14537
[ 2454348ms] [LOG] [Fast Refresh] rebuilding @ http://localhost:9002/_next/static/chunks/node_modules_next_dist_client_cf1d9188._.js:5949
[ 2454677ms] [LOG] [Fast Refresh] done in 429ms @ http://localhost:9002/_next/static/chunks/node_modules_next_dist_client_cf1d9188._.js:5809
[ 2522477ms] [LOG] [Fast Refresh] rebuilding @ http://localhost:9002/_next/static/chunks/node_modules_next_dist_client_cf1d9188._.js:5949
[ 2522845ms] [LOG] [Fast Refresh] done in 454ms @ http://localhost:9002/_next/static/chunks/node_modules_next_dist_client_cf1d9188._.js:5809
[ 2571151ms] [INFO] %cDownload the React DevTools for a better development experience: https://react.dev/link/react-devtools font-weight:bold @ http://localhost:9002/_next/static/chunks/node_modules_next_dist_compiled_react-dom_1e674e59._.js:14537
[ 3114378ms] [LOG] [Fast Refresh] rebuilding @ http://localhost:9002/_next/static/chunks/node_modules_next_dist_client_cf1d9188._.js:5949
[ 3114802ms] [LOG] [Fast Refresh] done in 493ms @ http://localhost:9002/_next/static/chunks/node_modules_next_dist_client_cf1d9188._.js:5809
[ 3141637ms] [LOG] [Fast Refresh] rebuilding @ http://localhost:9002/_next/static/chunks/node_modules_next_dist_client_cf1d9188._.js:5949
[ 3142882ms] [LOG] [Fast Refresh] done in 1306ms @ http://localhost:9002/_next/static/chunks/node_modules_next_dist_client_cf1d9188._.js:5809
[ 3152859ms] [LOG] [Fast Refresh] rebuilding @ http://localhost:9002/_next/static/chunks/node_modules_next_dist_client_cf1d9188._.js:5949
[ 3152993ms] [LOG] [Fast Refresh] done in 192ms @ http://localhost:9002/_next/static/chunks/node_modules_next_dist_client_cf1d9188._.js:5809
[ 3257843ms] [LOG] [Fast Refresh] rebuilding @ http://localhost:9002/_next/static/chunks/node_modules_next_dist_client_cf1d9188._.js:5949
[ 3258353ms] [LOG] [Fast Refresh] done in 585ms @ http://localhost:9002/_next/static/chunks/node_modules_next_dist_client_cf1d9188._.js:5809
[ 3266062ms] [LOG] [Fast Refresh] rebuilding @ http://localhost:9002/_next/static/chunks/node_modules_next_dist_client_cf1d9188._.js:5949
[ 3266991ms] [ERROR] ./src/components/landing/serenity2/Home.tsx:8:1
Module not found: Can't resolve './sections/Sanctuary'
   6 | import Hero from "./sections/Hero";
   7 | import Sessions from "./sections/Sessions";
>  8 | import Sanctuary from "./sections/Sanctuary";
     | ^^^^^^^^^^^^^^^^^^^^^^^^^^^^^^^^^^^^^^^^^^^^^
   9 | import Atelier from "./sections/Atelier";
  10 | import BookingFunnel from "@/components/BookingFunnel";
  11 | import AIConciergeOverlay from "./AIConciergeOverlay";

Import trace:
  Server Component:
    ./src/components/landing/serenity2/Home.tsx
    ./src/app/page.tsx

https://nextjs.org/docs/messages/module-not-found @ http://localhost:9002/_next/static/chunks/node_modules_next_dist_b0daae9a._.js:2359
[ 3267012ms] [LOG] {file: Object} @ http://localhost:9002/_next/static/chunks/node_modules_next_dist_compiled_next-devtools_index_a9cb0712.js:16058
[ 3319256ms] [LOG] [Fast Refresh] rebuilding @ http://localhost:9002/_next/static/chunks/node_modules_next_dist_client_cf1d9188._.js:5949
[ 3319768ms] [LOG] [Fast Refresh] done in 610ms @ http://localhost:9002/_next/static/chunks/node_modules_next_dist_client_cf1d9188._.js:5809
[ 3320036ms] [LOG] [Fast Refresh] rebuilding @ http://localhost:9002/_next/static/chunks/node_modules_next_dist_client_cf1d9188._.js:5949
[ 3320422ms] [LOG] [Fast Refresh] done in 487ms @ http://localhost:9002/_next/static/chunks/node_modules_next_dist_client_cf1d9188._.js:5809
[ 3351457ms] [INFO] %cDownload the React DevTools for a better development experience: https://react.dev/link/react-devtools font-weight:bold @ http://localhost:9002/_next/static/chunks/node_modules_next_dist_compiled_react-dom_1e674e59._.js:14537
[ 3352195ms] [LOG] [Fast Refresh] rebuilding @ http://localhost:9002/_next/static/chunks/node_modules_next_dist_client_cf1d9188._.js:5949
[ 3352625ms] [LOG] [Fast Refresh] done in 530ms @ http://localhost:9002/_next/static/chunks/node_modules_next_dist_client_cf1d9188._.js:5809
[ 3425328ms] [LOG] [Fast Refresh] rebuilding @ http://localhost:9002/_next/static/chunks/node_modules_next_dist_client_cf1d9188._.js:5949
[ 3425721ms] [LOG] [Fast Refresh] done in 473ms @ http://localhost:9002/_next/static/chunks/node_modules_next_dist_client_cf1d9188._.js:5809
[ 3472913ms] [LOG] [Fast Refresh] rebuilding @ http://localhost:9002/_next/static/chunks/node_modules_next_dist_client_cf1d9188._.js:5949
[ 3473348ms] [LOG] [Fast Refresh] done in 519ms @ http://localhost:9002/_next/static/chunks/node_modules_next_dist_client_cf1d9188._.js:5809
[ 3568471ms] [LOG] [Fast Refresh] rebuilding @ http://localhost:9002/_next/static/chunks/node_modules_next_dist_client_cf1d9188._.js:5949
[ 3568890ms] [LOG] [Fast Refresh] done in 520ms @ http://localhost:9002/_next/static/chunks/node_modules_next_dist_client_cf1d9188._.js:5809
[ 3569476ms] [INFO] %cDownload the React DevTools for a better development experience: https://react.dev/link/react-devtools font-weight:bold @ http://localhost:9002/_next/static/chunks/node_modules_next_dist_compiled_react-dom_1e674e59._.js:14537
[ 3570119ms] [LOG] [Fast Refresh] rebuilding @ http://localhost:9002/_next/static/chunks/node_modules_next_dist_client_cf1d9188._.js:5949
[ 3570503ms] [LOG] [Fast Refresh] done in 485ms @ http://localhost:9002/_next/static/chunks/node_modules_next_dist_client_cf1d9188._.js:5809
[ 3614234ms] [LOG] [Fast Refresh] rebuilding @ http://localhost:9002/_next/static/chunks/node_modules_next_dist_client_cf1d9188._.js:5949
[ 3616901ms] [ERROR] ./src/components/landing/serenity2/Home.tsx:8:1
Module not found: Can't resolve './sections/Sanctuary'
   6 | import Hero from "./sections/Hero";
   7 | import Sessions from "./sections/Sessions";
>  8 | import Sanctuary from "./sections/Sanctuary";
     | ^^^^^^^^^^^^^^^^^^^^^^^^^^^^^^^^^^^^^^^^^^^^^
   9 | import Atelier from "./sections/Atelier";
  10 | import BookingFunnel from "@/components/BookingFunnel";
  11 | import AIConciergeOverlay from "./AIConciergeOverlay";

Import trace:
  Server Component:
    ./src/components/landing/serenity2/Home.tsx
    ./src/app/page.tsx

https://nextjs.org/docs/messages/module-not-found @ http://localhost:9002/_next/static/chunks/node_modules_next_dist_b0daae9a._.js:2359
[ 3617151ms] [LOG] {file: Object} @ http://localhost:9002/_next/static/chunks/node_modules_next_dist_compiled_next-devtools_index_a9cb0712.js:16058
[ 3664144ms] [LOG] [Fast Refresh] rebuilding @ http://localhost:9002/_next/static/chunks/node_modules_next_dist_client_cf1d9188._.js:5949
[ 3665322ms] [LOG] [Fast Refresh] done in 1272ms @ http://localhost:9002/_next/static/chunks/node_modules_next_dist_client_cf1d9188._.js:5809
[ 3665792ms] [LOG] [Fast Refresh] rebuilding @ http://localhost:9002/_next/static/chunks/node_modules_next_dist_client_cf1d9188._.js:5949
[ 3667094ms] [LOG] [Fast Refresh] done in 1402ms @ http://localhost:9002/_next/static/chunks/node_modules_next_dist_client_cf1d9188._.js:5809
[ 4021879ms] [INFO] %cDownload the React DevTools for a better development experience: https://react.dev/link/react-devtools font-weight:bold @ http://localhost:9002/_next/static/chunks/node_modules_next_dist_compiled_react-dom_1e674e59._.js:14537
[ 4022596ms] [LOG] [Fast Refresh] rebuilding @ http://localhost:9002/_next/static/chunks/node_modules_next_dist_client_cf1d9188._.js:5949
[ 4023480ms] [LOG] [Fast Refresh] done in 987ms @ http://localhost:9002/_next/static/chunks/node_modules_next_dist_client_cf1d9188._.js:5809
