[    5193ms] [INFO] %cDownload the React DevTools for a better development experience: https://react.dev/link/react-devtools font-weight:bold @ http://localhost:9002/_next/static/chunks/node_modules_next_dist_compiled_react-dom_1e674e59._.js:14537
[    6036ms] [WARNING] Detected `scroll-behavior: smooth` on the `<html>` element. In a future version, Next.js will no longer automatically disable smooth scrolling during route transitions. To prepare for this change, add `data-scroll-behavior="smooth"` to your <html> element. Learn more: https://nextjs.org/docs/messages/missing-data-scroll-behavior @ http://localhost:9002/_next/static/chunks/node_modules_next_dist_b0daae9a._.js:968
[    6126ms] [LOG] [Fast Refresh] rebuilding @ http://localhost:9002/_next/static/chunks/node_modules_next_dist_client_cf1d9188._.js:5949
[    6367ms] [LOG] [Fast Refresh] done in 551ms @ http://localhost:9002/_next/static/chunks/node_modules_next_dist_client_cf1d9188._.js:5809
[  267433ms] [ERROR] Failed to load resource: net::ERR_QUIC_PROTOCOL_ERROR.QUIC_TOO_MANY_RTOS @ https://firestore.googleapis.com/google.firestore.v1.Firestore/Listen/channel?gsessionid=CVXju3YgBLKq03MZpijWje-PjNIpqm411OaTChZQ486aNXLuU5ieCA&VER=8&database=projects%2Fserenity-relax-joao%2Fdatabases%2F(default)&RID=rpc&SID=zgL7vz_ntSlvgxXuJtJkzg&AID=146&CI=0&TYPE=xmlhttp&zx=eregp8h1745v&t=1:0
[  267541ms] [ERROR] Failed to load resource: the server responded with a status of 400 () @ https://firestore.googleapis.com/google.firestore.v1.Firestore/Listen/channel?gsessionid=CVXju3YgBLKq03MZpijWje-PjNIpqm411OaTChZQ486aNXLuU5ieCA&VER=8&database=projects%2Fserenity-relax-joao%2Fdatabases%2F(default)&RID=rpc&SID=zgL7vz_ntSlvgxXuJtJkzg&AID=148&CI=0&TYPE=xmlhttp&zx=p00w6r6ebzg1&t=1:0
[  267577ms] [WARNING] [2026-05-15T09:23:55.187Z]  @firebase/firestore: Firestore (11.10.0): WebChannelConnection RPC 'Listen' stream 0x4097d4cd transport errored. Name: undefined Message: undefined @ http://localhost:9002/_next/static/chunks/node_modules_0d688b2b._.js:4455
[  293940ms] [INFO] %cDownload the React DevTools for a better development experience: https://react.dev/link/react-devtools font-weight:bold @ http://localhost:9002/_next/static/chunks/node_modules_next_dist_compiled_react-dom_1e674e59._.js:14537
[  294328ms] [WARNING] Detected `scroll-behavior: smooth` on the `<html>` element. In a future version, Next.js will no longer automatically disable smooth scrolling during route transitions. To prepare for this change, add `data-scroll-behavior="smooth"` to your <html> element. Learn more: https://nextjs.org/docs/messages/missing-data-scroll-behavior @ http://localhost:9002/_next/static/chunks/node_modules_next_dist_b0daae9a._.js:968
[  294356ms] [LOG] [Fast Refresh] rebuilding @ http://localhost:9002/_next/static/chunks/node_modules_next_dist_client_cf1d9188._.js:5949
[  294417ms] [LOG] [Fast Refresh] done in 178ms @ http://localhost:9002/_next/static/chunks/node_modules_next_dist_client_cf1d9188._.js:5809
[  423046ms] [ERROR] Failed to load resource: net::ERR_INTERNET_DISCONNECTED @ https://firestore.googleapis.com/google.firestore.v1.Firestore/Listen/channel?VER=8&database=projects%2Fserenity-relax-joao%2Fdatabases%2F(default)&gsessionid=7JpPEFlxEZY8DtYh5bX6WjpolwdJOn6CXaJJAAokUXqB5m8k_jA2iQ&SID=GB45uQm9LqVHdUALXA9Qbw&RID=6076&TYPE=terminate&zx=3yepkj1xvqb2:0
[  423054ms] [ERROR] Failed to load resource: net::ERR_INTERNET_DISCONNECTED @ https://firestore.googleapis.com/google.firestore.v1.Firestore/Listen/channel?VER=8&database=projects%2Fserenity-relax-joao%2Fdatabases%2F(default)&RID=89132&CVER=22&X-HTTP-Session-Id=gsessionid&zx=h3q6ts8w15nf&t=1:0
[  423054ms] [WARNING] [2026-05-15T09:26:30.668Z]  @firebase/firestore: Firestore (11.10.0): WebChannelConnection RPC 'Listen' stream 0x5e43b7da transport errored. Name: undefined Message: undefined @ http://localhost:9002/_next/static/chunks/node_modules_0d688b2b._.js:4455
[  423063ms] [ERROR] Failed to load resource: net::ERR_INTERNET_DISCONNECTED @ https://www.google.com/images/cleardot.gif?zx=ydhsuqeder9f:0
[  423064ms] [ERROR] Failed to load resource: net::ERR_INTERNET_DISCONNECTED @ https://firestore.googleapis.com/google.firestore.v1.Firestore/Listen/channel?VER=8&database=projects%2Fserenity-relax-joao%2Fdatabases%2F(default)&RID=44670&CVER=22&X-HTTP-Session-Id=gsessionid&zx=qzyohi8tzjdw&t=1:0
[  423064ms] [WARNING] [2026-05-15T09:26:30.677Z]  @firebase/firestore: Firestore (11.10.0): WebChannelConnection RPC 'Listen' stream 0x5e43b7db transport errored. Name: undefined Message: undefined @ http://localhost:9002/_next/static/chunks/node_modules_0d688b2b._.js:4455
[  423071ms] [ERROR] Failed to load resource: net::ERR_INTERNET_DISCONNECTED @ https://www.google.com/images/cleardot.gif?zx=bez62xugczwr:0
[  424280ms] [ERROR] Failed to load resource: net::ERR_INTERNET_DISCONNECTED @ https://firestore.googleapis.com/google.firestore.v1.Firestore/Listen/channel?VER=8&database=projects%2Fserenity-relax-joao%2Fdatabases%2F(default)&RID=89785&CVER=22&X-HTTP-Session-Id=gsessionid&zx=shl3q8p20vub&t=1:0
[  424280ms] [WARNING] [2026-05-15T09:26:31.893Z]  @firebase/firestore: Firestore (11.10.0): WebChannelConnection RPC 'Listen' stream 0x5e43b7dc transport errored. Name: undefined Message: undefined @ http://localhost:9002/_next/static/chunks/node_modules_0d688b2b._.js:4455
[  424282ms] [ERROR] Failed to load resource: net::ERR_INTERNET_DISCONNECTED @ https://www.google.com/images/cleardot.gif?zx=k5c2gttz3k5k:0
[  425717ms] [ERROR] Failed to load resource: net::ERR_INTERNET_DISCONNECTED @ https://firestore.googleapis.com/google.firestore.v1.Firestore/Listen/channel?VER=8&database=projects%2Fserenity-relax-joao%2Fdatabases%2F(default)&RID=2651&CVER=22&X-HTTP-Session-Id=gsessionid&zx=mgo3599gsye9&t=1:0
[  425718ms] [WARNING] [2026-05-15T09:26:33.331Z]  @firebase/firestore: Firestore (11.10.0): WebChannelConnection RPC 'Listen' stream 0x5e43b7dd transport errored. Name: undefined Message: undefined @ http://localhost:9002/_next/static/chunks/node_modules_0d688b2b._.js:4455
[  425727ms] [ERROR] Failed to load resource: net::ERR_INTERNET_DISCONNECTED @ https://www.google.com/images/cleardot.gif?zx=g5h6gsrh4d3x:0
[  427610ms] [ERROR] Failed to load resource: net::ERR_INTERNET_DISCONNECTED @ https://firestore.googleapis.com/google.firestore.v1.Firestore/Listen/channel?VER=8&database=projects%2Fserenity-relax-joao%2Fdatabases%2F(default)&RID=57132&CVER=22&X-HTTP-Session-Id=gsessionid&zx=rk0g3d8jo973&t=1:0
[  427611ms] [WARNING] [2026-05-15T09:26:35.224Z]  @firebase/firestore: Firestore (11.10.0): WebChannelConnection RPC 'Listen' stream 0x5e43b7de transport errored. Name: undefined Message: undefined @ http://localhost:9002/_next/static/chunks/node_modules_0d688b2b._.js:4455
[  427616ms] [ERROR] Failed to load resource: net::ERR_INTERNET_DISCONNECTED @ https://www.google.com/images/cleardot.gif?zx=4b3zhwdpv42h:0
[  432651ms] [ERROR] Failed to load resource: net::ERR_INTERNET_DISCONNECTED @ https://firestore.googleapis.com/google.firestore.v1.Firestore/Listen/channel?VER=8&database=projects%2Fserenity-relax-joao%2Fdatabases%2F(default)&RID=63964&CVER=22&X-HTTP-Session-Id=gsessionid&zx=p2p627pohj65&t=1:0
[  432652ms] [WARNING] [2026-05-15T09:26:40.265Z]  @firebase/firestore: Firestore (11.10.0): WebChannelConnection RPC 'Listen' stream 0x5e43b7df transport errored. Name: undefined Message: undefined @ http://localhost:9002/_next/static/chunks/node_modules_0d688b2b._.js:4455
[  432658ms] [ERROR] Failed to load resource: net::ERR_INTERNET_DISCONNECTED @ https://www.google.com/images/cleardot.gif?zx=332kf2e40ho1:0
[ 3046598ms] [ERROR] Failed to load resource: net::ERR_INTERNET_DISCONNECTED @ https://securetoken.googleapis.com/v1/token?key=AIzaSyDVKma95UOoUSajrzCmV7vLHPAt2Q5tK7c:0
[ 3051372ms] [ERROR] Failed to load resource: net::ERR_INTERNET_DISCONNECTED @ https://securetoken.googleapis.com/v1/token?key=AIzaSyDVKma95UOoUSajrzCmV7vLHPAt2Q5tK7c:0
[ 3089889ms] [ERROR] Failed to load resource: net::ERR_CONNECTION_CLOSED @ https://firestore.googleapis.com/google.firestore.v1.Firestore/Listen/channel?VER=8&database=projects%2Fserenity-relax-joao%2Fdatabases%2F(default)&gsessionid=vAmBc5znIZMRw3sy9ggn0IHjSHhJhebGkoAcw41QS3EBJrvCJNSTjA&SID=-P9GP-ZDav5X1juRMw5TBQ&RID=53486&TYPE=terminate&zx=7dd2bu2aahlq:0
[ 3090023ms] [ERROR] Failed to load resource: net::ERR_INTERNET_DISCONNECTED @ https://firestore.googleapis.com/google.firestore.v1.Firestore/Listen/channel?VER=8&database=projects%2Fserenity-relax-joao%2Fdatabases%2F(default)&RID=45428&CVER=22&X-HTTP-Session-Id=gsessionid&zx=m0760rvfua09&t=1:0
[ 3090026ms] [WARNING] [2026-05-15T10:10:57.639Z]  @firebase/firestore: Firestore (11.10.0): WebChannelConnection RPC 'Listen' stream 0x5e43b7e1 transport errored. Name: undefined Message: undefined @ http://localhost:9002/_next/static/chunks/node_modules_0d688b2b._.js:4455
[ 3090099ms] [ERROR] Failed to load resource: net::ERR_INTERNET_DISCONNECTED @ https://www.google.com/images/cleardot.gif?zx=u8abwjw7fbba:0
[ 3090102ms] [ERROR] Failed to load resource: net::ERR_INTERNET_DISCONNECTED @ https://firestore.googleapis.com/google.firestore.v1.Firestore/Listen/channel?VER=8&database=projects%2Fserenity-relax-joao%2Fdatabases%2F(default)&RID=9032&CVER=22&X-HTTP-Session-Id=gsessionid&zx=ybq4twpuwy78&t=1:0
[ 3090103ms] [WARNING] [2026-05-15T10:10:57.717Z]  @firebase/firestore: Firestore (11.10.0): WebChannelConnection RPC 'Listen' stream 0x5e43b7e2 transport errored. Name: undefined Message: undefined @ http://localhost:9002/_next/static/chunks/node_modules_0d688b2b._.js:4455
[ 3090166ms] [ERROR] Failed to load resource: net::ERR_INTERNET_DISCONNECTED @ https://www.google.com/images/cleardot.gif?zx=t8mayyyayovq:0
[ 3090588ms] [ERROR] Failed to load resource: net::ERR_INTERNET_DISCONNECTED @ https://firestore.googleapis.com/google.firestore.v1.Firestore/Listen/channel?VER=8&database=projects%2Fserenity-relax-joao%2Fdatabases%2F(default)&RID=89232&CVER=22&X-HTTP-Session-Id=gsessionid&zx=t7jx1kis8737&t=1:0
[ 3090589ms] [WARNING] [2026-05-15T10:10:58.202Z]  @firebase/firestore: Firestore (11.10.0): WebChannelConnection RPC 'Listen' stream 0x5e43b7e3 transport errored. Name: undefined Message: undefined @ http://localhost:9002/_next/static/chunks/node_modules_0d688b2b._.js:4455
[ 3090596ms] [ERROR] Failed to load resource: net::ERR_INTERNET_DISCONNECTED @ https://www.google.com/images/cleardot.gif?zx=k67pg2xdaub3:0
[ 3092361ms] [ERROR] Failed to load resource: net::ERR_INTERNET_DISCONNECTED @ https://firestore.googleapis.com/google.firestore.v1.Firestore/Listen/channel?VER=8&database=projects%2Fserenity-relax-joao%2Fdatabases%2F(default)&RID=77077&CVER=22&X-HTTP-Session-Id=gsessionid&zx=cajrr0v3hfy9&t=1:0
[ 3092362ms] [WARNING] [2026-05-15T10:10:59.975Z]  @firebase/firestore: Firestore (11.10.0): WebChannelConnection RPC 'Listen' stream 0x5e43b7e4 transport errored. Name: undefined Message: undefined @ http://localhost:9002/_next/static/chunks/node_modules_0d688b2b._.js:4455
[ 3092374ms] [ERROR] Failed to load resource: net::ERR_INTERNET_DISCONNECTED @ https://www.google.com/images/cleardot.gif?zx=ppynrn7hgiqt:0
[ 3093904ms] [ERROR] Failed to load resource: net::ERR_INTERNET_DISCONNECTED @ https://firestore.googleapis.com/google.firestore.v1.Firestore/Listen/channel?VER=8&database=projects%2Fserenity-relax-joao%2Fdatabases%2F(default)&RID=24776&CVER=22&X-HTTP-Session-Id=gsessionid&zx=u5bn3lyqvf36&t=1:0
[ 3093904ms] [WARNING] [2026-05-15T10:11:01.518Z]  @firebase/firestore: Firestore (11.10.0): WebChannelConnection RPC 'Listen' stream 0x5e43b7e5 transport errored. Name: undefined Message: undefined @ http://localhost:9002/_next/static/chunks/node_modules_0d688b2b._.js:4455
[ 3093907ms] [ERROR] Failed to load resource: net::ERR_INTERNET_DISCONNECTED @ https://www.google.com/images/cleardot.gif?zx=qkmiej2d79s2:0
[ 3095700ms] [ERROR] Failed to load resource: net::ERR_INTERNET_DISCONNECTED @ https://firestore.googleapis.com/google.firestore.v1.Firestore/Listen/channel?VER=8&database=projects%2Fserenity-relax-joao%2Fdatabases%2F(default)&RID=12655&CVER=22&X-HTTP-Session-Id=gsessionid&zx=aup617zhmb9q&t=1:0
[ 3095702ms] [WARNING] [2026-05-15T10:11:03.315Z]  @firebase/firestore: Firestore (11.10.0): WebChannelConnection RPC 'Listen' stream 0x5e43b7e6 transport errored. Name: undefined Message: undefined @ http://localhost:9002/_next/static/chunks/node_modules_0d688b2b._.js:4455
[ 3095708ms] [ERROR] Failed to load resource: net::ERR_INTERNET_DISCONNECTED @ https://www.google.com/images/cleardot.gif?zx=y7orit3lfeuk:0
[ 3098540ms] [ERROR] Failed to load resource: net::ERR_INTERNET_DISCONNECTED @ https://firestore.googleapis.com/google.firestore.v1.Firestore/Listen/channel?VER=8&database=projects%2Fserenity-relax-joao%2Fdatabases%2F(default)&RID=99966&CVER=22&X-HTTP-Session-Id=gsessionid&zx=9jiht6lk96x5&t=1:0
[ 3098541ms] [WARNING] [2026-05-15T10:11:06.154Z]  @firebase/firestore: Firestore (11.10.0): WebChannelConnection RPC 'Listen' stream 0x5e43b7e7 transport errored. Name: undefined Message: undefined @ http://localhost:9002/_next/static/chunks/node_modules_0d688b2b._.js:4455
[ 3098550ms] [ERROR] Failed to load resource: net::ERR_INTERNET_DISCONNECTED @ https://www.google.com/images/cleardot.gif?zx=w1ycguvs1wog:0
[ 3108261ms] [ERROR] Failed to load resource: net::ERR_INTERNET_DISCONNECTED @ https://firestore.googleapis.com/google.firestore.v1.Firestore/Listen/channel?VER=8&database=projects%2Fserenity-relax-joao%2Fdatabases%2F(default)&RID=56972&CVER=22&X-HTTP-Session-Id=gsessionid&zx=3xi769f25ljf&t=1:0
[ 3108262ms] [WARNING] [2026-05-15T10:11:15.875Z]  @firebase/firestore: Firestore (11.10.0): WebChannelConnection RPC 'Listen' stream 0x5e43b7e8 transport errored. Name: undefined Message: undefined @ http://localhost:9002/_next/static/chunks/node_modules_0d688b2b._.js:4455
[ 3108266ms] [ERROR] Failed to load resource: net::ERR_INTERNET_DISCONNECTED @ https://www.google.com/images/cleardot.gif?zx=4vu58t6tl9yd:0
[ 3139497ms] [LOG] [Fast Refresh] rebuilding @ http://localhost:9002/_next/static/chunks/node_modules_next_dist_client_cf1d9188._.js:5949
[ 3139920ms] [LOG] [Fast Refresh] done in 530ms @ http://localhost:9002/_next/static/chunks/node_modules_next_dist_client_cf1d9188._.js:5809
