[    2551ms] [INFO] %cDownload the React DevTools for a better development experience: https://react.dev/link/react-devtools font-weight:bold @ http://localhost:9002/_next/static/chunks/node_modules_next_dist_compiled_react-dom_1e674e59._.js:14537
[    3172ms] [LOG] [Fast Refresh] rebuilding @ http://localhost:9002/_next/static/chunks/node_modules_next_dist_client_cf1d9188._.js:5949
[    4165ms] [LOG] [Fast Refresh] done in 1094ms @ http://localhost:9002/_next/static/chunks/node_modules_next_dist_client_cf1d9188._.js:5809
[  689950ms] [LOG] [Fast Refresh] rebuilding @ http://localhost:9002/_next/static/chunks/node_modules_next_dist_client_cf1d9188._.js:5949
[  691077ms] [LOG] [Fast Refresh] done in 1151ms @ http://localhost:9002/_next/static/chunks/node_modules_next_dist_client_cf1d9188._.js:5809
[  784185ms] [ERROR] Failed to load resource: net::ERR_NAME_NOT_RESOLVED @ https://firestore.googleapis.com/google.firestore.v1.Firestore/Listen/channel?VER=8&database=projects%2Fserenity-relax-joao%2Fdatabases%2F(default)&gsessionid=5pImNdmqlIL0-3we5UkqrsArkjPMUQfVoW0Rc9zqmLswdYS6erZCnw&SID=x6ffNyRgtP36mWsjuh4jWQ&RID=44963&TYPE=terminate&zx=fa7kuf2esuz4:0
[  784197ms] [ERROR] Failed to load resource: net::ERR_INTERNET_DISCONNECTED @ https://firestore.googleapis.com/google.firestore.v1.Firestore/Listen/channel?VER=8&database=projects%2Fserenity-relax-joao%2Fdatabases%2F(default)&RID=4666&CVER=22&X-HTTP-Session-Id=gsessionid&zx=7e5iump13jm7&t=1:0
[  784219ms] [WARNING] [2026-05-15T17:57:21.582Z]  @firebase/firestore: Firestore (11.10.0): WebChannelConnection RPC 'Listen' stream 0x853db365 transport errored. Name: undefined Message: undefined @ http://localhost:9002/_next/static/chunks/node_modules_0d688b2b._.js:4455
[  784238ms] [ERROR] Failed to load resource: net::ERR_INTERNET_DISCONNECTED @ https://www.google.com/images/cleardot.gif?zx=3v2fys1ct7p5:0
[  784240ms] [ERROR] Failed to load resource: net::ERR_INTERNET_DISCONNECTED @ https://firestore.googleapis.com/google.firestore.v1.Firestore/Listen/channel?VER=8&database=projects%2Fserenity-relax-joao%2Fdatabases%2F(default)&RID=98982&CVER=22&X-HTTP-Session-Id=gsessionid&zx=s80zauyjmi34&t=1:0
[  784240ms] [WARNING] [2026-05-15T17:57:21.612Z]  @firebase/firestore: Firestore (11.10.0): WebChannelConnection RPC 'Listen' stream 0x853db366 transport errored. Name: undefined Message: undefined @ http://localhost:9002/_next/static/chunks/node_modules_0d688b2b._.js:4455
[  784252ms] [ERROR] Failed to load resource: net::ERR_INTERNET_DISCONNECTED @ https://www.google.com/images/cleardot.gif?zx=cv7jxzk2ove9:0
[  785179ms] [ERROR] Failed to load resource: net::ERR_INTERNET_DISCONNECTED @ https://firestore.googleapis.com/google.firestore.v1.Firestore/Listen/channel?VER=8&database=projects%2Fserenity-relax-joao%2Fdatabases%2F(default)&RID=40416&CVER=22&X-HTTP-Session-Id=gsessionid&zx=qfd3ag972ogd&t=1:0
[  785179ms] [WARNING] [2026-05-15T17:57:22.552Z]  @firebase/firestore: Firestore (11.10.0): WebChannelConnection RPC 'Listen' stream 0x853db367 transport errored. Name: undefined Message: undefined @ http://localhost:9002/_next/static/chunks/node_modules_0d688b2b._.js:4455
[  785185ms] [ERROR] Failed to load resource: net::ERR_INTERNET_DISCONNECTED @ https://www.google.com/images/cleardot.gif?zx=j23twc2nph3t:0
[  786033ms] [ERROR] Failed to load resource: net::ERR_INTERNET_DISCONNECTED @ https://firestore.googleapis.com/google.firestore.v1.Firestore/Listen/channel?VER=8&database=projects%2Fserenity-relax-joao%2Fdatabases%2F(default)&RID=74067&CVER=22&X-HTTP-Session-Id=gsessionid&zx=vk5f7s63vj2&t=1:0
[  786033ms] [WARNING] [2026-05-15T17:57:23.406Z]  @firebase/firestore: Firestore (11.10.0): WebChannelConnection RPC 'Listen' stream 0x853db368 transport errored. Name: undefined Message: undefined @ http://localhost:9002/_next/static/chunks/node_modules_0d688b2b._.js:4455
[  786037ms] [ERROR] Failed to load resource: net::ERR_INTERNET_DISCONNECTED @ https://www.google.com/images/cleardot.gif?zx=u28dbmcb3zs:0
[  788740ms] [ERROR] Failed to load resource: net::ERR_INTERNET_DISCONNECTED @ https://firestore.googleapis.com/google.firestore.v1.Firestore/Listen/channel?VER=8&database=projects%2Fserenity-relax-joao%2Fdatabases%2F(default)&RID=80358&CVER=22&X-HTTP-Session-Id=gsessionid&zx=v5e0qxklv862&t=1:0
[  788741ms] [WARNING] [2026-05-15T17:57:26.113Z]  @firebase/firestore: Firestore (11.10.0): WebChannelConnection RPC 'Listen' stream 0x853db369 transport errored. Name: undefined Message: undefined @ http://localhost:9002/_next/static/chunks/node_modules_0d688b2b._.js:4455
[  788749ms] [ERROR] Failed to load resource: net::ERR_INTERNET_DISCONNECTED @ https://www.google.com/images/cleardot.gif?zx=ze9qkw5tl6w1:0
[  793495ms] [ERROR] Failed to load resource: net::ERR_INTERNET_DISCONNECTED @ https://firestore.googleapis.com/google.firestore.v1.Firestore/Listen/channel?VER=8&database=projects%2Fserenity-relax-joao%2Fdatabases%2F(default)&RID=85309&CVER=22&X-HTTP-Session-Id=gsessionid&zx=6k2y4cpiclvr&t=1:0
[  793496ms] [WARNING] [2026-05-15T17:57:30.868Z]  @firebase/firestore: Firestore (11.10.0): WebChannelConnection RPC 'Listen' stream 0x853db36a transport errored. Name: undefined Message: undefined @ http://localhost:9002/_next/static/chunks/node_modules_0d688b2b._.js:4455
[  793500ms] [ERROR] Failed to load resource: net::ERR_INTERNET_DISCONNECTED @ https://www.google.com/images/cleardot.gif?zx=viv2ub4e0x5:0
[  797831ms] [ERROR] Failed to load resource: net::ERR_INTERNET_DISCONNECTED @ https://firestore.googleapis.com/google.firestore.v1.Firestore/Listen/channel?VER=8&database=projects%2Fserenity-relax-joao%2Fdatabases%2F(default)&RID=64396&CVER=22&X-HTTP-Session-Id=gsessionid&zx=chp3ipvhoka9&t=1:0
[  797831ms] [WARNING] [2026-05-15T17:57:35.204Z]  @firebase/firestore: Firestore (11.10.0): WebChannelConnection RPC 'Listen' stream 0x853db36b transport errored. Name: undefined Message: undefined @ http://localhost:9002/_next/static/chunks/node_modules_0d688b2b._.js:4455
[  797834ms] [ERROR] Failed to load resource: net::ERR_INTERNET_DISCONNECTED @ https://www.google.com/images/cleardot.gif?zx=ktksvoz9fu6e:0
[  804714ms] [ERROR] Failed to load resource: net::ERR_INTERNET_DISCONNECTED @ https://firestore.googleapis.com/google.firestore.v1.Firestore/Listen/channel?VER=8&database=projects%2Fserenity-relax-joao%2Fdatabases%2F(default)&RID=92557&CVER=22&X-HTTP-Session-Id=gsessionid&zx=7rmss2y91h62&t=1:0
[  804715ms] [WARNING] [2026-05-15T17:57:42.087Z]  @firebase/firestore: Firestore (11.10.0): WebChannelConnection RPC 'Listen' stream 0x853db36c transport errored. Name: undefined Message: undefined @ http://localhost:9002/_next/static/chunks/node_modules_0d688b2b._.js:4455
[  804719ms] [ERROR] Failed to load resource: net::ERR_INTERNET_DISCONNECTED @ https://www.google.com/images/cleardot.gif?zx=lvin6lwrlmcw:0
[  813107ms] [ERROR] Failed to load resource: net::ERR_INTERNET_DISCONNECTED @ https://firestore.googleapis.com/google.firestore.v1.Firestore/Listen/channel?VER=8&database=projects%2Fserenity-relax-joao%2Fdatabases%2F(default)&RID=96538&CVER=22&X-HTTP-Session-Id=gsessionid&zx=jhgylq8iu6fj&t=1:0
[  813108ms] [WARNING] [2026-05-15T17:57:50.480Z]  @firebase/firestore: Firestore (11.10.0): WebChannelConnection RPC 'Listen' stream 0x853db36d transport errored. Name: undefined Message: undefined @ http://localhost:9002/_next/static/chunks/node_modules_0d688b2b._.js:4455
[  813114ms] [ERROR] Failed to load resource: net::ERR_INTERNET_DISCONNECTED @ https://www.google.com/images/cleardot.gif?zx=jhty1fnfr7li:0
[  859987ms] [ERROR] Failed to load resource: net::ERR_QUIC_PROTOCOL_ERROR.QUIC_TOO_MANY_RTOS @ https://firestore.googleapis.com/google.firestore.v1.Firestore/Listen/channel?gsessionid=xwNVpb4C_GkKe1ARwwe3iXWFYSlFJ1lzudOAnCJll9GHNm0HNe6aoA&VER=8&database=projects%2Fserenity-relax-joao%2Fdatabases%2F(default)&RID=rpc&SID=sU0G3bABjXLrlUYiXwyfBA&AID=0&CI=0&TYPE=xmlhttp&zx=qnxgcak89ipa&t=1:0
[ 1911688ms] [ERROR] Failed to load resource: net::ERR_QUIC_PROTOCOL_ERROR.QUIC_TOO_MANY_RTOS @ https://firestore.googleapis.com/google.firestore.v1.Firestore/Listen/channel?gsessionid=xwNVpb4C_GkKe1ARwwe3iXWFYSlFJ1lzudOAnCJll9GHNm0HNe6aoA&VER=8&database=projects%2Fserenity-relax-joao%2Fdatabases%2F(default)&RID=rpc&SID=sU0G3bABjXLrlUYiXwyfBA&AID=82&CI=0&TYPE=xmlhttp&zx=rvjhx7x6kgm9&t=1:0
[ 2212473ms] [ERROR] Failed to load resource: net::ERR_QUIC_PROTOCOL_ERROR.QUIC_TOO_MANY_RTOS @ https://firestore.googleapis.com/google.firestore.v1.Firestore/Listen/channel?gsessionid=xwNVpb4C_GkKe1ARwwe3iXWFYSlFJ1lzudOAnCJll9GHNm0HNe6aoA&VER=8&database=projects%2Fserenity-relax-joao%2Fdatabases%2F(default)&RID=rpc&SID=sU0G3bABjXLrlUYiXwyfBA&AID=99&CI=0&TYPE=xmlhttp&zx=2n9abzfpu6gr&t=1:0
[ 2288774ms] [ERROR] Failed to load resource: net::ERR_QUIC_PROTOCOL_ERROR.QUIC_TOO_MANY_RTOS @ https://firestore.googleapis.com/google.firestore.v1.Firestore/Listen/channel?gsessionid=lyfUSYEswejTM2dwYHh-ubUZFWb19eQxF3etC9cCqp5FPxev3BRR5g&VER=8&database=projects%2Fserenity-relax-joao%2Fdatabases%2F(default)&RID=rpc&SID=qRSY_013073hp7Xk8L63Mw&AID=35&CI=0&TYPE=xmlhttp&zx=1akyoqjwnsjv&t=1:0
[ 2346049ms] [ERROR] Failed to load resource: net::ERR_QUIC_PROTOCOL_ERROR.QUIC_TOO_MANY_RTOS @ https://firestore.googleapis.com/google.firestore.v1.Firestore/Listen/channel?gsessionid=lyfUSYEswejTM2dwYHh-ubUZFWb19eQxF3etC9cCqp5FPxev3BRR5g&VER=8&database=projects%2Fserenity-relax-joao%2Fdatabases%2F(default)&RID=rpc&SID=qRSY_013073hp7Xk8L63Mw&AID=36&CI=0&TYPE=xmlhttp&zx=bsayi0b8brk2&t=1:0
[ 2415153ms] [ERROR] Failed to load resource: net::ERR_QUIC_PROTOCOL_ERROR.QUIC_TOO_MANY_RTOS @ https://firestore.googleapis.com/google.firestore.v1.Firestore/Listen/channel?gsessionid=lyfUSYEswejTM2dwYHh-ubUZFWb19eQxF3etC9cCqp5FPxev3BRR5g&VER=8&database=projects%2Fserenity-relax-joao%2Fdatabases%2F(default)&RID=rpc&SID=qRSY_013073hp7Xk8L63Mw&AID=42&CI=0&TYPE=xmlhttp&zx=qbi71mpkta8b&t=1:0
[ 2468885ms] [LOG] [Fast Refresh] rebuilding @ http://localhost:9002/_next/static/chunks/node_modules_next_dist_client_cf1d9188._.js:5949
[ 2469355ms] [LOG] [Fast Refresh] done in 576ms @ http://localhost:9002/_next/static/chunks/node_modules_next_dist_client_cf1d9188._.js:5809
[ 2629863ms] [ERROR] Failed to load resource: net::ERR_QUIC_PROTOCOL_ERROR.QUIC_TOO_MANY_RTOS @ https://firestore.googleapis.com/google.firestore.v1.Firestore/Listen/channel?gsessionid=lyfUSYEswejTM2dwYHh-ubUZFWb19eQxF3etC9cCqp5FPxev3BRR5g&VER=8&database=projects%2Fserenity-relax-joao%2Fdatabases%2F(default)&RID=rpc&SID=qRSY_013073hp7Xk8L63Mw&AID=56&CI=0&TYPE=xmlhttp&zx=4szxs4je8ysj&t=1:0
[ 2702347ms] [ERROR] Failed to load resource: net::ERR_QUIC_PROTOCOL_ERROR.QUIC_TOO_MANY_RTOS @ https://firestore.googleapis.com/google.firestore.v1.Firestore/Listen/channel?gsessionid=lyfUSYEswejTM2dwYHh-ubUZFWb19eQxF3etC9cCqp5FPxev3BRR5g&VER=8&database=projects%2Fserenity-relax-joao%2Fdatabases%2F(default)&RID=rpc&SID=qRSY_013073hp7Xk8L63Mw&AID=61&CI=0&TYPE=xmlhttp&zx=ijcu4rcs22tm&t=1:0
[ 2737079ms] [ERROR] Failed to load resource: net::ERR_QUIC_PROTOCOL_ERROR.QUIC_TOO_MANY_RTOS @ https://firestore.googleapis.com/google.firestore.v1.Firestore/Listen/channel?gsessionid=lyfUSYEswejTM2dwYHh-ubUZFWb19eQxF3etC9cCqp5FPxev3BRR5g&VER=8&database=projects%2Fserenity-relax-joao%2Fdatabases%2F(default)&RID=rpc&SID=qRSY_013073hp7Xk8L63Mw&AID=62&CI=0&TYPE=xmlhttp&zx=7okspjz4ze51&t=1:0
[ 2830217ms] [INFO] %cDownload the React DevTools for a better development experience: https://react.dev/link/react-devtools font-weight:bold @ http://localhost:9002/_next/static/chunks/node_modules_next_dist_compiled_react-dom_1e674e59._.js:14537
[ 2830505ms] [LOG] [Fast Refresh] rebuilding @ http://localhost:9002/_next/static/chunks/node_modules_next_dist_client_cf1d9188._.js:5949
[ 2830510ms] [LOG] [Fast Refresh] done in 106ms @ http://localhost:9002/_next/static/chunks/node_modules_next_dist_client_cf1d9188._.js:5809
[ 2845460ms] [LOG] [Fast Refresh] rebuilding @ http://localhost:9002/_next/static/chunks/node_modules_next_dist_client_cf1d9188._.js:5949
[ 2845582ms] [LOG] [Fast Refresh] done in 223ms @ http://localhost:9002/_next/static/chunks/node_modules_next_dist_client_cf1d9188._.js:5809
[ 2865385ms] [WARNING] Detected `scroll-behavior: smooth` on the `<html>` element. In a future version, Next.js will no longer automatically disable smooth scrolling during route transitions. To prepare for this change, add `data-scroll-behavior="smooth"` to your <html> element. Learn more: https://nextjs.org/docs/messages/missing-data-scroll-behavior @ http://localhost:9002/_next/static/chunks/node_modules_next_dist_b0daae9a._.js:968
[ 2865429ms] [LOG] [Fast Refresh] rebuilding @ http://localhost:9002/_next/static/chunks/node_modules_next_dist_client_cf1d9188._.js:5949
[ 2865446ms] [LOG] [Fast Refresh] done in 131ms @ http://localhost:9002/_next/static/chunks/node_modules_next_dist_client_cf1d9188._.js:5809
[ 2897303ms] [LOG] [Fast Refresh] rebuilding @ http://localhost:9002/_next/static/chunks/node_modules_next_dist_client_cf1d9188._.js:5949
[ 2897365ms] [LOG] [Fast Refresh] done in 164ms @ http://localhost:9002/_next/static/chunks/node_modules_next_dist_client_cf1d9188._.js:5809
[ 2903000ms] [ERROR] `DialogContent` requires a `DialogTitle` for the component to be accessible for screen reader users.

If you want to hide the `DialogTitle`, you can wrap it with our VisuallyHidden component.

For more information, see https://radix-ui.com/primitives/docs/components/dialog @ http://localhost:9002/_next/static/chunks/node_modules_next_dist_b0daae9a._.js:2359
[ 2903001ms] [WARNING] Warning: Missing `Description` or `aria-describedby={undefined}` for {DialogContent}. @ http://localhost:9002/_next/static/chunks/node_modules_053eea3b._.js:6848
[ 2903004ms] [ERROR] `DialogContent` requires a `DialogTitle` for the component to be accessible for screen reader users.

If you want to hide the `DialogTitle`, you can wrap it with our VisuallyHidden component.

For more information, see https://radix-ui.com/primitives/docs/components/dialog @ http://localhost:9002/_next/static/chunks/node_modules_next_dist_b0daae9a._.js:2359
[ 2903005ms] [WARNING] Warning: Missing `Description` or `aria-describedby={undefined}` for {DialogContent}. @ http://localhost:9002/_next/static/chunks/node_modules_053eea3b._.js:6848
[ 2903181ms] [LOG] [Fast Refresh] rebuilding @ http://localhost:9002/_next/static/chunks/node_modules_next_dist_client_cf1d9188._.js:5949
[ 2904615ms] [LOG] [Fast Refresh] done in 1536ms @ http://localhost:9002/_next/static/chunks/node_modules_next_dist_client_cf1d9188._.js:5809
[ 2906807ms] [WARNING] Blocked aria-hidden on an element because its descendant retained focus. The focus must not be hidden from assistive technology users. Avoid using aria-hidden on a focused element or its ancestor. Consider using the inert attribute instead, which will also prevent focus. For more details, see the aria-hidden section of the WAI-ARIA specification at https://w3c.github.io/aria/#aria-hidden.
Element with focus: <button>
Ancestor with aria-hidden: <script> @ http://localhost:9002/therapist/dashboard:0
[ 2980754ms] [ERROR] Failed to load resource: net::ERR_QUIC_PROTOCOL_ERROR.QUIC_TOO_MANY_RTOS @ https://firestore.googleapis.com/google.firestore.v1.Firestore/Listen/channel?gsessionid=5gPBaInHG_MF7VYeTOphGRpUL59wDHa8JPPu7yNaU8-WzzTKxVhKRA&VER=8&database=projects%2Fserenity-relax-joao%2Fdatabases%2F(default)&RID=rpc&SID=WY6M7oF8BpDmXaNKrm9KoA&AID=178&CI=0&TYPE=xmlhttp&zx=cvo4w2fykykm&t=1:0
[ 2994879ms] [ERROR] Failed to load resource: net::ERR_HTTP2_PING_FAILED @ https://firestore.googleapis.com/google.firestore.v1.Firestore/Listen/channel?gsessionid=5gPBaInHG_MF7VYeTOphGRpUL59wDHa8JPPu7yNaU8-WzzTKxVhKRA&VER=8&database=projects%2Fserenity-relax-joao%2Fdatabases%2F(default)&RID=rpc&SID=WY6M7oF8BpDmXaNKrm9KoA&AID=208&CI=0&TYPE=xmlhttp&zx=ber1qcj5t34r&t=1:0
[ 3152197ms] [LOG] [Fast Refresh] rebuilding @ http://localhost:9002/_next/static/chunks/node_modules_next_dist_client_cf1d9188._.js:5949
[ 3152298ms] [LOG] [Fast Refresh] done in 206ms @ http://localhost:9002/_next/static/chunks/node_modules_next_dist_client_cf1d9188._.js:5809
[ 3324757ms] [ERROR] Failed to load resource: net::ERR_QUIC_PROTOCOL_ERROR.QUIC_TOO_MANY_RTOS @ https://firestore.googleapis.com/google.firestore.v1.Firestore/Listen/channel?gsessionid=5gPBaInHG_MF7VYeTOphGRpUL59wDHa8JPPu7yNaU8-WzzTKxVhKRA&VER=8&database=projects%2Fserenity-relax-joao%2Fdatabases%2F(default)&RID=rpc&SID=WY6M7oF8BpDmXaNKrm9KoA&AID=229&CI=0&TYPE=xmlhttp&zx=na5mimzcyfxe&t=1:0
[ 3351357ms] [ERROR] Failed to load resource: net::ERR_QUIC_PROTOCOL_ERROR.QUIC_TOO_MANY_RTOS @ https://firestore.googleapis.com/google.firestore.v1.Firestore/Listen/channel?gsessionid=5gPBaInHG_MF7VYeTOphGRpUL59wDHa8JPPu7yNaU8-WzzTKxVhKRA&VER=8&database=projects%2Fserenity-relax-joao%2Fdatabases%2F(default)&RID=rpc&SID=WY6M7oF8BpDmXaNKrm9KoA&AID=230&CI=0&TYPE=xmlhttp&zx=3gh6ahh2vov8&t=1:0
[ 3475473ms] [ERROR] Failed to load resource: net::ERR_QUIC_PROTOCOL_ERROR.QUIC_TOO_MANY_RTOS @ https://firestore.googleapis.com/google.firestore.v1.Firestore/Listen/channel?gsessionid=5gPBaInHG_MF7VYeTOphGRpUL59wDHa8JPPu7yNaU8-WzzTKxVhKRA&VER=8&database=projects%2Fserenity-relax-joao%2Fdatabases%2F(default)&RID=rpc&SID=WY6M7oF8BpDmXaNKrm9KoA&AID=235&CI=0&TYPE=xmlhttp&zx=mal48lo2j7yk&t=1:0
[ 3533211ms] [ERROR] Failed to load resource: net::ERR_INTERNET_DISCONNECTED @ https://firestore.googleapis.com/google.firestore.v1.Firestore/Listen/channel?VER=8&database=projects%2Fserenity-relax-joao%2Fdatabases%2F(default)&RID=92746&CVER=22&X-HTTP-Session-Id=gsessionid&zx=mrzjiee9jlep&t=1:0
[ 3533222ms] [WARNING] [2026-05-15T18:43:10.590Z]  @firebase/firestore: Firestore (11.10.0): WebChannelConnection RPC 'Listen' stream 0x3eeb4ac2 transport errored. Name: undefined Message: undefined @ http://localhost:9002/_next/static/chunks/node_modules_0d688b2b._.js:4455
[ 3533230ms] [ERROR] Failed to load resource: net::ERR_INTERNET_DISCONNECTED @ https://firestore.googleapis.com/google.firestore.v1.Firestore/Listen/channel?VER=8&database=projects%2Fserenity-relax-joao%2Fdatabases%2F(default)&gsessionid=5gPBaInHG_MF7VYeTOphGRpUL59wDHa8JPPu7yNaU8-WzzTKxVhKRA&SID=WY6M7oF8BpDmXaNKrm9KoA&RID=89943&TYPE=terminate&zx=dzk50xkkll3k:0
[ 3533264ms] [ERROR] Failed to load resource: net::ERR_NAME_NOT_RESOLVED @ https://firestore.googleapis.com/google.firestore.v1.Firestore/Listen/channel?VER=8&database=projects%2Fserenity-relax-joao%2Fdatabases%2F(default)&RID=447&CVER=22&X-HTTP-Session-Id=gsessionid&zx=poqs5wcgd60j&t=1:0
[ 3533264ms] [WARNING] [2026-05-15T18:43:10.637Z]  @firebase/firestore: Firestore (11.10.0): WebChannelConnection RPC 'Listen' stream 0x3eeb4ac3 transport errored. Name: undefined Message: undefined @ http://localhost:9002/_next/static/chunks/node_modules_0d688b2b._.js:4455
[ 3533271ms] [ERROR] Failed to load resource: net::ERR_NAME_NOT_RESOLVED @ https://www.google.com/images/cleardot.gif?zx=mpfcvqd6aezg:0
[ 3533278ms] [ERROR] Failed to load resource: net::ERR_INTERNET_DISCONNECTED @ https://www.google.com/images/cleardot.gif?zx=shzomy749ah9:0
[ 3534356ms] [ERROR] Failed to load resource: net::ERR_INTERNET_DISCONNECTED @ https://firestore.googleapis.com/google.firestore.v1.Firestore/Listen/channel?VER=8&database=projects%2Fserenity-relax-joao%2Fdatabases%2F(default)&RID=81724&CVER=22&X-HTTP-Session-Id=gsessionid&zx=ebflbfanjlw2&t=1:0
[ 3534357ms] [WARNING] [2026-05-15T18:43:11.729Z]  @firebase/firestore: Firestore (11.10.0): WebChannelConnection RPC 'Listen' stream 0x3eeb4ac4 transport errored. Name: undefined Message: undefined @ http://localhost:9002/_next/static/chunks/node_modules_0d688b2b._.js:4455
[ 3534360ms] [ERROR] Failed to load resource: net::ERR_INTERNET_DISCONNECTED @ https://www.google.com/images/cleardot.gif?zx=tpko1kilbw90:0
[ 3536104ms] [ERROR] Failed to load resource: net::ERR_INTERNET_DISCONNECTED @ https://firestore.googleapis.com/google.firestore.v1.Firestore/Listen/channel?VER=8&database=projects%2Fserenity-relax-joao%2Fdatabases%2F(default)&RID=1851&CVER=22&X-HTTP-Session-Id=gsessionid&zx=8kst268zg2lb&t=1:0
[ 3536105ms] [WARNING] [2026-05-15T18:43:13.477Z]  @firebase/firestore: Firestore (11.10.0): WebChannelConnection RPC 'Listen' stream 0x3eeb4ac5 transport errored. Name: undefined Message: undefined @ http://localhost:9002/_next/static/chunks/node_modules_0d688b2b._.js:4455
[ 3536108ms] [ERROR] Failed to load resource: net::ERR_INTERNET_DISCONNECTED @ https://www.google.com/images/cleardot.gif?zx=6cmtoe3ry2cz:0
[ 3538737ms] [ERROR] Failed to load resource: net::ERR_INTERNET_DISCONNECTED @ https://firestore.googleapis.com/google.firestore.v1.Firestore/Listen/channel?VER=8&database=projects%2Fserenity-relax-joao%2Fdatabases%2F(default)&RID=83849&CVER=22&X-HTTP-Session-Id=gsessionid&zx=s1siaopva7zo&t=1:0
[ 3538738ms] [WARNING] [2026-05-15T18:43:16.111Z]  @firebase/firestore: Firestore (11.10.0): WebChannelConnection RPC 'Listen' stream 0x3eeb4ac6 transport errored. Name: undefined Message: undefined @ http://localhost:9002/_next/static/chunks/node_modules_0d688b2b._.js:4455
[ 3538743ms] [ERROR] Failed to load resource: net::ERR_INTERNET_DISCONNECTED @ https://www.google.com/images/cleardot.gif?zx=yqlly7ngsbvg:0
[ 3543480ms] [ERROR] Failed to load resource: net::ERR_INTERNET_DISCONNECTED @ https://firestore.googleapis.com/google.firestore.v1.Firestore/Listen/channel?VER=8&database=projects%2Fserenity-relax-joao%2Fdatabases%2F(default)&RID=96089&CVER=22&X-HTTP-Session-Id=gsessionid&zx=sz58aphdwcd6&t=1:0
[ 3543480ms] [WARNING] [2026-05-15T18:43:20.853Z]  @firebase/firestore: Firestore (11.10.0): WebChannelConnection RPC 'Listen' stream 0x3eeb4ac7 transport errored. Name: undefined Message: undefined @ http://localhost:9002/_next/static/chunks/node_modules_0d688b2b._.js:4455
[ 3543483ms] [ERROR] Failed to load resource: net::ERR_INTERNET_DISCONNECTED @ https://www.google.com/images/cleardot.gif?zx=xh5b8cucuz9b:0
[ 3549199ms] [ERROR] Failed to load resource: net::ERR_INTERNET_DISCONNECTED @ https://firestore.googleapis.com/google.firestore.v1.Firestore/Listen/channel?VER=8&database=projects%2Fserenity-relax-joao%2Fdatabases%2F(default)&RID=38667&CVER=22&X-HTTP-Session-Id=gsessionid&zx=i4sjy74slg60&t=1:0
[ 3549200ms] [ERROR] Failed to load resource: net::ERR_INTERNET_DISCONNECTED @ https://firestore.googleapis.com/google.firestore.v1.Firestore/Listen/channel?VER=8&database=projects%2Fserenity-relax-joao%2Fdatabases%2F(default)&RID=71473&CVER=22&X-HTTP-Session-Id=gsessionid&zx=c0mdld61zp5o&t=1:0
[ 3549205ms] [WARNING] [2026-05-15T18:43:26.575Z]  @firebase/firestore: Firestore (11.10.0): WebChannelConnection RPC 'Listen' stream 0x3eeb4ac9 transport errored. Name: undefined Message: undefined @ http://localhost:9002/_next/static/chunks/node_modules_0d688b2b._.js:4455
[ 3549217ms] [ERROR] Failed to load resource: net::ERR_INTERNET_DISCONNECTED @ https://firestore.googleapis.com/google.firestore.v1.Firestore/Listen/channel?VER=8&database=projects%2Fserenity-relax-joao%2Fdatabases%2F(default)&RID=48655&CVER=22&X-HTTP-Session-Id=gsessionid&zx=a7vldswptkyx&t=1:0
[ 3549218ms] [WARNING] [2026-05-15T18:43:26.590Z]  @firebase/firestore: Firestore (11.10.0): WebChannelConnection RPC 'Listen' stream 0x3eeb4aca transport errored. Name: undefined Message: undefined @ http://localhost:9002/_next/static/chunks/node_modules_0d688b2b._.js:4455
[ 3549221ms] [ERROR] Failed to load resource: net::ERR_INTERNET_DISCONNECTED @ https://www.google.com/images/cleardot.gif?zx=vpitw8ks59j7:0
[ 3549221ms] [ERROR] Failed to load resource: net::ERR_INTERNET_DISCONNECTED @ https://www.google.com/images/cleardot.gif?zx=yjdc3yng0nd7:0
[ 3549771ms] [ERROR] Failed to load resource: net::ERR_INTERNET_DISCONNECTED @ https://firestore.googleapis.com/google.firestore.v1.Firestore/Listen/channel?VER=8&database=projects%2Fserenity-relax-joao%2Fdatabases%2F(default)&RID=69153&CVER=22&X-HTTP-Session-Id=gsessionid&zx=js13i123osyu&t=1:0
[ 3549772ms] [WARNING] [2026-05-15T18:43:27.144Z]  @firebase/firestore: Firestore (11.10.0): WebChannelConnection RPC 'Listen' stream 0x3eeb4acb transport errored. Name: undefined Message: undefined @ http://localhost:9002/_next/static/chunks/node_modules_0d688b2b._.js:4455
[ 3549776ms] [ERROR] Failed to load resource: net::ERR_INTERNET_DISCONNECTED @ https://www.google.com/images/cleardot.gif?zx=30r97iot32s3:0
[ 3551768ms] [ERROR] Failed to load resource: net::ERR_INTERNET_DISCONNECTED @ https://firestore.googleapis.com/google.firestore.v1.Firestore/Listen/channel?VER=8&database=projects%2Fserenity-relax-joao%2Fdatabases%2F(default)&RID=32636&CVER=22&X-HTTP-Session-Id=gsessionid&zx=djjkpt27uj0y&t=1:0
[ 3551770ms] [WARNING] [2026-05-15T18:43:29.142Z]  @firebase/firestore: Firestore (11.10.0): WebChannelConnection RPC 'Listen' stream 0x3eeb4acc transport errored. Name: undefined Message: undefined @ http://localhost:9002/_next/static/chunks/node_modules_0d688b2b._.js:4455
[ 3551776ms] [ERROR] Failed to load resource: net::ERR_INTERNET_DISCONNECTED @ https://www.google.com/images/cleardot.gif?zx=yezjb9o3j3he:0
[ 3553490ms] [ERROR] Failed to load resource: net::ERR_INTERNET_DISCONNECTED @ https://firestore.googleapis.com/google.firestore.v1.Firestore/Listen/channel?VER=8&database=projects%2Fserenity-relax-joao%2Fdatabases%2F(default)&RID=94862&CVER=22&X-HTTP-Session-Id=gsessionid&zx=jydn96gort12&t=1:0
[ 3553491ms] [WARNING] [2026-05-15T18:43:30.863Z]  @firebase/firestore: Firestore (11.10.0): WebChannelConnection RPC 'Listen' stream 0x3eeb4acd transport errored. Name: undefined Message: undefined @ http://localhost:9002/_next/static/chunks/node_modules_0d688b2b._.js:4455
[ 3553493ms] [ERROR] Failed to load resource: net::ERR_INTERNET_DISCONNECTED @ https://www.google.com/images/cleardot.gif?zx=i7sy5trqjqmr:0
[ 3556813ms] [ERROR] Failed to load resource: net::ERR_INTERNET_DISCONNECTED @ https://firestore.googleapis.com/google.firestore.v1.Firestore/Listen/channel?VER=8&database=projects%2Fserenity-relax-joao%2Fdatabases%2F(default)&RID=64211&CVER=22&X-HTTP-Session-Id=gsessionid&zx=vu7p2zhssy0p&t=1:0
[ 3556813ms] [WARNING] [2026-05-15T18:43:34.186Z]  @firebase/firestore: Firestore (11.10.0): WebChannelConnection RPC 'Listen' stream 0x3eeb4ace transport errored. Name: undefined Message: undefined @ http://localhost:9002/_next/static/chunks/node_modules_0d688b2b._.js:4455
[ 3556818ms] [ERROR] Failed to load resource: net::ERR_INTERNET_DISCONNECTED @ https://www.google.com/images/cleardot.gif?zx=q95cl7dohhmp:0
[ 3559413ms] [ERROR] Failed to load resource: net::ERR_INTERNET_DISCONNECTED @ https://firestore.googleapis.com/google.firestore.v1.Firestore/Listen/channel?VER=8&database=projects%2Fserenity-relax-joao%2Fdatabases%2F(default)&RID=41053&CVER=22&X-HTTP-Session-Id=gsessionid&zx=co9nittkyyvl&t=1:0
[ 3559413ms] [WARNING] [2026-05-15T18:43:36.786Z]  @firebase/firestore: Firestore (11.10.0): WebChannelConnection RPC 'Listen' stream 0x3eeb4acf transport errored. Name: undefined Message: undefined @ http://localhost:9002/_next/static/chunks/node_modules_0d688b2b._.js:4455
[ 3559419ms] [ERROR] Failed to load resource: net::ERR_INTERNET_DISCONNECTED @ https://www.google.com/images/cleardot.gif?zx=xbiqt9xfrcko:0
[ 3564676ms] [ERROR] Failed to load resource: net::ERR_INTERNET_DISCONNECTED @ https://firestore.googleapis.com/google.firestore.v1.Firestore/Listen/channel?VER=8&database=projects%2Fserenity-relax-joao%2Fdatabases%2F(default)&RID=78773&CVER=22&X-HTTP-Session-Id=gsessionid&zx=4qo99m227w49&t=1:0
[ 3564676ms] [WARNING] [2026-05-15T18:43:42.048Z]  @firebase/firestore: Firestore (11.10.0): WebChannelConnection RPC 'Listen' stream 0x3eeb4ad0 transport errored. Name: undefined Message: undefined @ http://localhost:9002/_next/static/chunks/node_modules_0d688b2b._.js:4455
[ 3564680ms] [ERROR] Failed to load resource: net::ERR_INTERNET_DISCONNECTED @ https://www.google.com/images/cleardot.gif?zx=25waifulk9de:0
[ 3571269ms] [ERROR] Failed to load resource: net::ERR_INTERNET_DISCONNECTED @ https://firestore.googleapis.com/google.firestore.v1.Firestore/Listen/channel?VER=8&database=projects%2Fserenity-relax-joao%2Fdatabases%2F(default)&RID=41805&CVER=22&X-HTTP-Session-Id=gsessionid&zx=2iy3qnghw9r3&t=1:0
[ 3571274ms] [ERROR] Failed to load resource: net::ERR_INTERNET_DISCONNECTED @ https://firestore.googleapis.com/google.firestore.v1.Firestore/Listen/channel?VER=8&database=projects%2Fserenity-relax-joao%2Fdatabases%2F(default)&RID=52403&CVER=22&X-HTTP-Session-Id=gsessionid&zx=48795wjuh2rc&t=1:0
[ 3571280ms] [WARNING] [2026-05-15T18:43:48.650Z]  @firebase/firestore: Firestore (11.10.0): WebChannelConnection RPC 'Listen' stream 0x3eeb4ad2 transport errored. Name: undefined Message: undefined @ http://localhost:9002/_next/static/chunks/node_modules_0d688b2b._.js:4455
[ 3571316ms] [ERROR] Failed to load resource: net::ERR_INTERNET_DISCONNECTED @ https://firestore.googleapis.com/google.firestore.v1.Firestore/Listen/channel?VER=8&database=projects%2Fserenity-relax-joao%2Fdatabases%2F(default)&RID=63846&CVER=22&X-HTTP-Session-Id=gsessionid&zx=sm72fn6vzdys&t=1:0
[ 3571317ms] [WARNING] [2026-05-15T18:43:48.689Z]  @firebase/firestore: Firestore (11.10.0): WebChannelConnection RPC 'Listen' stream 0x3eeb4ad3 transport errored. Name: undefined Message: undefined @ http://localhost:9002/_next/static/chunks/node_modules_0d688b2b._.js:4455
[ 3571322ms] [ERROR] Failed to load resource: net::ERR_INTERNET_DISCONNECTED @ https://www.google.com/images/cleardot.gif?zx=7oir278e88cs:0
[ 3571333ms] [ERROR] Failed to load resource: net::ERR_INTERNET_DISCONNECTED @ https://www.google.com/images/cleardot.gif?zx=1lmx67n3ecs5:0
[ 3572100ms] [ERROR] Failed to load resource: net::ERR_INTERNET_DISCONNECTED @ https://firestore.googleapis.com/google.firestore.v1.Firestore/Listen/channel?VER=8&database=projects%2Fserenity-relax-joao%2Fdatabases%2F(default)&RID=69440&CVER=22&X-HTTP-Session-Id=gsessionid&zx=lan1lflgikjl&t=1:0
[ 3572101ms] [WARNING] [2026-05-15T18:43:49.473Z]  @firebase/firestore: Firestore (11.10.0): WebChannelConnection RPC 'Listen' stream 0x3eeb4ad4 transport errored. Name: undefined Message: undefined @ http://localhost:9002/_next/static/chunks/node_modules_0d688b2b._.js:4455
[ 3572105ms] [ERROR] Failed to load resource: net::ERR_INTERNET_DISCONNECTED @ https://www.google.com/images/cleardot.gif?zx=s1g0v3phxrk8:0
[ 3574024ms] [ERROR] Failed to load resource: net::ERR_INTERNET_DISCONNECTED @ https://firestore.googleapis.com/google.firestore.v1.Firestore/Listen/channel?VER=8&database=projects%2Fserenity-relax-joao%2Fdatabases%2F(default)&RID=86483&CVER=22&X-HTTP-Session-Id=gsessionid&zx=9gorcorh621&t=1:0
[ 3574024ms] [WARNING] [2026-05-15T18:43:51.397Z]  @firebase/firestore: Firestore (11.10.0): WebChannelConnection RPC 'Listen' stream 0x3eeb4ad5 transport errored. Name: undefined Message: undefined @ http://localhost:9002/_next/static/chunks/node_modules_0d688b2b._.js:4455
[ 3574026ms] [ERROR] Failed to load resource: net::ERR_INTERNET_DISCONNECTED @ https://www.google.com/images/cleardot.gif?zx=ywj5m67c0rwd:0
[ 3576615ms] [ERROR] Failed to load resource: net::ERR_INTERNET_DISCONNECTED @ https://firestore.googleapis.com/google.firestore.v1.Firestore/Listen/channel?VER=8&database=projects%2Fserenity-relax-joao%2Fdatabases%2F(default)&RID=77486&CVER=22&X-HTTP-Session-Id=gsessionid&zx=w0t6f9rvw4tp&t=1:0
[ 3576616ms] [WARNING] [2026-05-15T18:43:53.988Z]  @firebase/firestore: Firestore (11.10.0): WebChannelConnection RPC 'Listen' stream 0x3eeb4ad6 transport errored. Name: undefined Message: undefined @ http://localhost:9002/_next/static/chunks/node_modules_0d688b2b._.js:4455
[ 3576623ms] [ERROR] Failed to load resource: net::ERR_INTERNET_DISCONNECTED @ https://www.google.com/images/cleardot.gif?zx=p06392mnk905:0
[ 3578997ms] [ERROR] Failed to load resource: net::ERR_INTERNET_DISCONNECTED @ https://firestore.googleapis.com/google.firestore.v1.Firestore/Listen/channel?VER=8&database=projects%2Fserenity-relax-joao%2Fdatabases%2F(default)&RID=62451&CVER=22&X-HTTP-Session-Id=gsessionid&zx=n0jfb8j9pew1&t=1:0
[ 3578997ms] [WARNING] [2026-05-15T18:43:56.370Z]  @firebase/firestore: Firestore (11.10.0): WebChannelConnection RPC 'Listen' stream 0x3eeb4ad7 transport errored. Name: undefined Message: undefined @ http://localhost:9002/_next/static/chunks/node_modules_0d688b2b._.js:4455
[ 3579003ms] [ERROR] Failed to load resource: net::ERR_INTERNET_DISCONNECTED @ https://www.google.com/images/cleardot.gif?zx=n9bgjnft42lq:0
[ 3585028ms] [ERROR] Failed to load resource: net::ERR_INTERNET_DISCONNECTED @ https://firestore.googleapis.com/google.firestore.v1.Firestore/Listen/channel?VER=8&database=projects%2Fserenity-relax-joao%2Fdatabases%2F(default)&RID=11717&CVER=22&X-HTTP-Session-Id=gsessionid&zx=wt2s1s838069&t=1:0
[ 3585031ms] [WARNING] [2026-05-15T18:44:02.403Z]  @firebase/firestore: Firestore (11.10.0): WebChannelConnection RPC 'Listen' stream 0x3eeb4ad8 transport errored. Name: undefined Message: undefined @ http://localhost:9002/_next/static/chunks/node_modules_0d688b2b._.js:4455
[ 3585035ms] [ERROR] Failed to load resource: net::ERR_INTERNET_DISCONNECTED @ https://www.google.com/images/cleardot.gif?zx=rnkupbw6sz70:0
[ 3589613ms] [ERROR] Failed to load resource: net::ERR_INTERNET_DISCONNECTED @ https://firestore.googleapis.com/google.firestore.v1.Firestore/Listen/channel?VER=8&database=projects%2Fserenity-relax-joao%2Fdatabases%2F(default)&RID=43392&CVER=22&X-HTTP-Session-Id=gsessionid&zx=6r1uldfs3ljo&t=1:0
[ 3589613ms] [WARNING] [2026-05-15T18:44:06.985Z]  @firebase/firestore: Firestore (11.10.0): WebChannelConnection RPC 'Listen' stream 0x3eeb4ad9 transport errored. Name: undefined Message: undefined @ http://localhost:9002/_next/static/chunks/node_modules_0d688b2b._.js:4455
[ 3589620ms] [ERROR] Failed to load resource: net::ERR_INTERNET_DISCONNECTED @ https://www.google.com/images/cleardot.gif?zx=9pee7i17hz0l:0
[ 3626048ms] [ERROR] Failed to load resource: net::ERR_QUIC_PROTOCOL_ERROR.QUIC_TOO_MANY_RTOS @ https://firestore.googleapis.com/google.firestore.v1.Firestore/Listen/channel?gsessionid=TdHYB4AZWutMi10S4bWIYM0_4Yr6o7VlMvl6vw-MuNdiI7-unaIehA&VER=8&database=projects%2Fserenity-relax-joao%2Fdatabases%2F(default)&RID=rpc&SID=LHRaPyef1redVuNfFSTyAg&AID=0&CI=0&TYPE=xmlhttp&zx=vzrs5e844cmk&t=1:0
[ 3646050ms] [ERROR] Failed to load resource: net::ERR_INTERNET_DISCONNECTED @ https://firestore.googleapis.com/google.firestore.v1.Firestore/Listen/channel?VER=8&database=projects%2Fserenity-relax-joao%2Fdatabases%2F(default)&gsessionid=TdHYB4AZWutMi10S4bWIYM0_4Yr6o7VlMvl6vw-MuNdiI7-unaIehA&SID=LHRaPyef1redVuNfFSTyAg&RID=19370&TYPE=terminate&zx=f6bw1xkhjnuc:0
[ 3646053ms] [ERROR] Failed to load resource: net::ERR_INTERNET_DISCONNECTED @ https://firestore.googleapis.com/google.firestore.v1.Firestore/Listen/channel?VER=8&database=projects%2Fserenity-relax-joao%2Fdatabases%2F(default)&RID=28171&CVER=22&X-HTTP-Session-Id=gsessionid&zx=74bvfus54jtv&t=1:0
[ 3646077ms] [WARNING] [2026-05-15T18:45:03.443Z]  @firebase/firestore: Firestore (11.10.0): WebChannelConnection RPC 'Listen' stream 0x3eeb4adb transport errored. Name: undefined Message: undefined @ http://localhost:9002/_next/static/chunks/node_modules_0d688b2b._.js:4455
[ 3646135ms] [ERROR] Failed to load resource: net::ERR_INTERNET_DISCONNECTED @ https://www.google.com/images/cleardot.gif?zx=9af4f7y221jg:0
[ 3646157ms] [ERROR] Failed to load resource: net::ERR_INTERNET_DISCONNECTED @ https://firestore.googleapis.com/google.firestore.v1.Firestore/Listen/channel?VER=8&database=projects%2Fserenity-relax-joao%2Fdatabases%2F(default)&RID=23186&CVER=22&X-HTTP-Session-Id=gsessionid&zx=t2p5xzbjzdhj&t=1:0
[ 3646157ms] [WARNING] [2026-05-15T18:45:03.530Z]  @firebase/firestore: Firestore (11.10.0): WebChannelConnection RPC 'Listen' stream 0x3eeb4adc transport errored. Name: undefined Message: undefined @ http://localhost:9002/_next/static/chunks/node_modules_0d688b2b._.js:4455
[ 3646160ms] [ERROR] Failed to load resource: net::ERR_INTERNET_DISCONNECTED @ https://www.google.com/images/cleardot.gif?zx=8kleysqk5z6q:0
[ 3753215ms] [LOG] [Fast Refresh] rebuilding @ http://localhost:9002/_next/static/chunks/node_modules_next_dist_client_cf1d9188._.js:5949
[ 3753945ms] [LOG] [Fast Refresh] done in 755ms @ http://localhost:9002/_next/static/chunks/node_modules_next_dist_client_cf1d9188._.js:5809
[ 3821048ms] [LOG] [Fast Refresh] rebuilding @ http://localhost:9002/_next/static/chunks/node_modules_next_dist_client_cf1d9188._.js:5949
[ 3821064ms] [LOG] [Fast Refresh] done in 119ms @ http://localhost:9002/_next/static/chunks/node_modules_next_dist_client_cf1d9188._.js:5809
[ 3821348ms] [LOG] [Fast Refresh] rebuilding @ http://localhost:9002/_next/static/chunks/node_modules_next_dist_client_cf1d9188._.js:5949
[ 3821673ms] [LOG] [Fast Refresh] done in 427ms @ http://localhost:9002/_next/static/chunks/node_modules_next_dist_client_cf1d9188._.js:5809
[ 3822817ms] [LOG] [Fast Refresh] rebuilding @ http://localhost:9002/_next/static/chunks/node_modules_next_dist_client_cf1d9188._.js:5949
[ 3822954ms] [LOG] [Fast Refresh] done in 238ms @ http://localhost:9002/_next/static/chunks/node_modules_next_dist_client_cf1d9188._.js:5809
