[    3152ms] [ERROR] Failed to load resource: the server responded with a status of 403 () @ https://cdn2.suno.ai/image_2e0eec9e-4f86-46c5-9a43-508829fb9d0b.jpeg?width=undefined:0
[    4167ms] Error: Minified React error #418; visit https://react.dev/errors/418?args[]=text&args[]= for the full message or use the non-minified dev environment for full errors and additional helpful warnings.
    at rX (https://suno.com/_next/static/chunks/0h426u880~b6m.js?dpl=dpl_4tnGPxsjpsRiR4ohS1FFn3BBxj6X:25:122380)
    at rJ (https://suno.com/_next/static/chunks/0h426u880~b6m.js?dpl=dpl_4tnGPxsjpsRiR4ohS1FFn3BBxj6X:25:123413)
    at https://suno.com/_next/static/chunks/0h426u880~b6m.js?dpl=dpl_4tnGPxsjpsRiR4ohS1FFn3BBxj6X:25:217761
    at um (https://suno.com/_next/static/chunks/0h426u880~b6m.js?dpl=dpl_4tnGPxsjpsRiR4ohS1FFn3BBxj6X:25:222922)
    at uf (https://suno.com/_next/static/chunks/0h426u880~b6m.js?dpl=dpl_4tnGPxsjpsRiR4ohS1FFn3BBxj6X:25:214172)
    at https://suno.com/_next/static/chunks/0h426u880~b6m.js?dpl=dpl_4tnGPxsjpsRiR4ohS1FFn3BBxj6X:25:208997
    at ue (https://suno.com/_next/static/chunks/0h426u880~b6m.js?dpl=dpl_4tnGPxsjpsRiR4ohS1FFn3BBxj6X:25:209098)
    at uH (https://suno.com/_next/static/chunks/0h426u880~b6m.js?dpl=dpl_4tnGPxsjpsRiR4ohS1FFn3BBxj6X:25:235662)
    at MessagePort.P (https://suno.com/_next/static/chunks/0h426u880~b6m.js?dpl=dpl_4tnGPxsjpsRiR4ohS1FFn3BBxj6X:25:83820)
[    4151ms] [LOG] %c
  ███████╗██╗   ██╗███╗   ██╗ ██████╗
  ██╔════╝██║   ██║████╗  ██║██╔═══██╗
  ███████╗██║   ██║██╔██╗ ██║██║   ██║
  ╚════██║██║   ██║██║╚██╗██║██║   ██║
  ███████║╚██████╔╝██║ ╚████║╚██████╔╝
  ╚══════╝ ╚═════╝ ╚═╝  ╚═══╝ ╚═════╝
  We are hiring! Come join our amazing team!
  https://suno.com/careers
       color: #ff6b9d; font-weight: bold; text-shadow: 0 0 10px rgba(255, 107, 157, 0.5), 0 0 20px rgba(255, 107, 157, 0.3), 0 0 30px rgba(255, 107, 157, 0.2); font-family: "Courier New", monospace; @ https://suno.com/_next/static/chunks/0h426u880~b6m.js?dpl=dpl_4tnGPxsjpsRiR4ohS1FFn3BBxj6X:10
[    4270ms] [ERROR] Invalid id passed to identify. @ https://suno.com/_next/static/chunks/0h426u880~b6m.js?dpl=dpl_4tnGPxsjpsRiR4ohS1FFn3BBxj6X:10
[    4443ms] [WARNING] [Cloudflare Turnstile] Turnstile already has been loaded. Was Turnstile imported multiple times? @ https://suno.com/_next/static/chunks/0h426u880~b6m.js?dpl=dpl_4tnGPxsjpsRiR4ohS1FFn3BBxj6X:10
[    4626ms] [WARNING]   WARN  [Statsig] Failed to flush events. @ https://suno.com/_next/static/chunks/0h426u880~b6m.js?dpl=dpl_4tnGPxsjpsRiR4ohS1FFn3BBxj6X:10
