[     432ms] [LOG] 2026-05-06T19:15:23.532Z: Request #0 Placement #0 was pushed with zone {"custom_targeting":{},"id":4413360,"extra_params":{"first_request":true,"zone_type":0}} @ https://a.realsrv.com/ad-provider.js:0
[     432ms] [LOG] 2026-05-06T19:15:23.532Z: syndication.realsrv.com - Zones Batch Size: 10, Multi-zones Batch Size: 3 @ https://a.realsrv.com/ad-provider.js:0
[     433ms] [LOG] 2026-05-06T19:15:23.532Z: syndication.realsrv.com - Request #0 with 1 zone(s) of type NOT FOUND is being served. @ https://a.realsrv.com/ad-provider.js:0
[     729ms] [WARNING] An iframe which has both allow-scripts and allow-same-origin for its sandbox attribute can escape its sandboxing. @ https://www.gaydudesfucking.com/ai/s/s/sum.php?i=video-page-desk&v=25731.074316&referrer_url=https%3A%2F%2Fwww.gaydudesfucking.com%2Fvideos%2F35195%2Fpoint-of-view-meaty-dongs-blow-job-and-jism-two-hours%2F%3Futm_source%3Dpbweb%26utm_medium%3Dpbweb%26utm_campaign%3Dpbweb&referrer_site=https%3A%2F%2Fwww.gaymaletube.com%2F&kw=%keywords%:718
[     736ms] [WARNING] An iframe which has both allow-scripts and allow-same-origin for its sandbox attribute can escape its sandboxing. @ https://www.gaydudesfucking.com/ai/s/s/sum.php?i=video-page-desk&v=25731.074316&referrer_url=https%3A%2F%2Fwww.gaydudesfucking.com%2Fvideos%2F35195%2Fpoint-of-view-meaty-dongs-blow-job-and-jism-two-hours%2F%3Futm_source%3Dpbweb%26utm_medium%3Dpbweb%26utm_campaign%3Dpbweb&referrer_site=https%3A%2F%2Fwww.gaymaletube.com%2F&kw=%keywords%:718
[     738ms] [WARNING] An iframe which has both allow-scripts and allow-same-origin for its sandbox attribute can escape its sandboxing. @ https://www.gaydudesfucking.com/ai/s/s/sum.php?i=video-page-desk&v=25731.074316&referrer_url=https%3A%2F%2Fwww.gaydudesfucking.com%2Fvideos%2F35195%2Fpoint-of-view-meaty-dongs-blow-job-and-jism-two-hours%2F%3Futm_source%3Dpbweb%26utm_medium%3Dpbweb%26utm_campaign%3Dpbweb&referrer_site=https%3A%2F%2Fwww.gaymaletube.com%2F&kw=%keywords%:718
[     740ms] [WARNING] An iframe which has both allow-scripts and allow-same-origin for its sandbox attribute can escape its sandboxing. @ https://www.gaydudesfucking.com/ai/s/s/sum.php?i=video-page-desk&v=25731.074316&referrer_url=https%3A%2F%2Fwww.gaydudesfucking.com%2Fvideos%2F35195%2Fpoint-of-view-meaty-dongs-blow-job-and-jism-two-hours%2F%3Futm_source%3Dpbweb%26utm_medium%3Dpbweb%26utm_campaign%3Dpbweb&referrer_site=https%3A%2F%2Fwww.gaymaletube.com%2F&kw=%keywords%:718
[     743ms] [WARNING] An iframe which has both allow-scripts and allow-same-origin for its sandbox attribute can escape its sandboxing. @ https://www.gaydudesfucking.com/ai/s/s/sum.php?i=video-page-desk&v=25731.074316&referrer_url=https%3A%2F%2Fwww.gaydudesfucking.com%2Fvideos%2F35195%2Fpoint-of-view-meaty-dongs-blow-job-and-jism-two-hours%2F%3Futm_source%3Dpbweb%26utm_medium%3Dpbweb%26utm_campaign%3Dpbweb&referrer_site=https%3A%2F%2Fwww.gaymaletube.com%2F&kw=%keywords%:718
[     745ms] [WARNING] An iframe which has both allow-scripts and allow-same-origin for its sandbox attribute can escape its sandboxing. @ https://www.gaydudesfucking.com/ai/s/s/sum.php?i=video-page-desk&v=25731.074316&referrer_url=https%3A%2F%2Fwww.gaydudesfucking.com%2Fvideos%2F35195%2Fpoint-of-view-meaty-dongs-blow-job-and-jism-two-hours%2F%3Futm_source%3Dpbweb%26utm_medium%3Dpbweb%26utm_campaign%3Dpbweb&referrer_site=https%3A%2F%2Fwww.gaymaletube.com%2F&kw=%keywords%:718
[     747ms] [WARNING] An iframe which has both allow-scripts and allow-same-origin for its sandbox attribute can escape its sandboxing. @ https://www.gaydudesfucking.com/ai/s/s/sum.php?i=video-page-desk&v=25731.074316&referrer_url=https%3A%2F%2Fwww.gaydudesfucking.com%2Fvideos%2F35195%2Fpoint-of-view-meaty-dongs-blow-job-and-jism-two-hours%2F%3Futm_source%3Dpbweb%26utm_medium%3Dpbweb%26utm_campaign%3Dpbweb&referrer_site=https%3A%2F%2Fwww.gaymaletube.com%2F&kw=%keywords%:718
[     749ms] [WARNING] An iframe which has both allow-scripts and allow-same-origin for its sandbox attribute can escape its sandboxing. @ https://www.gaydudesfucking.com/ai/s/s/sum.php?i=video-page-desk&v=25731.074316&referrer_url=https%3A%2F%2Fwww.gaydudesfucking.com%2Fvideos%2F35195%2Fpoint-of-view-meaty-dongs-blow-job-and-jism-two-hours%2F%3Futm_source%3Dpbweb%26utm_medium%3Dpbweb%26utm_campaign%3Dpbweb&referrer_site=https%3A%2F%2Fwww.gaymaletube.com%2F&kw=%keywords%:718
[     751ms] [WARNING] An iframe which has both allow-scripts and allow-same-origin for its sandbox attribute can escape its sandboxing. @ https://www.gaydudesfucking.com/ai/s/s/sum.php?i=video-page-desk&v=25731.074316&referrer_url=https%3A%2F%2Fwww.gaydudesfucking.com%2Fvideos%2F35195%2Fpoint-of-view-meaty-dongs-blow-job-and-jism-two-hours%2F%3Futm_source%3Dpbweb%26utm_medium%3Dpbweb%26utm_campaign%3Dpbweb&referrer_site=https%3A%2F%2Fwww.gaymaletube.com%2F&kw=%keywords%:718
[     757ms] [LOG] 2026-05-06T19:15:23.856Z: Request #0 handling the response @ https://a.realsrv.com/ad-provider.js:0
[     759ms] [LOG] 2026-05-06T19:15:23.858Z: syndication.realsrv.com - 1 ad request(s) completed successfully @ https://a.realsrv.com/ad-provider.js:0
[    1116ms] [WARNING] An iframe which has both allow-scripts and allow-same-origin for its sandbox attribute can escape its sandboxing. @ https://www.gaydudesfucking.com/ai/s/s/su.php?ss=GDF-In-Player&t=i&width=300&height=250&r=0.7780160251406173&referrer_url=https%3A%2F%2Fwww.gaydudesfucking.com%2Fvideos%2F35195%2Fpoint-of-view-meaty-dongs-blow-job-and-jism-two-hours%2F%3Futm_source%3Dpbweb%26utm_medium%3Dpbweb%26utm_campaign%3Dpbweb&referrer_site=gaymaletube.com:0
[    1130ms] [LOG] 2026-05-06T19:15:24.229Z: Request #0 Placement #0 was pushed with zone {"custom_targeting":{},"id":4297152,"keywords":"Athlete, Bareback, Big Cock, Blowjob, Compilation, Cumshot, Gay, Hunk, Jock, POV, Cumshots, Teen (18+), Twink (18+), blowjob, twinks, bareback, gay, cum, cumshot, hunks, porn, big-cock, hd, facial, jock, big-dick, compilation, pov, huge-cock, pov-blowjob","sub":984569720,"extra_params":{"first_request":true,"zone_type":0}} @ https://a.magsrv.com/ad-provider.js:0
[    1130ms] [LOG] 2026-05-06T19:15:24.229Z: s.magsrv.com - Zones Batch Size: 10, Multi-zones Batch Size: 3 @ https://a.magsrv.com/ad-provider.js:0
[    1130ms] [LOG] 2026-05-06T19:15:24.230Z: s.magsrv.com - Request #0 with 1 zone(s) of type NOT FOUND is being served. @ https://a.magsrv.com/ad-provider.js:0
[    1132ms] [LOG] 2026-05-06T19:15:24.231Z: Request #0 Placement #0 was pushed with zone {"custom_targeting":{},"id":4297150,"keywords":"Athlete, Bareback, Big Cock, Blowjob, Compilation, Cumshot, Gay, Hunk, Jock, POV, Cumshots, Teen (18+), Twink (18+), blowjob, twinks, bareback, gay, cum, cumshot, hunks, porn, big-cock, hd, facial, jock, big-dick, compilation, pov, huge-cock, pov-blowjob","sub":984569720,"extra_params":{"first_request":true,"zone_type":0}} @ https://a.magsrv.com/ad-provider.js:0
[    1132ms] [LOG] 2026-05-06T19:15:24.231Z: s.magsrv.com - Zones Batch Size: 10, Multi-zones Batch Size: 3 @ https://a.magsrv.com/ad-provider.js:0
[    1132ms] [LOG] 2026-05-06T19:15:24.231Z: s.magsrv.com - Request #0 with 1 zone(s) of type NOT FOUND is being served. @ https://a.magsrv.com/ad-provider.js:0
[    1134ms] [WARNING] An iframe which has both allow-scripts and allow-same-origin for its sandbox attribute can escape its sandboxing. @ https://www.gaydudesfucking.com/ai/s/s/su.php?ss=GDF-In-Player-2&t=i&width=300&height=250&r=0.8448421898233821&referrer_url=https%3A%2F%2Fwww.gaydudesfucking.com%2Fvideos%2F35195%2Fpoint-of-view-meaty-dongs-blow-job-and-jism-two-hours%2F%3Futm_source%3Dpbweb%26utm_medium%3Dpbweb%26utm_campaign%3Dpbweb&referrer_site=gaymaletube.com:0
[    1136ms] [LOG] 2026-05-06T19:15:24.236Z: Request #0 Placement #0 was pushed with zone {"custom_targeting":{},"id":4297148,"keywords":"Athlete, Bareback, Big Cock, Blowjob, Compilation, Cumshot, Gay, Hunk, Jock, POV, Cumshots, Teen (18+), Twink (18+), blowjob, twinks, bareback, gay, cum, cumshot, hunks, porn, big-cock, hd, facial, jock, big-dick, compilation, pov, huge-cock, pov-blowjob","sub":984569720,"extra_params":{"first_request":true,"zone_type":0}} @ https://a.magsrv.com/ad-provider.js:0
[    1136ms] [LOG] 2026-05-06T19:15:24.236Z: s.magsrv.com - Zones Batch Size: 10, Multi-zones Batch Size: 3 @ https://a.magsrv.com/ad-provider.js:0
[    1137ms] [LOG] 2026-05-06T19:15:24.236Z: s.magsrv.com - Request #0 with 1 zone(s) of type NOT FOUND is being served. @ https://a.magsrv.com/ad-provider.js:0
[    1406ms] [LOG] 2026-05-06T19:15:24.505Z: Request #0 handling the response @ https://a.magsrv.com/ad-provider.js:0
[    1408ms] [LOG] 2026-05-06T19:15:24.507Z: s.magsrv.com - 1 ad request(s) completed successfully @ https://a.magsrv.com/ad-provider.js:0
[    1460ms] [LOG] 2026-05-06T19:15:24.559Z: Request #0 handling the response @ https://a.magsrv.com/ad-provider.js:0
[    1462ms] [LOG] 2026-05-06T19:15:24.562Z: s.magsrv.com - 1 ad request(s) completed successfully @ https://a.magsrv.com/ad-provider.js:0
[    1463ms] [LOG] 2026-05-06T19:15:24.562Z: Request #0 handling the response @ https://a.magsrv.com/ad-provider.js:0
[    1464ms] [LOG] 2026-05-06T19:15:24.563Z: s.magsrv.com - 1 ad request(s) completed successfully @ https://a.magsrv.com/ad-provider.js:0
[    3067ms] [ERROR] Access to XMLHttpRequest at 'https://cm.pxltag.com/sync?platform_id=9ef109b86e194f8bb28ca2c41fc61b21&external_id=c6cfcaba-97da-5b28-9821-2b14062f27cb' from origin 'https://www.gaydudesfucking.com' has been blocked by CORS policy: No 'Access-Control-Allow-Origin' header is present on the requested resource. @ https://www.gaydudesfucking.com/videos/35195/point-of-view-meaty-dongs-blow-job-and-jism-two-hours/?utm_source=pbweb&utm_medium=pbweb&utm_campaign=pbweb:0
[    3067ms] [ERROR] Failed to load resource: net::ERR_FAILED @ https://cm.pxltag.com/sync?platform_id=9ef109b86e194f8bb28ca2c41fc61b21&external_id=c6cfcaba-97da-5b28-9821-2b14062f27cb:0
[   12117ms] [ERROR] Access to XMLHttpRequest at 'https://syndication.traffichaus.com/save.php?a=view&tracking_event=progress&progress=00:00:10.000&idzone=959842&data=none' from origin 'https://www.gaydudesfucking.com' has been blocked by CORS policy: No 'Access-Control-Allow-Origin' header is present on the requested resource. @ https://www.gaydudesfucking.com/videos/35195/point-of-view-meaty-dongs-blow-job-and-jism-two-hours/?utm_source=pbweb&utm_medium=pbweb&utm_campaign=pbweb:0
[   12118ms] [WARNING] XMLHttpRequest wrong status code: 0 @ https://www.gaydudesfucking.com/ai/s/s/vast/player.min.js:0
[   12118ms] [ERROR] Failed to load resource: net::ERR_FAILED @ https://syndication.traffichaus.com/save.php?a=view&tracking_event=progress&progress=00:00:10.000&idzone=959842&data=none:0
