[       2ms] [LOG] previewlib v20210114 15:00 init @ https://mrgay.tube/upd/20260505.112448.7032/assets/previewl1b.20210114.1.js:10
[      11ms] [WARNING] [calendar] Spot with id 6568 was not found in AdManager config. @ https://mrgay.tube/livesmatter/holly7.10.13.0fb7b162dc610cc0dc6e80826a46ed92.js:0
[      12ms] [WARNING] [in_stream_ad] Spot with id 71115 was not found in AdManager config. @ https://mrgay.tube/livesmatter/holly7.10.13.0fb7b162dc610cc0dc6e80826a46ed92.js:0
[      12ms] [WARNING] [banner] Spot with id 24401 was not found in AdManager config. @ https://mrgay.tube/livesmatter/holly7.10.13.0fb7b162dc610cc0dc6e80826a46ed92.js:0
[      27ms] [LOG] isShow 333333 @ https://mrgay.tube/upd/20260505.112537.498713/static/assets/app.js:25
[      58ms] [LOG] else Script loaded successfully @ https://mrgay.tube/upd/20260505.112537.498713/static/assets/app.js:46
[     100ms] [LOG] [GA] Page /video/10499941/nasty-facials-vol-5/?campaign=10146 pageview success @ https://mrgay.tube/upd/20260505.112537.498713/static/assets/app.js:25
[     237ms] [WARNING] An iframe which has both allow-scripts and allow-same-origin for its sandbox attribute can escape its sandboxing. @ https://mrgay.tube/static/da/under_faphouse.html?url=aHR0cHM6Ly9maGd0ZS5jb20vZ2F5L3RvdXI/dXRtX2NhbXBhaWduPWFpLnpaWiZ1dG1fY29udGVudD1tcmdheS5jb21fdW5kZXJwbGF5ZXJfZG93bmxvYWRmbG93X2Rlc2t0b3Ama2V5d29yZHM9TmFzdHklMjBGYWNpYWxzJTIwVm9sLjU=&video_preview=Ly9tZ3ZwMS5tM3BkLmNvbS9jMS92aWRlb3MvMTA0OTkwMDAvMTA0OTk5NDEvMTA0OTk5NDFfdHIubXA0&desktop=aHR0cHM6Ly9jZG4tZmMuY29tL2NyZWF0aXZlcy91bml2ZXJzYWwvbmF0aXZlLz9zaXplPTcyOHg5MCZ1dG1fY2FtcGFpZ249YWkuelpaJnV0bV9jb250ZW50PW1yZ2F5LmNvbV83Mjh4OTBfdW5kZXJwbGF5ZXImZm9udF9jb2xvcj1mZmYmYmFja2dyb3VuZF9jb2xvcj0yRDMxM0Mmb3JpZW50YXRpb249Z2F5JmtleXdvcmRzPUJpZyBDb2NrLEJsYWNrLENvbXBpbGF0aW9uLERlZXB0aHJvYXQsSEQsTGF0aW4sU3dhbGxvdyxUaHJlZXNvbWUs&mobile=aHR0cHM6Ly9jZG4tZmMuY29tL2NyZWF0aXZlcy91bml2ZXJzYWwvbmF0aXZlLz9zaXplPTMwMHgxMDAmdXRtX2NhbXBhaWduPWFpLnpaWiZ1dG1fY29udGVudD1tcmdheS5jb21fMzAweDEwMF91bmRlcnBsYXllciZmb250X2NvbG9yPWZmZiZiYWNrZ3JvdW5kX2NvbG9yPTJEMzEzQyZvcmllbnRhdGlvbj1nYXkma2V5d29yZHM9QmlnIENvY2ssQmxhY2ssQ29tcGlsYXRpb24sRGVlcHRocm9hdCxIRCxMYXRpbixTd2FsbG93LFRocmVlc29tZSw=:0
[     808ms] TypeError: Cannot read properties of null (reading 'appendChild')
    at setupTrafficStarsUnderplayer (https://mrgay.tube/video/10499941/nasty-facials-vol-5/?campaign=10146:663:54)
    at https://mrgay.tube/video/10499941/nasty-facials-vol-5/?campaign=10146:804:11
[     393ms] [WARNING] Failed to execute 'write' on 'Document': It isn't possible to write into a document from an asynchronously-loaded external script unless it is explicitly opened. @ https://ads.exoclick.com/ads.js:0
[     403ms] [LOG] [GA] Page /video/10499941/nasty-facials-vol-5/?campaign=10146 pageview success @ https://mrgay.tube/upd/20260505.112537.498713/static/assets/app.js:25
[     428ms] [LOG] [GA] Page /video/10499941/nasty-facials-vol-5/?campaign=10146 pageview success @ https://mrgay.tube/upd/20260505.112537.498713/static/assets/app.js:25
[     439ms] [ERROR] Failed to load resource: the server responded with a status of 400 () @ https://metricswpsh.com/in/track?data=eyJ3bCI6MSwic3ViaWQiOjg2NTM1MDk2LCJ1c2VyX2lkIjoiODc2NTk2ODgwMzg0OTgzOTAwMCIsInRpbWV6b25lIjoyLCJ2ZXIiOiIyLjQ3LjAiLCJ0YWdfaWQiOjE0NzYwLCJzY3JlZW5fcmVzb2x1dGlvbiI6IjE3MTB4MTEwNyIsImFkYmxvY2siOjAsInRpbWV6b25lX29sc29uIjoiRXVyb3BlL1p1cmljaCIsInV0bV9zb3VyY2UiOiJtY2siLCJ1dG1fbWVkaXVtIjoiMTAxNDYiLCJ1dG1fY2FtcGFpZ24iOjg2NTM1MDk2LCJ1dG1fY29udGVudCI6IiIsIm1tIjowLCJpbml0X3N0YXJ0X2xhdGVuY3kiOjAuMjgsImlzX3YyIjowLCJpc192Ml9lbXB0eSI6MH0=:0
[     458ms] [LOG] [YMetrika] Page /video/10499941/nasty-facials-vol-5/?campaign=10146 hit success @ https://mrgay.tube/upd/20260505.112537.498713/static/assets/app.js:25
[     469ms] [ERROR] Failed to load resource: the server responded with a status of 400 () @ https://metricswpsh.com/in/track?data=eyJ3bCI6MSwic3ViaWQiOjg2NTM1MDk2LCJ1c2VyX2lkIjoiODc2NTk2ODgwMzg0OTgzOTAwMCIsInRpbWV6b25lIjoyLCJ2ZXIiOiIyLjQ3LjAiLCJ0YWdfaWQiOjE0NzYwLCJzY3JlZW5fcmVzb2x1dGlvbiI6IjE3MTB4MTEwNyIsImFkYmxvY2siOjAsInRpbWV6b25lX29sc29uIjoiRXVyb3BlL1p1cmljaCIsInV0bV9zb3VyY2UiOiJtY2siLCJ1dG1fbWVkaXVtIjoiMTAxNDYiLCJ1dG1fY2FtcGFpZ24iOjg2NTM1MDk2LCJ1dG1fY29udGVudCI6IiIsIm1tIjowLCJpbml0X3N0YXJ0X2xhdGVuY3kiOjAuMjgsImlzX3YyIjowLCJpc192Ml9lbXB0eSI6MH0=:0
[     816ms] Error: Request failed with status code 400
    at a (https://mrgay.tube/znw2ccj6yf/br9fjcbfe3.js:1:91496)
    at https://mrgay.tube/znw2ccj6yf/br9fjcbfe3.js:1:93126
    at l.onreadystatechange (https://mrgay.tube/znw2ccj6yf/br9fjcbfe3.js:1:93200)
[     538ms] [LOG] Video received: {id: 2796742, url: https://fr.faphouse.com/videos/glory-hole-wc-cruis…hbmtlcg&utm_campaign=ai.hhY&utm_content=suggested, originalUrl: https://fr.faphouse.com/videos/glory-hole-wc-cruis…i1hZTRhLTNjNGE2NTg0NzBjYRIQZmhfd2lkZ2V0X3Jhbmtlcg, title: « Une autre bite hétéro apparaît dans les Wc » - Croisière à Maspalomas Gran Canaria, imageUrl: https://ic-nss.flixcdn.com/a/ZDZhMWI0MTRiNzQ4ZDZmY…2%2Ch%3A220%29/video/21/21HiTJ/screen/000-DMd.jpg} @ https://mrgay.tube/upd/20260505.112537.498713/static/assets/app.js:46
[     538ms] [LOG] Video received: {id: 5535885, url: https://fr.faphouse.com/videos/brock-banks-gloryho…hbmtlcg&utm_campaign=ai.hhY&utm_content=suggested, originalUrl: https://fr.faphouse.com/videos/brock-banks-gloryho…i1hZTRhLTNjNGE2NTg0NzBjYRIQZmhfd2lkZ2V0X3Jhbmtlcg, title: Brock Banks Gloryhole Raw Anon Cum Dump BBC Letthemwatch, imageUrl: https://ic-nss.flixcdn.com/a/NjVhMjY4YWIyNTYxYTY2N…2%2Ch%3A220%29/xc/g1/g1EHfG/frame/original/12.jpg} @ https://mrgay.tube/upd/20260505.112537.498713/static/assets/app.js:46
[     538ms] [LOG] Video received: {id: 1023846, url: https://fr.faphouse.com/videos/3X75R6?utm_term=aff…mFua2Vy&utm_campaign=ai.hhY&utm_content=suggested, originalUrl: https://fr.faphouse.com/videos/3X75R6?utm_term=aff…iLWFlNGEtM2M0YTY1ODQ3MGNhEhBmaF93aWRnZXRfcmFua2Vy, title: Sucer une bite sur les trous de gloire, imageUrl: https://ic-nss.flixcdn.com/a/YmFjYzM1NmJiZTQ1YWNlM…52%2Ch%3A220%29/xc/3X/3X75R6/frame/original/5.jpg} @ https://mrgay.tube/upd/20260505.112537.498713/static/assets/app.js:46
[     538ms] [LOG] Video received: {id: 5658669, url: https://fr.faphouse.com/videos/glory-holed-UMyuNE?…hbmtlcg&utm_campaign=ai.hhY&utm_content=suggested, originalUrl: https://fr.faphouse.com/videos/glory-holed-UMyuNE?…i1hZTRhLTNjNGE2NTg0NzBjYRIQZmhfd2lkZ2V0X3Jhbmtlcg, title: Gloire trouée, imageUrl: https://ic-nss.flixcdn.com/a/NjkxZWExYzZjZTk1YjI2Z…2%2Ch%3A220%29/xc/UM/UMyuNE/frame/original/24.jpg} @ https://mrgay.tube/upd/20260505.112537.498713/static/assets/app.js:46
[     538ms] [LOG] Video received: {id: 2708890, url: https://fr.faphouse.com/videos/ITQ7JM?utm_term=aff…hbmtlcg&utm_campaign=ai.hhY&utm_content=suggested, originalUrl: https://fr.faphouse.com/videos/ITQ7JM?utm_term=aff…i1hZTRhLTNjNGE2NTg0NzBjYRIQZmhfd2lkZ2V0X3Jhbmtlcg, title: Une énorme bite hétéro apparaît dans un gloryhole dans les toilettes du centre commercial, imageUrl: https://ic-nss.flixcdn.com/a/MDZlNWIwOWIwZTA2NzZhN…2%2Ch%3A220%29/video/IT/ITQ7JM/screen/000-32Z.jpg} @ https://mrgay.tube/upd/20260505.112537.498713/static/assets/app.js:46
[     538ms] [LOG] Video received: {id: 5315190, url: https://fr.faphouse.com/videos/straight-guy-pussy-…hbmtlcg&utm_campaign=ai.hhY&utm_content=suggested, originalUrl: https://fr.faphouse.com/videos/straight-guy-pussy-…i1hZTRhLTNjNGE2NTg0NzBjYRIQZmhfd2lkZ2V0X3Jhbmtlcg, title: Un hétéro veut une chatte - ce qu’il obtient est quelque chose de spécial, imageUrl: https://ic-nss.flixcdn.com/a/YzQ4NDQ3MzIyYTcyOTFmY…52%2Ch%3A220%29/xc/05/05wYLg/frame/original/5.jpg} @ https://mrgay.tube/upd/20260505.112537.498713/static/assets/app.js:46
[     538ms] [LOG] Video received: {id: 237052, url: https://fr.faphouse.com/videos/kkFg6g?utm_term=aff…mFua2Vy&utm_campaign=ai.hhY&utm_content=suggested, originalUrl: https://fr.faphouse.com/videos/kkFg6g?utm_term=aff…iLWFlNGEtM2M0YTY1ODQ3MGNhEhBmaF93aWRnZXRfcmFua2Vy, title: Sucer une bite XXL dans les trous de gloire, imageUrl: https://ic-nss.flixcdn.com/a/ZTEwNDIzNGU1OGYzODMwM…2%2Ch%3A220%29/xc/kk/kkFg6g/frame/original/13.jpg} @ https://mrgay.tube/upd/20260505.112537.498713/static/assets/app.js:46
[     538ms] [LOG] Video received: {id: 902925, url: https://fr.faphouse.com/videos/4LP18i?utm_term=aff…mFua2Vy&utm_campaign=ai.hhY&utm_content=suggested, originalUrl: https://fr.faphouse.com/videos/4LP18i?utm_term=aff…iLWFlNGEtM2M0YTY1ODQ3MGNhEhBmaF93aWRnZXRfcmFua2Vy, title: Un mec avale le sperme d'un groupe de mecs après avoir sucé un homme dans un gloryhole, imageUrl: https://ic-nss.flixcdn.com/a/OTY4YzVmZWNhYzk1ZjYxO…2%2Ch%3A220%29/xc/4L/4LP18i/frame/original/13.jpg} @ https://mrgay.tube/upd/20260505.112537.498713/static/assets/app.js:46
[     538ms] [LOG] Video received: {id: 4978536, url: https://fr.faphouse.com/videos/insatiable-swallowe…hbmtlcg&utm_campaign=ai.hhY&utm_content=suggested, originalUrl: https://fr.faphouse.com/videos/insatiable-swallowe…i1hZTRhLTNjNGE2NTg0NzBjYRIQZmhfd2lkZ2V0X3Jhbmtlcg, title: Scène d’avaleuses insatiables - une amie 3_twink reste dans un glory hole pour avaler du sperme, imageUrl: https://ic-nss.flixcdn.com/a/NGQ5YzI4MmExYzg2MjI0N…52%2Ch%3A220%29/xc/8o/8oTz9x/frame/original/3.jpg} @ https://mrgay.tube/upd/20260505.112537.498713/static/assets/app.js:46
[     538ms] [LOG] Video received: {id: 2755047, url: https://fr.faphouse.com/videos/hottest-gay-piggy-g…hbmtlcg&utm_campaign=ai.hhY&utm_content=suggested, originalUrl: https://fr.faphouse.com/videos/hottest-gay-piggy-g…i1hZTRhLTNjNGE2NTg0NzBjYRIQZmhfd2lkZ2V0X3Jhbmtlcg, title: La scène gay la plus sexy - 2 un mec très cochon aime sucer une bite dans un glory hole, imageUrl: https://ic-nss.flixcdn.com/a/MGJiMjU1N2Q2ODdiMzZmZ…2%2Ch%3A220%29/xc/BB/BBbVbZ/frame/original/16.jpg} @ https://mrgay.tube/upd/20260505.112537.498713/static/assets/app.js:46
[     901ms] [LOG] CMP not found. @ https://a.magsrv.com/ad-provider.js:0
[     902ms] [LOG] 2026-05-06T19:16:39.695Z: Request #0 Placement #0 was pushed with zone {"custom_targeting":{},"id":4515072,"sub":1722344848,"extra_params":{"first_request":true,"zone_type":2}} @ https://a.magsrv.com/ad-provider.js:0
[     902ms] [LOG] 2026-05-06T19:16:39.695Z: s.magsrv.com - Zones Batch Size: 10, Multi-zones Batch Size: 3 @ https://a.magsrv.com/ad-provider.js:0
[     902ms] [LOG] 2026-05-06T19:16:39.695Z: s.magsrv.com - Request #0 with 1 zone(s) of type BANNER is being served. @ https://a.magsrv.com/ad-provider.js:0
[     904ms] [LOG] CMP not found. @ https://a.magsrv.com/ad-provider.js:0
[     905ms] [LOG] 2026-05-06T19:16:39.698Z: Request #0 Placement #0 was pushed with zone {"custom_targeting":{},"id":4513318,"sub":1722344848,"extra_params":{"first_request":true,"zone_type":2}} @ https://a.magsrv.com/ad-provider.js:0
[     905ms] [LOG] 2026-05-06T19:16:39.698Z: s.magsrv.com - Zones Batch Size: 10, Multi-zones Batch Size: 3 @ https://a.magsrv.com/ad-provider.js:0
[     905ms] [LOG] 2026-05-06T19:16:39.698Z: s.magsrv.com - Request #0 with 1 zone(s) of type BANNER is being served. @ https://a.magsrv.com/ad-provider.js:0
[     910ms] [LOG] CMP not found. @ https://a.magsrv.com/ad-provider.js:0
[     910ms] [LOG] 2026-05-06T19:16:39.704Z: Request #0 Placement #0 was pushed with zone {"custom_targeting":{},"id":4515078,"sub":1722344848,"extra_params":{"first_request":true,"zone_type":2}} @ https://a.magsrv.com/ad-provider.js:0
[     910ms] [LOG] 2026-05-06T19:16:39.704Z: s.magsrv.com - Zones Batch Size: 10, Multi-zones Batch Size: 3 @ https://a.magsrv.com/ad-provider.js:0
[     911ms] [LOG] 2026-05-06T19:16:39.704Z: s.magsrv.com - Request #0 with 1 zone(s) of type BANNER is being served. @ https://a.magsrv.com/ad-provider.js:0
[     912ms] [LOG] CMP not found. @ https://a.magsrv.com/ad-provider.js:0
[     913ms] [LOG] 2026-05-06T19:16:39.707Z: Request #0 Placement #0 was pushed with zone {"custom_targeting":{},"id":5582690,"sub":1722344848,"extra_params":{"first_request":true,"zone_type":2}} @ https://a.magsrv.com/ad-provider.js:0
[     913ms] [LOG] 2026-05-06T19:16:39.707Z: s.magsrv.com - Zones Batch Size: 10, Multi-zones Batch Size: 3 @ https://a.magsrv.com/ad-provider.js:0
[     913ms] [LOG] 2026-05-06T19:16:39.707Z: s.magsrv.com - Request #0 with 1 zone(s) of type BANNER is being served. @ https://a.magsrv.com/ad-provider.js:0
[     927ms] [LOG] CMP not found. @ https://a.magsrv.com/ad-provider.js:0
[     931ms] [LOG] 2026-05-06T19:16:39.725Z: Request #0 Placement #0 was pushed with zone {"custom_targeting":{},"id":5582686,"sub":1722344848,"extra_params":{"first_request":true,"zone_type":2}} @ https://a.magsrv.com/ad-provider.js:0
[     931ms] [LOG] 2026-05-06T19:16:39.725Z: s.magsrv.com - Zones Batch Size: 10, Multi-zones Batch Size: 3 @ https://a.magsrv.com/ad-provider.js:0
[     932ms] [LOG] 2026-05-06T19:16:39.725Z: s.magsrv.com - Request #0 with 1 zone(s) of type BANNER is being served. @ https://a.magsrv.com/ad-provider.js:0
[     938ms] [LOG] CMP not found. @ https://a.magsrv.com/ad-provider.js:0
[     938ms] [LOG] 2026-05-06T19:16:39.732Z: Request #0 Placement #0 was pushed with zone {"custom_targeting":{},"id":5582688,"sub":1722344848,"extra_params":{"first_request":true,"zone_type":2}} @ https://a.magsrv.com/ad-provider.js:0
[     938ms] [LOG] 2026-05-06T19:16:39.732Z: s.magsrv.com - Zones Batch Size: 10, Multi-zones Batch Size: 3 @ https://a.magsrv.com/ad-provider.js:0
[     939ms] [LOG] 2026-05-06T19:16:39.732Z: s.magsrv.com - Request #0 with 1 zone(s) of type BANNER is being served. @ https://a.magsrv.com/ad-provider.js:0
[     939ms] [LOG] CMP not found. @ https://a.magsrv.com/ad-provider.js:0
[     939ms] [LOG] 2026-05-06T19:16:39.733Z: Request #0 Placement #0 was pushed with zone {"custom_targeting":{},"id":5582682,"sub":1722344848,"extra_params":{"first_request":true,"zone_type":2}} @ https://a.magsrv.com/ad-provider.js:0
[     939ms] [LOG] 2026-05-06T19:16:39.733Z: s.magsrv.com - Zones Batch Size: 10, Multi-zones Batch Size: 3 @ https://a.magsrv.com/ad-provider.js:0
[     940ms] [LOG] 2026-05-06T19:16:39.733Z: s.magsrv.com - Request #0 with 1 zone(s) of type BANNER is being served. @ https://a.magsrv.com/ad-provider.js:0
[     941ms] [LOG] CMP not found. @ https://a.magsrv.com/ad-provider.js:0
[     942ms] [LOG] 2026-05-06T19:16:39.736Z: Request #0 Placement #0 was pushed with zone {"custom_targeting":{},"id":5582694,"sub":1722344848,"extra_params":{"first_request":true,"zone_type":2}} @ https://a.magsrv.com/ad-provider.js:0
[     942ms] [LOG] 2026-05-06T19:16:39.736Z: s.magsrv.com - Zones Batch Size: 10, Multi-zones Batch Size: 3 @ https://a.magsrv.com/ad-provider.js:0
[     943ms] [LOG] 2026-05-06T19:16:39.736Z: s.magsrv.com - Request #0 with 1 zone(s) of type BANNER is being served. @ https://a.magsrv.com/ad-provider.js:0
[     943ms] [LOG] CMP not found. @ https://a.magsrv.com/ad-provider.js:0
[     943ms] [LOG] 2026-05-06T19:16:39.737Z: Request #0 Placement #0 was pushed with zone {"custom_targeting":{},"id":5582684,"sub":1722344848,"extra_params":{"first_request":true,"zone_type":2}} @ https://a.magsrv.com/ad-provider.js:0
[     943ms] [LOG] 2026-05-06T19:16:39.737Z: s.magsrv.com - Zones Batch Size: 10, Multi-zones Batch Size: 3 @ https://a.magsrv.com/ad-provider.js:0
[     944ms] [LOG] 2026-05-06T19:16:39.737Z: s.magsrv.com - Request #0 with 1 zone(s) of type BANNER is being served. @ https://a.magsrv.com/ad-provider.js:0
[     948ms] [LOG] CMP not found. @ https://a.magsrv.com/ad-provider.js:0
[     951ms] [LOG] 2026-05-06T19:16:39.744Z: Request #0 Placement #0 was pushed with zone {"custom_targeting":{},"id":5582698,"sub":1722344848,"extra_params":{"first_request":true,"zone_type":2}} @ https://a.magsrv.com/ad-provider.js:0
[     951ms] [LOG] 2026-05-06T19:16:39.744Z: s.magsrv.com - Zones Batch Size: 10, Multi-zones Batch Size: 3 @ https://a.magsrv.com/ad-provider.js:0
[     951ms] [LOG] 2026-05-06T19:16:39.745Z: s.magsrv.com - Request #0 with 1 zone(s) of type BANNER is being served. @ https://a.magsrv.com/ad-provider.js:0
[     969ms] [LOG] CMP not found. @ https://a.magsrv.com/ad-provider.js:0
[     969ms] [LOG] 2026-05-06T19:16:39.763Z: Request #0 Placement #0 was pushed with zone {"custom_targeting":{},"id":5582654,"sub":1722344848,"extra_params":{"first_request":true,"zone_type":2}} @ https://a.magsrv.com/ad-provider.js:0
[     969ms] [LOG] 2026-05-06T19:16:39.763Z: s.magsrv.com - Zones Batch Size: 10, Multi-zones Batch Size: 3 @ https://a.magsrv.com/ad-provider.js:0
[     970ms] [LOG] 2026-05-06T19:16:39.763Z: s.magsrv.com - Request #0 with 1 zone(s) of type BANNER is being served. @ https://a.magsrv.com/ad-provider.js:0
[     975ms] [LOG] CMP not found. @ https://a.magsrv.com/ad-provider.js:0
[     975ms] [LOG] 2026-05-06T19:16:39.769Z: Request #0 Placement #0 was pushed with zone {"custom_targeting":{},"id":5582692,"sub":1722344848,"extra_params":{"first_request":true,"zone_type":2}} @ https://a.magsrv.com/ad-provider.js:0
[     975ms] [LOG] 2026-05-06T19:16:39.769Z: s.magsrv.com - Zones Batch Size: 10, Multi-zones Batch Size: 3 @ https://a.magsrv.com/ad-provider.js:0
[     976ms] [LOG] 2026-05-06T19:16:39.769Z: s.magsrv.com - Request #0 with 1 zone(s) of type BANNER is being served. @ https://a.magsrv.com/ad-provider.js:0
[     976ms] [LOG] CMP not found. @ https://a.magsrv.com/ad-provider.js:0
[     977ms] [LOG] 2026-05-06T19:16:39.770Z: Request #0 Placement #0 was pushed with zone {"custom_targeting":{},"id":5582696,"sub":1722344848,"extra_params":{"first_request":true,"zone_type":2}} @ https://a.magsrv.com/ad-provider.js:0
[     977ms] [LOG] 2026-05-06T19:16:39.770Z: s.magsrv.com - Zones Batch Size: 10, Multi-zones Batch Size: 3 @ https://a.magsrv.com/ad-provider.js:0
[     977ms] [LOG] 2026-05-06T19:16:39.771Z: s.magsrv.com - Request #0 with 1 zone(s) of type BANNER is being served. @ https://a.magsrv.com/ad-provider.js:0
[    1120ms] [LOG] 2026-05-06T19:16:39.914Z: Request #0 handling the response @ https://a.magsrv.com/ad-provider.js:0
[    1122ms] [LOG] 2026-05-06T19:16:39.915Z: s.magsrv.com - 1 ad request(s) completed successfully @ https://a.magsrv.com/ad-provider.js:0
[    1122ms] [LOG] 2026-05-06T19:16:39.915Z: Request #0 handling the response @ https://a.magsrv.com/ad-provider.js:0
[    1124ms] [LOG] 2026-05-06T19:16:39.917Z: s.magsrv.com - 1 ad request(s) completed successfully @ https://a.magsrv.com/ad-provider.js:0
[    1124ms] [LOG] 2026-05-06T19:16:39.917Z: Request #0 handling the response @ https://a.magsrv.com/ad-provider.js:0
[    1127ms] [LOG] 2026-05-06T19:16:39.920Z: s.magsrv.com - 1 ad request(s) completed successfully @ https://a.magsrv.com/ad-provider.js:0
[    1162ms] [LOG] 2026-05-06T19:16:39.956Z: Request #0 handling the response @ https://a.magsrv.com/ad-provider.js:0
[    1164ms] [LOG] 2026-05-06T19:16:39.958Z: s.magsrv.com - 1 ad request(s) completed successfully @ https://a.magsrv.com/ad-provider.js:0
[    1189ms] [LOG] 2026-05-06T19:16:39.983Z: Request #0 handling the response @ https://a.magsrv.com/ad-provider.js:0
[    1191ms] [LOG] 2026-05-06T19:16:39.985Z: s.magsrv.com - 1 ad request(s) completed successfully @ https://a.magsrv.com/ad-provider.js:0
[    1266ms] [LOG] 2026-05-06T19:16:40.059Z: Request #0 handling the response @ https://a.magsrv.com/ad-provider.js:0
[    1269ms] [LOG] 2026-05-06T19:16:40.062Z: s.magsrv.com - 1 ad request(s) completed successfully @ https://a.magsrv.com/ad-provider.js:0
[    1288ms] [LOG] 2026-05-06T19:16:40.081Z: Request #0 handling the response @ https://a.magsrv.com/ad-provider.js:0
[    1289ms] [LOG] 2026-05-06T19:16:40.083Z: s.magsrv.com - 1 ad request(s) completed successfully @ https://a.magsrv.com/ad-provider.js:0
[    1289ms] [LOG] 2026-05-06T19:16:40.083Z: Request #0 handling the response @ https://a.magsrv.com/ad-provider.js:0
[    1290ms] [LOG] 2026-05-06T19:16:40.084Z: s.magsrv.com - 1 ad request(s) completed successfully @ https://a.magsrv.com/ad-provider.js:0
[    1291ms] [LOG] 2026-05-06T19:16:40.084Z: Request #0 handling the response @ https://a.magsrv.com/ad-provider.js:0
[    1292ms] [LOG] 2026-05-06T19:16:40.085Z: s.magsrv.com - 1 ad request(s) completed successfully @ https://a.magsrv.com/ad-provider.js:0
[    1335ms] [LOG] 2026-05-06T19:16:40.129Z: Request #0 handling the response @ https://a.magsrv.com/ad-provider.js:0
[    1337ms] [LOG] 2026-05-06T19:16:40.130Z: s.magsrv.com - 1 ad request(s) completed successfully @ https://a.magsrv.com/ad-provider.js:0
[    1349ms] [LOG] 2026-05-06T19:16:40.143Z: Request #0 handling the response @ https://a.magsrv.com/ad-provider.js:0
[    1350ms] [LOG] 2026-05-06T19:16:40.144Z: s.magsrv.com - 1 ad request(s) completed successfully @ https://a.magsrv.com/ad-provider.js:0
[    1440ms] [LOG] 2026-05-06T19:16:40.233Z: Request #0 handling the response @ https://a.magsrv.com/ad-provider.js:0
[    1441ms] [LOG] 2026-05-06T19:16:40.235Z: s.magsrv.com - 1 ad request(s) completed successfully @ https://a.magsrv.com/ad-provider.js:0
[    1496ms] [LOG] 2026-05-06T19:16:40.289Z: Request #0 handling the response @ https://a.magsrv.com/ad-provider.js:0
[    1497ms] [LOG] 2026-05-06T19:16:40.291Z: s.magsrv.com - 1 ad request(s) completed successfully @ https://a.magsrv.com/ad-provider.js:0
[    2036ms] [LOG] [preroll] - preroll played
Link: %s
Type: %s https://vast.vstserv.com/wrapper/m?katds_ep=lXjgbGJY-klDS2QA-ssaZ9yjoikGc6SgkFCyxL9Lk2SQW1oVoeNm_K_roSOAGOOF2wsXY90ZysF2SQz3-1g  @ https://mrgay.tube/znw2ccj6yf/34gtaki9bf.js:0
[    2084ms] [ERROR] Access to fetch at 'https://events.tubecup.org/preroll_stats?creativeId=1&duration=30&tag=https%3A%2F%2Fvast.vstserv.com%2Fwrapper%2Fm%3Fkatds_ep%3DlXjgbGJY-klDS2QA-ssaZ9yjoikGc6SgkFCyxL9Lk2SQW1oVoeNm_K_roSOAGOOF2wsXY90ZysF2SQz3-1g&adsystem=stripcash.com&impTime=0&resTime=0.4&cid=&fback=0&rtb=0&clickUrl=https%3A%2F%2Fgo.xlivrdr.com%2F%3FabTest%3Dlandingvast_aaa20042026%26abTestVariant%3Dlandingvast_aaa20042026_aaa_76%26campaignId%3Dbca5570237d6686759e13ba7259eddd1c1f40040b0313da0a45077eda785e739%26campaignType%3Dsmartpop%26creativeId%3D82ea27b402913f212cdbcdcdce81c1bcf3f242bde2cde148f7b6698461b52e0b%26dpm%3D50%26iterationId%3D1398077%26landing%3DlandingVAST%26masterSmartpopId%3D2683%26memberId%3DGF41YdaSB5WA8VCrewZAO1HxCDjtpx8TGLqkh0o0o5cee6ji8rTHIf3hZZr2u-I7Ym-S9fJr-jTnJlN1EgqK44LcHXQ1Z-pMWvys8EHQTS28i0GB_gUIDRUi%26modelId%3D224339717%26modelName%3Dmonsieurguitsxxx%26noc%3D1%26onlineModels%3Dmonsieurguitsxxx%26p1%3D741580%26referrer%3Dhttps%253A%252F%252Fmrgay.tube%252F%26ruleId%3D149%26segment%3Dhls-monsieurguitsxxx-1%26smartpopId%3D7857%26sourceId%3D4793166%26stripcashR%3D1%26tag%3Dmen%26trafficType%3Dpreroll%26userId%3Dff8eb98019683c3a16fbf3e0969645f32f1d0c1842b60b5a595ab93f4231e507%26variationId%3D36263&embed=0' from origin 'https://mrgay.tube' has been blocked by CORS policy: No 'Access-Control-Allow-Origin' header is present on the requested resource. @ https://mrgay.tube/video/10499941/nasty-facials-vol-5/?campaign=10146:0
[    2084ms] [ERROR] Failed to load resource: net::ERR_FAILED @ https://events.tubecup.org/preroll_stats?creativeId=1&duration=30&tag=https%3A%2F%2Fvast.vstserv.com%2Fwrapper%2Fm%3Fkatds_ep%3DlXjgbGJY-klDS2QA-ssaZ9yjoikGc6SgkFCyxL9Lk2SQW1oVoeNm_K_roSOAGOOF2wsXY90ZysF2SQz3-1g&adsystem=stripcash.com&impTime=0&resTime=0.4&cid=&fback=0&rtb=0&clickUrl=https%3A%2F%2Fgo.xlivrdr.com%2F%3FabTest%3Dlandingvast_aaa20042026%26abTestVariant%3Dlandingvast_aaa20042026_aaa_76%26campaignId%3Dbca5570237d6686759e13ba7259eddd1c1f40040b0313da0a45077eda785e739%26campaignType%3Dsmartpop%26creativeId%3D82ea27b402913f212cdbcdcdce81c1bcf3f242bde2cde148f7b6698461b52e0b%26dpm%3D50%26iterationId%3D1398077%26landing%3DlandingVAST%26masterSmartpopId%3D2683%26memberId%3DGF41YdaSB5WA8VCrewZAO1HxCDjtpx8TGLqkh0o0o5cee6ji8rTHIf3hZZr2u-I7Ym-S9fJr-jTnJlN1EgqK44LcHXQ1Z-pMWvys8EHQTS28i0GB_gUIDRUi%26modelId%3D224339717%26modelName%3Dmonsieurguitsxxx%26noc%3D1%26onlineModels%3Dmonsieurguitsxxx%26p1%3D741580%26referrer%3Dhttps%253A%252F%252Fmrgay.tube%252F%26ruleId%3D149%26segment%3Dhls-monsieurguitsxxx-1%26smartpopId%3D7857%26sourceId%3D4793166%26stripcashR%3D1%26tag%3Dmen%26trafficType%3Dpreroll%26userId%3Dff8eb98019683c3a16fbf3e0969645f32f1d0c1842b60b5a595ab93f4231e507%26variationId%3D36263&embed=0:0
[    2084ms] TypeError: Failed to fetch
    at Y.<anonymous> (https://mrgay.tube/znw2ccj6yf/34gtaki9bf.js:1:44163)
    at f (https://mrgay.tube/assets//jwplayer-8.21.2.4/jwplayer.js:1:28401)
    at e.triggerSafe (https://mrgay.tube/assets//jwplayer-8.21.2.4/jwplayer.js:1:27853)
    at Y.trigger (https://mrgay.tube/assets//jwplayer-8.21.2.4/jwplayer.js:1:82532)
    at F.<anonymous> (https://mrgay.tube/assets//jwplayer-8.21.2.4/jwplayer.js:1:85252)
    at f (https://mrgay.tube/assets//jwplayer-8.21.2.4/jwplayer.js:1:28401)
    at e.triggerSafe (https://mrgay.tube/assets//jwplayer-8.21.2.4/jwplayer.js:1:27870)
    at F.trigger (https://mrgay.tube/assets//jwplayer-8.21.2.4/jwplayer.js:1:82532)
    at a.value (https://mrgay.tube/assets/jwplayer-8.21.2.4/vast.js:257:554)
    at f (https://mrgay.tube/assets//jwplayer-8.21.2.4/jwplayer.js:1:28497)
