[   15616ms] [ERROR] Refused to get unsafe header "X-Sg-Cs" @ https://www.google.com/search?q=suno&rlz=1C5CHFA_enCH1144FR1148&oq=suno&gs_lcrp=EgZjaHJvbWUqDQgAEAAYgwEYsQMYgAQyDQgAEAAYgwEYsQMYgAQyCggBEAAYsQMYgAQyBwgCEAAYgAQyDQgDEC4YrwEYxwEYgAQyBwgEEAAYgAQyBwgFEAAYgAQyBwgGEAAYgAQyBwgHEAAYgAQyBwgIEAAYgAQyBwgJEC4YgATSAQgxMzg2ajBqN6gCALACAA&sourceid=chrome&ie=UTF-8:21
[   15616ms] [ERROR] Refused to get unsafe header "X-Sorry-Redirect" @ https://www.google.com/search?q=suno&rlz=1C5CHFA_enCH1144FR1148&oq=suno&gs_lcrp=EgZjaHJvbWUqDQgAEAAYgwEYsQMYgAQyDQgAEAAYgwEYsQMYgAQyCggBEAAYsQMYgAQyBwgCEAAYgAQyDQgDEC4YrwEYxwEYgAQyBwgEEAAYgAQyBwgFEAAYgAQyBwgGEAAYgAQyBwgHEAAYgAQyBwgIEAAYgAQyBwgJEC4YgATSAQgxMzg2ajBqN6gCALACAA&sourceid=chrome&ie=UTF-8:21
[   15863ms] [ERROR] Refused to get unsafe header "X-Sg-Cs" @ https://www.google.com/search?q=suno&rlz=1C5CHFA_enCH1144FR1148&oq=suno&gs_lcrp=EgZjaHJvbWUqDQgAEAAYgwEYsQMYgAQyDQgAEAAYgwEYsQMYgAQyCggBEAAYsQMYgAQyBwgCEAAYgAQyDQgDEC4YrwEYxwEYgAQyBwgEEAAYgAQyBwgFEAAYgAQyBwgGEAAYgAQyBwgHEAAYgAQyBwgIEAAYgAQyBwgJEC4YgATSAQgxMzg2ajBqN6gCALACAA&sourceid=chrome&ie=UTF-8:21
[   15863ms] [ERROR] Refused to get unsafe header "X-Sorry-Redirect" @ https://www.google.com/search?q=suno&rlz=1C5CHFA_enCH1144FR1148&oq=suno&gs_lcrp=EgZjaHJvbWUqDQgAEAAYgwEYsQMYgAQyDQgAEAAYgwEYsQMYgAQyCggBEAAYsQMYgAQyBwgCEAAYgAQyDQgDEC4YrwEYxwEYgAQyBwgEEAAYgAQyBwgFEAAYgAQyBwgGEAAYgAQyBwgHEAAYgAQyBwgIEAAYgAQyBwgJEC4YgATSAQgxMzg2ajBqN6gCALACAA&sourceid=chrome&ie=UTF-8:21
[   16278ms] [ERROR] Refused to get unsafe header "X-Sg-Cs" @ https://www.google.com/search?q=suno&rlz=1C5CHFA_enCH1144FR1148&oq=suno&gs_lcrp=EgZjaHJvbWUqDQgAEAAYgwEYsQMYgAQyDQgAEAAYgwEYsQMYgAQyCggBEAAYsQMYgAQyBwgCEAAYgAQyDQgDEC4YrwEYxwEYgAQyBwgEEAAYgAQyBwgFEAAYgAQyBwgGEAAYgAQyBwgHEAAYgAQyBwgIEAAYgAQyBwgJEC4YgATSAQgxMzg2ajBqN6gCALACAA&sourceid=chrome&ie=UTF-8:21
[   16278ms] [ERROR] Refused to get unsafe header "X-Sorry-Redirect" @ https://www.google.com/search?q=suno&rlz=1C5CHFA_enCH1144FR1148&oq=suno&gs_lcrp=EgZjaHJvbWUqDQgAEAAYgwEYsQMYgAQyDQgAEAAYgwEYsQMYgAQyCggBEAAYsQMYgAQyBwgCEAAYgAQyDQgDEC4YrwEYxwEYgAQyBwgEEAAYgAQyBwgFEAAYgAQyBwgGEAAYgAQyBwgHEAAYgAQyBwgIEAAYgAQyBwgJEC4YgATSAQgxMzg2ajBqN6gCALACAA&sourceid=chrome&ie=UTF-8:21
[   16560ms] [WARNING] Failed to execute 'postMessage' on 'DOMWindow': The target origin provided ('https://www.youtube.com') does not match the recipient window's origin ('https://www.google.com'). @ https://www.youtube.com/s/player/0980151a/www-widgetapi.vflset/www-widgetapi.js:209
[   38176ms] [ERROR] Failed to load resource: the server responded with a status of 403 () @ https://cdn2.suno.ai/image_8a2b68c2-2842-4f64-a1e4-95b2ff7c75d8.jpeg?width=undefined:0
[   38823ms] Error: Minified React error #418; visit https://react.dev/errors/418?args[]=text&args[]= for the full message or use the non-minified dev environment for full errors and additional helpful warnings.
    at rY (https://suno.com/_next/static/chunks/c7bcd6852c183a3c.js:25:122111)
    at rX (https://suno.com/_next/static/chunks/c7bcd6852c183a3c.js:25:123144)
    at https://suno.com/_next/static/chunks/c7bcd6852c183a3c.js:25:216863
    at up (https://suno.com/_next/static/chunks/c7bcd6852c183a3c.js:25:222024)
    at uc (https://suno.com/_next/static/chunks/c7bcd6852c183a3c.js:25:213364)
    at https://suno.com/_next/static/chunks/c7bcd6852c183a3c.js:25:208193
    at l9 (https://suno.com/_next/static/chunks/c7bcd6852c183a3c.js:25:208294)
    at u$ (https://suno.com/_next/static/chunks/c7bcd6852c183a3c.js:25:234676)
    at MessagePort.P (https://suno.com/_next/static/chunks/c7bcd6852c183a3c.js:25:83636)
[   38801ms] [LOG] %c
  ███████╗██╗   ██╗███╗   ██╗ ██████╗
  ██╔════╝██║   ██║████╗  ██║██╔═══██╗
  ███████╗██║   ██║██╔██╗ ██║██║   ██║
  ╚════██║██║   ██║██║╚██╗██║██║   ██║
  ███████║╚██████╔╝██║ ╚████║╚██████╔╝
  ╚══════╝ ╚═════╝ ╚═╝  ╚═══╝ ╚═════╝
  We are hiring! Come join our amazing team!
  https://suno.com/careers
       color: #ff6b9d; font-weight: bold; text-shadow: 0 0 10px rgba(255, 107, 157, 0.5), 0 0 20px rgba(255, 107, 157, 0.3), 0 0 30px rgba(255, 107, 157, 0.2); font-family: "Courier New", monospace; @ https://suno.com/_next/static/chunks/c7bcd6852c183a3c.js:10
[   39201ms] [ERROR] Invalid id passed to identify. @ https://suno.com/_next/static/chunks/c7bcd6852c183a3c.js:10
[   39299ms] [ERROR] Failed to load resource: the server responded with a status of 403 () @ https://cdn2.suno.ai/3b1c948b-d424-4335-8625-5f98fc7f04c4:0
[   39391ms] [WARNING] [Cloudflare Turnstile] Turnstile already has been loaded. Was Turnstile imported multiple times? @ https://suno.com/_next/static/chunks/c7bcd6852c183a3c.js:10
[   40044ms] [WARNING] [GSI_LOGGER]: Your client application uses one of the Google One Tap prompt UI status methods that may stop functioning when FedCM becomes mandatory. Refer to the migration guide to update your code accordingly and opt-in to FedCM to test your changes. Learn more: https://developers.google.com/identity/gsi/web/guides/fedcm-migration?s=dc#display_moment and https://developers.google.com/identity/gsi/web/guides/fedcm-migration?s=dc#skipped_moment @ https://suno.com/_next/static/chunks/c7bcd6852c183a3c.js:10
[   40059ms] [ERROR] Failed to load resource: the server responded with a status of 401 () @ https://studio-api-prod.suno.com/api/personalization/settings:0
[   40070ms] [ERROR] Failed to load resource: the server responded with a status of 403 () @ https://cdn2.suno.ai/3b1c948b-d424-4335-8625-5f98fc7f04c4:0
[   40070ms] [ERROR] Failed to load resource: the server responded with a status of 401 () @ https://studio-api-prod.suno.com/api/statsig/experiment/:0
[   40084ms] [ERROR] Failed to load resource: the server responded with a status of 401 () @ https://studio-api-prod.suno.com/api/statsig/experiment/:0
[   40800ms] [ERROR] Failed to load resource: the server responded with a status of 401 () @ https://studio-api-prod.suno.com/api/statsig/experiment/:0
[   41381ms] [ERROR] Failed to load resource: the server responded with a status of 401 () @ https://studio-api-prod.suno.com/api/statsig/experiment/:0
[   41578ms] [ERROR] Not signed in with the identity provider. @ https://suno.com/?utm_source=google&utm_medium=cpc&utm_campaign=22340479166&utm_term=suno&utm_content=802264255818&wpsrc=Google%20AdWords&wpcid=22340479166&wpscid=177890886633&wpcrid=802264255818&wpkwid=kwd-2827037661&wpkwn=suno&wpkmatch=e&wpsnetn=g&gad_source=1&gad_campaignid=22340479166&gbraid=0AAAAA9pWpduqyFCEllKvrRJK0-1KApSJQ&gclid=EAIaIQobChMI0Lfim8ydlAMVMZGDBx0h5wFqEAAYASAAEgLPcPD_BwE:0
[   42052ms] [ERROR] Failed to load resource: the server responded with a status of 401 () @ https://studio-api-prod.suno.com/api/statsig/experiment/:0
[   42136ms] [LOG] The next request for the Private Access Token challenge may return a 401 and show a warning in console. @ https://challenges.cloudflare.com/cdn-cgi/challenge-platform/h/g/turnstile/f/ov2/av0/rch/llvkh/0x4AAAAAAAFV93qQdS0ycilX/auto/fbE/new/normal?lang=auto:0
[   42227ms] [ERROR] Failed to load resource: the server responded with a status of 401 () @ https://challenges.cloudflare.com/cdn-cgi/challenge-platform/h/g/pat/9f60d4636bc001f4/1777827709399/1669a686e0d97bebd4e3d00c104456ea129105585ddcd9a3f7335b23223a4dec/JGyaLisvm9FQ2qZ:0
[   42468ms] [ERROR] This document requires 'TrustedHTML' assignment. The action has been blocked. @ https://challenges.cloudflare.com/cdn-cgi/challenge-platform/h/g/turnstile/f/ov2/av0/rch/llvkh/0x4AAAAAAAFV93qQdS0ycilX/auto/fbE/new/normal?lang=auto:0
[   42468ms] [ERROR] This document requires 'TrustedHTML' assignment. The action has been blocked. @ https://challenges.cloudflare.com/cdn-cgi/challenge-platform/h/g/turnstile/f/ov2/av0/rch/llvkh/0x4AAAAAAAFV93qQdS0ycilX/auto/fbE/new/normal?lang=auto:0
[   42469ms] [ERROR] This document requires 'TrustedScript' assignment. The action has been blocked. @ https://challenges.cloudflare.com/cdn-cgi/challenge-platform/h/g/turnstile/f/ov2/av0/rch/llvkh/0x4AAAAAAAFV93qQdS0ycilX/auto/fbE/new/normal?lang=auto:0
[   42469ms] [ERROR] This document requires 'TrustedScript' assignment. The action has been blocked. @ https://challenges.cloudflare.com/cdn-cgi/challenge-platform/h/g/turnstile/f/ov2/av0/rch/llvkh/0x4AAAAAAAFV93qQdS0ycilX/auto/fbE/new/normal?lang=auto:0
[   42469ms] [ERROR] This document requires 'TrustedScriptURL' assignment. The action has been blocked. @ https://challenges.cloudflare.com/cdn-cgi/challenge-platform/h/g/turnstile/f/ov2/av0/rch/llvkh/0x4AAAAAAAFV93qQdS0ycilX/auto/fbE/new/normal?lang=auto:0
[   42469ms] [ERROR] This document requires 'TrustedScriptURL' assignment. The action has been blocked. @ https://challenges.cloudflare.com/cdn-cgi/challenge-platform/h/g/turnstile/f/ov2/av0/rch/llvkh/0x4AAAAAAAFV93qQdS0ycilX/auto/fbE/new/normal?lang=auto:0
[   42475ms] [ERROR] Executing inline script violates the following Content Security Policy directive 'script-src 'nonce-rTZ9gcWsbbIoEPco1rOgYV' 'unsafe-eval''. Either the 'unsafe-inline' keyword, a hash ('sha256-eJGI0Ik4oYe/PKLDOt4wcN76wYs8h+Ew05pMzdY6xG8='), or a nonce ('nonce-...') is required to enable inline execution. The action has been blocked. @ about:srcdoc:0
[   42475ms] [ERROR] Executing inline script violates the following Content Security Policy directive 'script-src 'nonce-rTZ9gcWsbbIoEPco1rOgYV' 'unsafe-eval''. Either the 'unsafe-inline' keyword, a hash ('sha256-eJGI0Ik4oYe/PKLDOt4wcN76wYs8h+Ew05pMzdY6xG8='), or a nonce ('nonce-...') is required to enable inline execution. The action has been blocked. @ about:srcdoc:0
[   42475ms] [ERROR] This document requires 'TrustedScript' assignment. The action has been blocked. @ https://challenges.cloudflare.com/cdn-cgi/challenge-platform/h/g/turnstile/f/ov2/av0/rch/llvkh/0x4AAAAAAAFV93qQdS0ycilX/auto/fbE/new/normal?lang=auto:0
[   42475ms] [ERROR] This document requires 'TrustedScript' assignment. The action has been blocked. @ https://challenges.cloudflare.com/cdn-cgi/challenge-platform/h/g/turnstile/f/ov2/av0/rch/llvkh/0x4AAAAAAAFV93qQdS0ycilX/auto/fbE/new/normal?lang=auto:0
[   42616ms] [ERROR] Failed to load resource: the server responded with a status of 401 () @ https://studio-api-prod.suno.com/api/statsig/experiment/:0
[   42621ms] [WARNING] Form submission canceled because the form is not connected @ https://challenges.cloudflare.com/cdn-cgi/challenge-platform/h/g/turnstile/f/ov2/av0/rch/llvkh/0x4AAAAAAAFV93qQdS0ycilX/auto/fbE/new/normal?lang=auto:0
[   42671ms] [ERROR] Permissions policy violation: xr-spatial-tracking is not allowed in this document. @ https://challenges.cloudflare.com/cdn-cgi/challenge-platform/h/g/turnstile/f/ov2/av0/rch/llvkh/0x4AAAAAAAFV93qQdS0ycilX/auto/fbE/new/normal?lang=auto:0
[   42672ms] [ERROR] Permissions policy violation: xr-spatial-tracking is not allowed in this document. @ https://challenges.cloudflare.com/cdn-cgi/challenge-platform/h/g/turnstile/f/ov2/av0/rch/llvkh/0x4AAAAAAAFV93qQdS0ycilX/auto/fbE/new/normal?lang=auto:0
[   43240ms] [WARNING] Failed to parse audio contentType: audio/mp4; codecs=ac-3 @ https://challenges.cloudflare.com/cdn-cgi/challenge-platform/h/g/turnstile/f/ov2/av0/rch/llvkh/0x4AAAAAAAFV93qQdS0ycilX/auto/fbE/new/normal?lang=auto:0
[   43240ms] [WARNING] Failed to parse audio contentType: audio/mp4; codecs=ec-3 @ https://challenges.cloudflare.com/cdn-cgi/challenge-platform/h/g/turnstile/f/ov2/av0/rch/llvkh/0x4AAAAAAAFV93qQdS0ycilX/auto/fbE/new/normal?lang=auto:0
[   43241ms] [WARNING] Invalid (ambiguous) video codec string: video/webm; codecs=vp9 @ https://challenges.cloudflare.com/cdn-cgi/challenge-platform/h/g/turnstile/f/ov2/av0/rch/llvkh/0x4AAAAAAAFV93qQdS0ycilX/auto/fbE/new/normal?lang=auto:0
[   43242ms] [WARNING] Failed to parse video contentType: video/ogg; codecs=theora @ https://challenges.cloudflare.com/cdn-cgi/challenge-platform/h/g/turnstile/f/ov2/av0/rch/llvkh/0x4AAAAAAAFV93qQdS0ycilX/auto/fbE/new/normal?lang=auto:0
[   44071ms] [LOG] /.*.*=.*/ @ https://challenges.cloudflare.com/cdn-cgi/challenge-platform/h/g/turnstile/f/ov2/av0/rch/llvkh/0x4AAAAAAAFV93qQdS0ycilX/auto/fbE/new/normal?lang=auto:0
[   44071ms] [LOG] /.*.*=.*/ @ https://challenges.cloudflare.com/cdn-cgi/challenge-platform/h/g/turnstile/f/ov2/av0/rch/llvkh/0x4AAAAAAAFV93qQdS0ycilX/auto/fbE/new/normal?lang=auto:0
[   44072ms] [LOG] function () { [native code] } @ https://challenges.cloudflare.com/cdn-cgi/challenge-platform/h/g/turnstile/f/ov2/av0/rch/llvkh/0x4AAAAAAAFV93qQdS0ycilX/auto/fbE/new/normal?lang=auto:0
[   44072ms] [LOG] function () { [native code] } @ https://challenges.cloudflare.com/cdn-cgi/challenge-platform/h/g/turnstile/f/ov2/av0/rch/llvkh/0x4AAAAAAAFV93qQdS0ycilX/auto/fbE/new/normal?lang=auto:0
[   44072ms] [LOG] JSHandle@node @ https://challenges.cloudflare.com/cdn-cgi/challenge-platform/h/g/turnstile/f/ov2/av0/rch/llvkh/0x4AAAAAAAFV93qQdS0ycilX/auto/fbE/new/normal?lang=auto:0
[   44072ms] [LOG] JSHandle@node @ https://challenges.cloudflare.com/cdn-cgi/challenge-platform/h/g/turnstile/f/ov2/av0/rch/llvkh/0x4AAAAAAAFV93qQdS0ycilX/auto/fbE/new/normal?lang=auto:0
[   44073ms] [COUNT]  : 1 @ https://challenges.cloudflare.com/cdn-cgi/challenge-platform/h/g/turnstile/f/ov2/av0/rch/llvkh/0x4AAAAAAAFV93qQdS0ycilX/auto/fbE/new/normal?lang=auto:0
[   44073ms] [COUNT]  : 1 @ https://challenges.cloudflare.com/cdn-cgi/challenge-platform/h/g/turnstile/f/ov2/av0/rch/llvkh/0x4AAAAAAAFV93qQdS0ycilX/auto/fbE/new/normal?lang=auto:0
[   44073ms] [DIR]  Error @ https://challenges.cloudflare.com/cdn-cgi/challenge-platform/h/g/turnstile/f/ov2/av0/rch/llvkh/0x4AAAAAAAFV93qQdS0ycilX/auto/fbE/new/normal?lang=auto:0
[   44073ms] [DIR]  Error @ https://challenges.cloudflare.com/cdn-cgi/challenge-platform/h/g/turnstile/f/ov2/av0/rch/llvkh/0x4AAAAAAAFV93qQdS0ycilX/auto/fbE/new/normal?lang=auto:0
[   44073ms] [DIRXML] %c%d font-size:0;color:transparent Error @ https://challenges.cloudflare.com/cdn-cgi/challenge-platform/h/g/turnstile/f/ov2/av0/rch/llvkh/0x4AAAAAAAFV93qQdS0ycilX/auto/fbE/new/normal?lang=auto:0
[   44074ms] [DIRXML] %c%d font-size:0;color:transparent Error @ https://challenges.cloudflare.com/cdn-cgi/challenge-platform/h/g/turnstile/f/ov2/av0/rch/llvkh/0x4AAAAAAAFV93qQdS0ycilX/auto/fbE/new/normal?lang=auto:0
[   44074ms] [ERROR] %c%d font-size:0;color:transparent NaN @ https://challenges.cloudflare.com/cdn-cgi/challenge-platform/h/g/turnstile/f/ov2/av0/rch/llvkh/0x4AAAAAAAFV93qQdS0ycilX/auto/fbE/new/normal?lang=auto:0
[   44074ms] [ERROR] %c%d font-size:0;color:transparent NaN @ https://challenges.cloudflare.com/cdn-cgi/challenge-platform/h/g/turnstile/f/ov2/av0/rch/llvkh/0x4AAAAAAAFV93qQdS0ycilX/auto/fbE/new/normal?lang=auto:0
[   44074ms] [INFO] %c%d font-size:0;color:transparent NaN @ https://challenges.cloudflare.com/cdn-cgi/challenge-platform/h/g/turnstile/f/ov2/av0/rch/llvkh/0x4AAAAAAAFV93qQdS0ycilX/auto/fbE/new/normal?lang=auto:0
[   44074ms] [INFO] %c%d font-size:0;color:transparent NaN @ https://challenges.cloudflare.com/cdn-cgi/challenge-platform/h/g/turnstile/f/ov2/av0/rch/llvkh/0x4AAAAAAAFV93qQdS0ycilX/auto/fbE/new/normal?lang=auto:0
[   44074ms] [LOG] %c%d font-size:0;color:transparent NaN @ https://challenges.cloudflare.com/cdn-cgi/challenge-platform/h/g/turnstile/f/ov2/av0/rch/llvkh/0x4AAAAAAAFV93qQdS0ycilX/auto/fbE/new/normal?lang=auto:0
[   44074ms] [LOG] %c%d font-size:0;color:transparent NaN @ https://challenges.cloudflare.com/cdn-cgi/challenge-platform/h/g/turnstile/f/ov2/av0/rch/llvkh/0x4AAAAAAAFV93qQdS0ycilX/auto/fbE/new/normal?lang=auto:0
[   44074ms] [TABLE] %c%d font-size:0;color:transparent Error @ https://challenges.cloudflare.com/cdn-cgi/challenge-platform/h/g/turnstile/f/ov2/av0/rch/llvkh/0x4AAAAAAAFV93qQdS0ycilX/auto/fbE/new/normal?lang=auto:0
[   44075ms] [TABLE] %c%d font-size:0;color:transparent Error @ https://challenges.cloudflare.com/cdn-cgi/challenge-platform/h/g/turnstile/f/ov2/av0/rch/llvkh/0x4AAAAAAAFV93qQdS0ycilX/auto/fbE/new/normal?lang=auto:0
[   44075ms] [WARNING] %c%d font-size:0;color:transparent NaN @ https://challenges.cloudflare.com/cdn-cgi/challenge-platform/h/g/turnstile/f/ov2/av0/rch/llvkh/0x4AAAAAAAFV93qQdS0ycilX/auto/fbE/new/normal?lang=auto:0
[   44075ms] [WARNING] %c%d font-size:0;color:transparent NaN @ https://challenges.cloudflare.com/cdn-cgi/challenge-platform/h/g/turnstile/f/ov2/av0/rch/llvkh/0x4AAAAAAAFV93qQdS0ycilX/auto/fbE/new/normal?lang=auto:0
[   44303ms] [ERROR] Failed to load resource: the server responded with a status of 401 () @ https://studio-api-prod.suno.com/api/statsig/experiment/:0
[   44481ms] [INFO] Banner not shown: beforeinstallpromptevent.preventDefault() called. The page must call beforeinstallpromptevent.prompt() to show the banner. @ https://suno.com/?utm_source=google&utm_medium=cpc&utm_campaign=22340479166&utm_term=suno&utm_content=802264255818&wpsrc=Google%20AdWords&wpcid=22340479166&wpscid=177890886633&wpcrid=802264255818&wpkwid=kwd-2827037661&wpkwn=suno&wpkmatch=e&wpsnetn=g&gad_source=1&gad_campaignid=22340479166&gbraid=0AAAAA9pWpduqyFCEllKvrRJK0-1KApSJQ&gclid=EAIaIQobChMI0Lfim8ydlAMVMZGDBx0h5wFqEAAYASAAEgLPcPD_BwE:0
[   44848ms] [ERROR] Failed to load resource: the server responded with a status of 401 () @ https://studio-api-prod.suno.com/api/statsig/experiment/:0
[   53276ms] [WARNING] The resource https://cdn2.suno.ai/image_8a2b68c2-2842-4f64-a1e4-95b2ff7c75d8.jpeg?width=undefined was preloaded using link preload but not used within a few seconds from the window's load event. Please make sure it has an appropriate `as` value and it is preloaded intentionally. @ https://suno.com/?utm_source=google&utm_medium=cpc&utm_campaign=22340479166&utm_term=suno&utm_content=802264255818&wpsrc=Google%20AdWords&wpcid=22340479166&wpscid=177890886633&wpcrid=802264255818&wpkwid=kwd-2827037661&wpkwn=suno&wpkmatch=e&wpsnetn=g&gad_source=1&gad_campaignid=22340479166&gbraid=0AAAAA9pWpduqyFCEllKvrRJK0-1KApSJQ&gclid=EAIaIQobChMI0Lfim8ydlAMVMZGDBx0h5wFqEAAYASAAEgLPcPD_BwE:0
[   60865ms] [ERROR] [GSI_LOGGER]: FedCM get() rejects with NetworkError: Error retrieving a token. @ https://suno.com/_next/static/chunks/c7bcd6852c183a3c.js:10
