[     352ms] [LOG] [Fast Refresh] rebuilding @ http://localhost:9002/_next/static/chunks/node_modules_next_dist_client_cf1d9188._.js:5949
[     376ms] [LOG] [Fast Refresh] done in 125ms @ http://localhost:9002/_next/static/chunks/node_modules_next_dist_client_cf1d9188._.js:5809
[     953ms] [INFO] %cDownload the React DevTools for a better development experience: https://react.dev/link/react-devtools font-weight:bold @ http://localhost:9002/_next/static/chunks/node_modules_next_dist_compiled_react-dom_1e674e59._.js:14537
[    1205ms] [LOG] [Fast Refresh] rebuilding @ http://localhost:9002/_next/static/chunks/node_modules_next_dist_client_cf1d9188._.js:5949
[    1236ms] [LOG] [Fast Refresh] done in 132ms @ http://localhost:9002/_next/static/chunks/node_modules_next_dist_client_cf1d9188._.js:5809
[  193006ms] [LOG] [Fast Refresh] rebuilding @ http://localhost:9002/_next/static/chunks/node_modules_next_dist_client_cf1d9188._.js:5949
[  193256ms] [LOG] [Fast Refresh] done in 350ms @ http://localhost:9002/_next/static/chunks/node_modules_next_dist_client_cf1d9188._.js:5809
[  345155ms] [LOG] [Fast Refresh] rebuilding @ http://localhost:9002/_next/static/chunks/node_modules_next_dist_client_cf1d9188._.js:5949
[  348372ms] [LOG] [Fast Refresh] done in 3466ms @ http://localhost:9002/_next/static/chunks/node_modules_next_dist_client_cf1d9188._.js:5809
[  404611ms] [LOG] [Fast Refresh] rebuilding @ http://localhost:9002/_next/static/chunks/node_modules_next_dist_client_cf1d9188._.js:5949
[  406334ms] [LOG] [Fast Refresh] done in 1788ms @ http://localhost:9002/_next/static/chunks/node_modules_next_dist_client_cf1d9188._.js:5809
[  418548ms] [LOG] [Fast Refresh] rebuilding @ http://localhost:9002/_next/static/chunks/node_modules_next_dist_client_cf1d9188._.js:5949
[  418865ms] [LOG] [Fast Refresh] done in 391ms @ http://localhost:9002/_next/static/chunks/node_modules_next_dist_client_cf1d9188._.js:5809
[  419296ms] [LOG] [Fast Refresh] rebuilding @ http://localhost:9002/_next/static/chunks/node_modules_next_dist_client_cf1d9188._.js:5949
[  419979ms] [LOG] [Fast Refresh] done in 784ms @ http://localhost:9002/_next/static/chunks/node_modules_next_dist_client_cf1d9188._.js:5809
[  455715ms] [LOG] [Fast Refresh] rebuilding @ http://localhost:9002/_next/static/chunks/node_modules_next_dist_client_cf1d9188._.js:5949
[  456722ms] [LOG] [Fast Refresh] done in 1089ms @ http://localhost:9002/_next/static/chunks/node_modules_next_dist_client_cf1d9188._.js:5809
[  457221ms] [LOG] [Fast Refresh] rebuilding @ http://localhost:9002/_next/static/chunks/node_modules_next_dist_client_cf1d9188._.js:5949
[  457344ms] [LOG] [Fast Refresh] done in 224ms @ http://localhost:9002/_next/static/chunks/node_modules_next_dist_client_cf1d9188._.js:5809
[  458548ms] [LOG] [Fast Refresh] rebuilding @ http://localhost:9002/_next/static/chunks/node_modules_next_dist_client_cf1d9188._.js:5949
[  458552ms] [LOG] [Fast Refresh] done in 105ms @ http://localhost:9002/_next/static/chunks/node_modules_next_dist_client_cf1d9188._.js:5809
[  482238ms] [LOG] [Fast Refresh] rebuilding @ http://localhost:9002/_next/static/chunks/node_modules_next_dist_client_cf1d9188._.js:5949
[  483005ms] [LOG] [Fast Refresh] done in 823ms @ http://localhost:9002/_next/static/chunks/node_modules_next_dist_client_cf1d9188._.js:5809
[  483487ms] [LOG] [Fast Refresh] rebuilding @ http://localhost:9002/_next/static/chunks/node_modules_next_dist_client_cf1d9188._.js:5949
[  483523ms] [LOG] [Fast Refresh] done in 137ms @ http://localhost:9002/_next/static/chunks/node_modules_next_dist_client_cf1d9188._.js:5809
[  484381ms] [LOG] [Fast Refresh] rebuilding @ http://localhost:9002/_next/static/chunks/node_modules_next_dist_client_cf1d9188._.js:5949
[  484447ms] [LOG] [Fast Refresh] done in 166ms @ http://localhost:9002/_next/static/chunks/node_modules_next_dist_client_cf1d9188._.js:5809
[  513699ms] [LOG] [Fast Refresh] rebuilding @ http://localhost:9002/_next/static/chunks/node_modules_next_dist_client_cf1d9188._.js:5949
[  514401ms] [LOG] [Fast Refresh] done in 749ms @ http://localhost:9002/_next/static/chunks/node_modules_next_dist_client_cf1d9188._.js:5809
[  514694ms] [LOG] [Fast Refresh] rebuilding @ http://localhost:9002/_next/static/chunks/node_modules_next_dist_client_cf1d9188._.js:5949
[  514710ms] [LOG] [Fast Refresh] done in 117ms @ http://localhost:9002/_next/static/chunks/node_modules_next_dist_client_cf1d9188._.js:5809
[  538752ms] [ERROR] Failed to load resource: net::ERR_INTERNET_DISCONNECTED @ https://firestore.googleapis.com/google.firestore.v1.Firestore/Listen/channel?VER=8&database=projects%2Fserenity-relax-joao%2Fdatabases%2F(default)&gsessionid=H4WycpFO3S9kK9qEt89-3bbd0DRk_07cpngrcGktLP0cNpAU0wIbTg&SID=5O2GpGP-e8tRBQw8YAvmCA&RID=83115&TYPE=terminate&zx=reh28jwpd6sy:0
[  538754ms] [ERROR] Failed to load resource: net::ERR_INTERNET_DISCONNECTED @ https://firestore.googleapis.com/google.firestore.v1.Firestore/Listen/channel?VER=8&database=projects%2Fserenity-relax-joao%2Fdatabases%2F(default)&RID=33171&CVER=22&X-HTTP-Session-Id=gsessionid&zx=pv1vdkxgt13q&t=1:0
[  538763ms] [WARNING] [2026-05-15T14:47:23.023Z]  @firebase/firestore: Firestore (11.10.0): WebChannelConnection RPC 'Listen' stream 0x8141d5fb transport errored. Name: undefined Message: undefined @ http://localhost:9002/_next/static/chunks/node_modules_0d688b2b._.js:4455
[  538779ms] [ERROR] Failed to load resource: net::ERR_INTERNET_DISCONNECTED @ https://firestore.googleapis.com/google.firestore.v1.Firestore/Listen/channel?VER=8&database=projects%2Fserenity-relax-joao%2Fdatabases%2F(default)&RID=2202&CVER=22&X-HTTP-Session-Id=gsessionid&zx=v02zpcjk5ftr&t=1:0
[  538780ms] [WARNING] [2026-05-15T14:47:23.041Z]  @firebase/firestore: Firestore (11.10.0): WebChannelConnection RPC 'Listen' stream 0x8141d5fc transport errored. Name: undefined Message: undefined @ http://localhost:9002/_next/static/chunks/node_modules_0d688b2b._.js:4455
[  538782ms] [ERROR] Failed to load resource: net::ERR_INTERNET_DISCONNECTED @ https://www.google.com/images/cleardot.gif?zx=ak4dk0rrez5f:0
[  538788ms] [ERROR] Failed to load resource: net::ERR_INTERNET_DISCONNECTED @ https://www.google.com/images/cleardot.gif?zx=mor1yin1r4bz:0
[  539937ms] [ERROR] Failed to load resource: net::ERR_INTERNET_DISCONNECTED @ https://firestore.googleapis.com/google.firestore.v1.Firestore/Listen/channel?VER=8&database=projects%2Fserenity-relax-joao%2Fdatabases%2F(default)&RID=50416&CVER=22&X-HTTP-Session-Id=gsessionid&zx=c98l8fnzdxxi&t=1:0
[  539938ms] [WARNING] [2026-05-15T14:47:24.199Z]  @firebase/firestore: Firestore (11.10.0): WebChannelConnection RPC 'Listen' stream 0x8141d5fd transport errored. Name: undefined Message: undefined @ http://localhost:9002/_next/static/chunks/node_modules_0d688b2b._.js:4455
[  539940ms] [ERROR] Failed to load resource: net::ERR_INTERNET_DISCONNECTED @ https://www.google.com/images/cleardot.gif?zx=i012jq767rie:0
[  541788ms] [ERROR] Failed to load resource: net::ERR_INTERNET_DISCONNECTED @ https://firestore.googleapis.com/google.firestore.v1.Firestore/Listen/channel?VER=8&database=projects%2Fserenity-relax-joao%2Fdatabases%2F(default)&RID=40930&CVER=22&X-HTTP-Session-Id=gsessionid&zx=y1fiklcspvsf&t=1:0
[  541789ms] [WARNING] [2026-05-15T14:47:26.051Z]  @firebase/firestore: Firestore (11.10.0): WebChannelConnection RPC 'Listen' stream 0x8141d5fe transport errored. Name: undefined Message: undefined @ http://localhost:9002/_next/static/chunks/node_modules_0d688b2b._.js:4455
[  541797ms] [ERROR] Failed to load resource: net::ERR_INTERNET_DISCONNECTED @ https://www.google.com/images/cleardot.gif?zx=2m0szof3qr8k:0
[  544583ms] [ERROR] Failed to load resource: net::ERR_INTERNET_DISCONNECTED @ https://firestore.googleapis.com/google.firestore.v1.Firestore/Listen/channel?VER=8&database=projects%2Fserenity-relax-joao%2Fdatabases%2F(default)&RID=64470&CVER=22&X-HTTP-Session-Id=gsessionid&zx=x0apr6kggca8&t=1:0
[  544584ms] [WARNING] [2026-05-15T14:47:28.845Z]  @firebase/firestore: Firestore (11.10.0): WebChannelConnection RPC 'Listen' stream 0x8141d5ff transport errored. Name: undefined Message: undefined @ http://localhost:9002/_next/static/chunks/node_modules_0d688b2b._.js:4455
[  544589ms] [ERROR] Failed to load resource: net::ERR_INTERNET_DISCONNECTED @ https://www.google.com/images/cleardot.gif?zx=r207ipp1id31:0
[  548968ms] [ERROR] Failed to load resource: net::ERR_INTERNET_DISCONNECTED @ https://firestore.googleapis.com/google.firestore.v1.Firestore/Listen/channel?VER=8&database=projects%2Fserenity-relax-joao%2Fdatabases%2F(default)&RID=61762&CVER=22&X-HTTP-Session-Id=gsessionid&zx=a3d7yh792mt4&t=1:0
[  548970ms] [WARNING] [2026-05-15T14:47:33.231Z]  @firebase/firestore: Firestore (11.10.0): WebChannelConnection RPC 'Listen' stream 0x8141d600 transport errored. Name: undefined Message: undefined @ http://localhost:9002/_next/static/chunks/node_modules_0d688b2b._.js:4455
[  548976ms] [ERROR] Failed to load resource: net::ERR_INTERNET_DISCONNECTED @ https://www.google.com/images/cleardot.gif?zx=1ehrt31bw4e2:0
[  554473ms] [ERROR] Failed to load resource: net::ERR_INTERNET_DISCONNECTED @ https://firestore.googleapis.com/google.firestore.v1.Firestore/Listen/channel?VER=8&database=projects%2Fserenity-relax-joao%2Fdatabases%2F(default)&RID=50272&CVER=22&X-HTTP-Session-Id=gsessionid&zx=2kqfo7meoi37&t=1:0
[  554475ms] [WARNING] [2026-05-15T14:47:38.736Z]  @firebase/firestore: Firestore (11.10.0): WebChannelConnection RPC 'Listen' stream 0x8141d601 transport errored. Name: undefined Message: undefined @ http://localhost:9002/_next/static/chunks/node_modules_0d688b2b._.js:4455
[  554482ms] [ERROR] Failed to load resource: net::ERR_INTERNET_DISCONNECTED @ https://www.google.com/images/cleardot.gif?zx=p0oy86tlkt9e:0
[  565554ms] [ERROR] Failed to load resource: net::ERR_INTERNET_DISCONNECTED @ https://firestore.googleapis.com/google.firestore.v1.Firestore/Listen/channel?VER=8&database=projects%2Fserenity-relax-joao%2Fdatabases%2F(default)&RID=8250&CVER=22&X-HTTP-Session-Id=gsessionid&zx=lq8bjhv4g5tw&t=1:0
[  565556ms] [WARNING] [2026-05-15T14:47:49.817Z]  @firebase/firestore: Firestore (11.10.0): WebChannelConnection RPC 'Listen' stream 0x8141d602 transport errored. Name: undefined Message: undefined @ http://localhost:9002/_next/static/chunks/node_modules_0d688b2b._.js:4455
[  565560ms] [ERROR] Failed to load resource: net::ERR_INTERNET_DISCONNECTED @ https://www.google.com/images/cleardot.gif?zx=3zesxrsy5rtn:0
[  572513ms] [ERROR] Failed to load resource: net::ERR_INTERNET_DISCONNECTED @ https://firestore.googleapis.com/google.firestore.v1.Firestore/Listen/channel?VER=8&database=projects%2Fserenity-relax-joao%2Fdatabases%2F(default)&RID=6644&CVER=22&X-HTTP-Session-Id=gsessionid&zx=cpml12wmki4o&t=1:0
[  572514ms] [WARNING] [2026-05-15T14:47:56.775Z]  @firebase/firestore: Firestore (11.10.0): WebChannelConnection RPC 'Listen' stream 0x8141d603 transport errored. Name: undefined Message: undefined @ http://localhost:9002/_next/static/chunks/node_modules_0d688b2b._.js:4455
[  572526ms] [ERROR] Failed to load resource: net::ERR_INTERNET_DISCONNECTED @ https://www.google.com/images/cleardot.gif?zx=ddin0pyw6c8d:0
[  592847ms] [ERROR] Failed to load resource: net::ERR_INTERNET_DISCONNECTED @ https://firestore.googleapis.com/google.firestore.v1.Firestore/Listen/channel?VER=8&database=projects%2Fserenity-relax-joao%2Fdatabases%2F(default)&RID=77095&CVER=22&X-HTTP-Session-Id=gsessionid&zx=34coap1uo4aq&t=1:0
[  592848ms] [WARNING] [2026-05-15T14:48:17.109Z]  @firebase/firestore: Firestore (11.10.0): WebChannelConnection RPC 'Listen' stream 0x8141d604 transport errored. Name: undefined Message: undefined @ http://localhost:9002/_next/static/chunks/node_modules_0d688b2b._.js:4455
[  592853ms] [ERROR] Failed to load resource: net::ERR_INTERNET_DISCONNECTED @ https://www.google.com/images/cleardot.gif?zx=qpphtpaiwozx:0
[  619503ms] [ERROR] Failed to load resource: net::ERR_INTERNET_DISCONNECTED @ https://firestore.googleapis.com/google.firestore.v1.Firestore/Listen/channel?VER=8&database=projects%2Fserenity-relax-joao%2Fdatabases%2F(default)&RID=28887&CVER=22&X-HTTP-Session-Id=gsessionid&zx=egd9pj42hjgu&t=1:0
[  619504ms] [WARNING] [2026-05-15T14:48:43.765Z]  @firebase/firestore: Firestore (11.10.0): WebChannelConnection RPC 'Listen' stream 0x8141d605 transport errored. Name: undefined Message: undefined @ http://localhost:9002/_next/static/chunks/node_modules_0d688b2b._.js:4455
[  619508ms] [ERROR] Failed to load resource: net::ERR_INTERNET_DISCONNECTED @ https://www.google.com/images/cleardot.gif?zx=hkv42ttk3r6m:0
[  661997ms] [ERROR] Failed to load resource: net::ERR_INTERNET_DISCONNECTED @ https://firestore.googleapis.com/google.firestore.v1.Firestore/Listen/channel?VER=8&database=projects%2Fserenity-relax-joao%2Fdatabases%2F(default)&RID=20299&CVER=22&X-HTTP-Session-Id=gsessionid&zx=6se4qfnlocmj&t=1:0
[  661999ms] [WARNING] [2026-05-15T14:49:26.260Z]  @firebase/firestore: Firestore (11.10.0): WebChannelConnection RPC 'Listen' stream 0x8141d606 transport errored. Name: undefined Message: undefined @ http://localhost:9002/_next/static/chunks/node_modules_0d688b2b._.js:4455
[  662005ms] [ERROR] Failed to load resource: net::ERR_INTERNET_DISCONNECTED @ https://www.google.com/images/cleardot.gif?zx=8qpqbhmkgyap:0
[  721789ms] [ERROR] Failed to load resource: net::ERR_INTERNET_DISCONNECTED @ https://firestore.googleapis.com/google.firestore.v1.Firestore/Listen/channel?VER=8&database=projects%2Fserenity-relax-joao%2Fdatabases%2F(default)&RID=42067&CVER=22&X-HTTP-Session-Id=gsessionid&zx=r3yst9unt440&t=1:0
[  721790ms] [WARNING] [2026-05-15T14:50:26.051Z]  @firebase/firestore: Firestore (11.10.0): WebChannelConnection RPC 'Listen' stream 0x8141d607 transport errored. Name: undefined Message: undefined @ http://localhost:9002/_next/static/chunks/node_modules_0d688b2b._.js:4455
[  721793ms] [ERROR] Failed to load resource: net::ERR_INTERNET_DISCONNECTED @ https://www.google.com/images/cleardot.gif?zx=ohoje82wkbky:0
[  792670ms] [ERROR] Failed to load resource: net::ERR_INTERNET_DISCONNECTED @ https://firestore.googleapis.com/google.firestore.v1.Firestore/Listen/channel?VER=8&database=projects%2Fserenity-relax-joao%2Fdatabases%2F(default)&RID=94163&CVER=22&X-HTTP-Session-Id=gsessionid&zx=6op4nmysw1hq&t=1:0
[  792671ms] [WARNING] [2026-05-15T14:51:36.932Z]  @firebase/firestore: Firestore (11.10.0): WebChannelConnection RPC 'Listen' stream 0x8141d608 transport errored. Name: undefined Message: undefined @ http://localhost:9002/_next/static/chunks/node_modules_0d688b2b._.js:4455
[  792676ms] [ERROR] Failed to load resource: net::ERR_INTERNET_DISCONNECTED @ https://www.google.com/images/cleardot.gif?zx=zf3gxhecda9y:0
[  848104ms] [ERROR] Failed to load resource: net::ERR_INTERNET_DISCONNECTED @ https://firestore.googleapis.com/google.firestore.v1.Firestore/Listen/channel?VER=8&database=projects%2Fserenity-relax-joao%2Fdatabases%2F(default)&RID=90166&CVER=22&X-HTTP-Session-Id=gsessionid&zx=qzo6i0cu3r0x&t=1:0
[  848105ms] [WARNING] [2026-05-15T14:52:32.366Z]  @firebase/firestore: Firestore (11.10.0): WebChannelConnection RPC 'Listen' stream 0x8141d609 transport errored. Name: undefined Message: undefined @ http://localhost:9002/_next/static/chunks/node_modules_0d688b2b._.js:4455
[  848110ms] [ERROR] Failed to load resource: net::ERR_INTERNET_DISCONNECTED @ https://www.google.com/images/cleardot.gif?zx=pcsy987whzc0:0
[  887756ms] [ERROR] Failed to load resource: net::ERR_INTERNET_DISCONNECTED @ https://firestore.googleapis.com/google.firestore.v1.Firestore/Listen/channel?VER=8&database=projects%2Fserenity-relax-joao%2Fdatabases%2F(default)&RID=49814&CVER=22&X-HTTP-Session-Id=gsessionid&zx=j2jpajiza2ro&t=1:0
[  887758ms] [WARNING] [2026-05-15T14:53:12.018Z]  @firebase/firestore: Firestore (11.10.0): WebChannelConnection RPC 'Listen' stream 0x8141d60a transport errored. Name: undefined Message: undefined @ http://localhost:9002/_next/static/chunks/node_modules_0d688b2b._.js:4455
[  887765ms] [ERROR] Failed to load resource: net::ERR_INTERNET_DISCONNECTED @ https://www.google.com/images/cleardot.gif?zx=qtcwata0v4ss:0
[  960360ms] [ERROR] Failed to load resource: net::ERR_INTERNET_DISCONNECTED @ https://firestore.googleapis.com/google.firestore.v1.Firestore/Listen/channel?VER=8&database=projects%2Fserenity-relax-joao%2Fdatabases%2F(default)&RID=48392&CVER=22&X-HTTP-Session-Id=gsessionid&zx=fiyzd16tzpxm&t=1:0
[  960361ms] [WARNING] [2026-05-15T14:54:24.622Z]  @firebase/firestore: Firestore (11.10.0): WebChannelConnection RPC 'Listen' stream 0x8141d60b transport errored. Name: undefined Message: undefined @ http://localhost:9002/_next/static/chunks/node_modules_0d688b2b._.js:4455
[  960366ms] [ERROR] Failed to load resource: net::ERR_INTERNET_DISCONNECTED @ https://www.google.com/images/cleardot.gif?zx=pt3398cgmtgh:0
[  991109ms] [ERROR] Failed to load resource: net::ERR_INTERNET_DISCONNECTED @ https://firestore.googleapis.com/google.firestore.v1.Firestore/Listen/channel?VER=8&database=projects%2Fserenity-relax-joao%2Fdatabases%2F(default)&RID=86541&CVER=22&X-HTTP-Session-Id=gsessionid&zx=1q9a1abcknrs&t=1:0
[  991110ms] [WARNING] [2026-05-15T14:54:55.371Z]  @firebase/firestore: Firestore (11.10.0): WebChannelConnection RPC 'Listen' stream 0x8141d60c transport errored. Name: undefined Message: undefined @ http://localhost:9002/_next/static/chunks/node_modules_0d688b2b._.js:4455
[  991115ms] [ERROR] Failed to load resource: net::ERR_INTERNET_DISCONNECTED @ https://www.google.com/images/cleardot.gif?zx=4i9xwrw04eqb:0
[ 1047119ms] [ERROR] Failed to load resource: net::ERR_INTERNET_DISCONNECTED @ https://firestore.googleapis.com/google.firestore.v1.Firestore/Listen/channel?VER=8&database=projects%2Fserenity-relax-joao%2Fdatabases%2F(default)&RID=55178&CVER=22&X-HTTP-Session-Id=gsessionid&zx=yd2hil6xei4i&t=1:0
[ 1047120ms] [WARNING] [2026-05-15T14:55:51.381Z]  @firebase/firestore: Firestore (11.10.0): WebChannelConnection RPC 'Listen' stream 0x8141d60d transport errored. Name: undefined Message: undefined @ http://localhost:9002/_next/static/chunks/node_modules_0d688b2b._.js:4455
[ 1047128ms] [ERROR] Failed to load resource: net::ERR_INTERNET_DISCONNECTED @ https://www.google.com/images/cleardot.gif?zx=z9w8zvqg3xfd:0
[ 1116285ms] [ERROR] Failed to load resource: net::ERR_INTERNET_DISCONNECTED @ https://firestore.googleapis.com/google.firestore.v1.Firestore/Listen/channel?VER=8&database=projects%2Fserenity-relax-joao%2Fdatabases%2F(default)&RID=91899&CVER=22&X-HTTP-Session-Id=gsessionid&zx=xgsgewz66df2&t=1:0
[ 1116289ms] [WARNING] [2026-05-15T14:57:00.548Z]  @firebase/firestore: Firestore (11.10.0): WebChannelConnection RPC 'Listen' stream 0x8141d60e transport errored. Name: undefined Message: undefined @ http://localhost:9002/_next/static/chunks/node_modules_0d688b2b._.js:4455
[ 1116294ms] [ERROR] Failed to load resource: net::ERR_INTERNET_DISCONNECTED @ https://www.google.com/images/cleardot.gif?zx=3w215jw6spzm:0
[ 1166510ms] [ERROR] Failed to load resource: net::ERR_INTERNET_DISCONNECTED @ https://firestore.googleapis.com/google.firestore.v1.Firestore/Listen/channel?VER=8&database=projects%2Fserenity-relax-joao%2Fdatabases%2F(default)&RID=3279&CVER=22&X-HTTP-Session-Id=gsessionid&zx=bwrjvwkdxdsy&t=1:0
[ 1166511ms] [WARNING] [2026-05-15T14:57:50.772Z]  @firebase/firestore: Firestore (11.10.0): WebChannelConnection RPC 'Listen' stream 0x8141d60f transport errored. Name: undefined Message: undefined @ http://localhost:9002/_next/static/chunks/node_modules_0d688b2b._.js:4455
[ 1166516ms] [ERROR] Failed to load resource: net::ERR_INTERNET_DISCONNECTED @ https://www.google.com/images/cleardot.gif?zx=o506958b4p8r:0
[ 1246303ms] [ERROR] Failed to load resource: net::ERR_INTERNET_DISCONNECTED @ https://firestore.googleapis.com/google.firestore.v1.Firestore/Listen/channel?VER=8&database=projects%2Fserenity-relax-joao%2Fdatabases%2F(default)&RID=59342&CVER=22&X-HTTP-Session-Id=gsessionid&zx=jgnk1z7rm514&t=1:0
[ 1246304ms] [WARNING] [2026-05-15T14:59:10.565Z]  @firebase/firestore: Firestore (11.10.0): WebChannelConnection RPC 'Listen' stream 0x8141d610 transport errored. Name: undefined Message: undefined @ http://localhost:9002/_next/static/chunks/node_modules_0d688b2b._.js:4455
[ 1246311ms] [ERROR] Failed to load resource: net::ERR_INTERNET_DISCONNECTED @ https://www.google.com/images/cleardot.gif?zx=wi7bi26g1q3k:0
[ 1294245ms] [ERROR] Failed to load resource: net::ERR_INTERNET_DISCONNECTED @ https://firestore.googleapis.com/google.firestore.v1.Firestore/Listen/channel?VER=8&database=projects%2Fserenity-relax-joao%2Fdatabases%2F(default)&RID=15346&CVER=22&X-HTTP-Session-Id=gsessionid&zx=ki7a9k29kojl&t=1:0
[ 1294246ms] [WARNING] [2026-05-15T14:59:58.507Z]  @firebase/firestore: Firestore (11.10.0): WebChannelConnection RPC 'Listen' stream 0x8141d611 transport errored. Name: undefined Message: undefined @ http://localhost:9002/_next/static/chunks/node_modules_0d688b2b._.js:4455
[ 1294250ms] [ERROR] Failed to load resource: net::ERR_INTERNET_DISCONNECTED @ https://www.google.com/images/cleardot.gif?zx=lbfnd6bn7qoy:0
[ 1325405ms] [ERROR] Failed to load resource: net::ERR_INTERNET_DISCONNECTED @ https://firestore.googleapis.com/google.firestore.v1.Firestore/Listen/channel?VER=8&database=projects%2Fserenity-relax-joao%2Fdatabases%2F(default)&RID=63876&CVER=22&X-HTTP-Session-Id=gsessionid&zx=1nhtor4rs380&t=1:0
[ 1325406ms] [WARNING] [2026-05-15T15:00:29.667Z]  @firebase/firestore: Firestore (11.10.0): WebChannelConnection RPC 'Listen' stream 0x8141d612 transport errored. Name: undefined Message: undefined @ http://localhost:9002/_next/static/chunks/node_modules_0d688b2b._.js:4455
[ 1325411ms] [ERROR] Failed to load resource: net::ERR_INTERNET_DISCONNECTED @ https://www.google.com/images/cleardot.gif?zx=mdkkp07gsef9:0
[ 1341487ms] [ERROR] Failed to load resource: net::ERR_INTERNET_DISCONNECTED @ https://securetoken.googleapis.com/v1/token?key=AIzaSyDVKma95UOoUSajrzCmV7vLHPAt2Q5tK7c:0
[ 1361598ms] [ERROR] Failed to load resource: net::ERR_INTERNET_DISCONNECTED @ https://firestore.googleapis.com/google.firestore.v1.Firestore/Listen/channel?VER=8&database=projects%2Fserenity-relax-joao%2Fdatabases%2F(default)&RID=95924&CVER=22&X-HTTP-Session-Id=gsessionid&zx=jcmekw2fhp58&t=1:0
[ 1361600ms] [WARNING] [2026-05-15T15:01:05.861Z]  @firebase/firestore: Firestore (11.10.0): WebChannelConnection RPC 'Listen' stream 0x8141d613 transport errored. Name: undefined Message: undefined @ http://localhost:9002/_next/static/chunks/node_modules_0d688b2b._.js:4455
[ 1361606ms] [ERROR] Failed to load resource: net::ERR_INTERNET_DISCONNECTED @ https://www.google.com/images/cleardot.gif?zx=iyeqic55fite:0
[ 1371500ms] [ERROR] Failed to load resource: net::ERR_INTERNET_DISCONNECTED @ https://securetoken.googleapis.com/v1/token?key=AIzaSyDVKma95UOoUSajrzCmV7vLHPAt2Q5tK7c:0
[ 1431515ms] [ERROR] Failed to load resource: net::ERR_INTERNET_DISCONNECTED @ https://securetoken.googleapis.com/v1/token?key=AIzaSyDVKma95UOoUSajrzCmV7vLHPAt2Q5tK7c:0
[ 1435471ms] [ERROR] Failed to load resource: net::ERR_INTERNET_DISCONNECTED @ https://firestore.googleapis.com/google.firestore.v1.Firestore/Listen/channel?VER=8&database=projects%2Fserenity-relax-joao%2Fdatabases%2F(default)&RID=33157&CVER=22&X-HTTP-Session-Id=gsessionid&zx=96eundbxcbrt&t=1:0
[ 1435472ms] [WARNING] [2026-05-15T15:02:19.733Z]  @firebase/firestore: Firestore (11.10.0): WebChannelConnection RPC 'Listen' stream 0x8141d614 transport errored. Name: undefined Message: undefined @ http://localhost:9002/_next/static/chunks/node_modules_0d688b2b._.js:4455
[ 1435485ms] [ERROR] Failed to load resource: net::ERR_INTERNET_DISCONNECTED @ https://www.google.com/images/cleardot.gif?zx=hnd4j1u42j6t:0
[ 1503303ms] [ERROR] Failed to load resource: net::ERR_INTERNET_DISCONNECTED @ https://firestore.googleapis.com/google.firestore.v1.Firestore/Listen/channel?VER=8&database=projects%2Fserenity-relax-joao%2Fdatabases%2F(default)&RID=8211&CVER=22&X-HTTP-Session-Id=gsessionid&zx=pdwrzmh8csow&t=1:0
[ 1503304ms] [WARNING] [2026-05-15T15:03:27.565Z]  @firebase/firestore: Firestore (11.10.0): WebChannelConnection RPC 'Listen' stream 0x8141d615 transport errored. Name: undefined Message: undefined @ http://localhost:9002/_next/static/chunks/node_modules_0d688b2b._.js:4455
[ 1503308ms] [ERROR] Failed to load resource: net::ERR_INTERNET_DISCONNECTED @ https://www.google.com/images/cleardot.gif?zx=es280r6qxft3:0
[ 1544451ms] [ERROR] Failed to load resource: net::ERR_INTERNET_DISCONNECTED @ https://firestore.googleapis.com/google.firestore.v1.Firestore/Listen/channel?VER=8&database=projects%2Fserenity-relax-joao%2Fdatabases%2F(default)&RID=20232&CVER=22&X-HTTP-Session-Id=gsessionid&zx=1mlxx4uwuylj&t=1:0
[ 1544453ms] [WARNING] [2026-05-15T15:04:08.714Z]  @firebase/firestore: Firestore (11.10.0): WebChannelConnection RPC 'Listen' stream 0x8141d616 transport errored. Name: undefined Message: undefined @ http://localhost:9002/_next/static/chunks/node_modules_0d688b2b._.js:4455
[ 1544457ms] [ERROR] Failed to load resource: net::ERR_INTERNET_DISCONNECTED @ https://www.google.com/images/cleardot.gif?zx=rpfyroirufoo:0
[ 1551525ms] [ERROR] Failed to load resource: net::ERR_INTERNET_DISCONNECTED @ https://securetoken.googleapis.com/v1/token?key=AIzaSyDVKma95UOoUSajrzCmV7vLHPAt2Q5tK7c:0
[ 1611280ms] [ERROR] Failed to load resource: net::ERR_INTERNET_DISCONNECTED @ https://firestore.googleapis.com/google.firestore.v1.Firestore/Listen/channel?VER=8&database=projects%2Fserenity-relax-joao%2Fdatabases%2F(default)&RID=53665&CVER=22&X-HTTP-Session-Id=gsessionid&zx=55axmgmy1gfb&t=1:0
[ 1611282ms] [WARNING] [2026-05-15T15:05:15.543Z]  @firebase/firestore: Firestore (11.10.0): WebChannelConnection RPC 'Listen' stream 0x8141d617 transport errored. Name: undefined Message: undefined @ http://localhost:9002/_next/static/chunks/node_modules_0d688b2b._.js:4455
[ 1611288ms] [ERROR] Failed to load resource: net::ERR_INTERNET_DISCONNECTED @ https://www.google.com/images/cleardot.gif?zx=vlv0ukupqpj3:0
[ 1666861ms] [ERROR] Failed to load resource: net::ERR_INTERNET_DISCONNECTED @ https://securetoken.googleapis.com/v1/token?key=AIzaSyDVKma95UOoUSajrzCmV7vLHPAt2Q5tK7c:0
[ 1756598ms] [ERROR] Failed to load resource: net::ERR_INTERNET_DISCONNECTED @ https://securetoken.googleapis.com/v1/token?key=AIzaSyDVKma95UOoUSajrzCmV7vLHPAt2Q5tK7c:0
[ 1791545ms] [ERROR] Failed to load resource: net::ERR_INTERNET_DISCONNECTED @ https://securetoken.googleapis.com/v1/token?key=AIzaSyDVKma95UOoUSajrzCmV7vLHPAt2Q5tK7c:0
[ 1824502ms] [ERROR] Failed to load resource: net::ERR_INTERNET_DISCONNECTED @ https://securetoken.googleapis.com/v1/token?key=AIzaSyDVKma95UOoUSajrzCmV7vLHPAt2Q5tK7c:0
[ 1870801ms] [ERROR] Failed to load resource: net::ERR_INTERNET_DISCONNECTED @ https://securetoken.googleapis.com/v1/token?key=AIzaSyDVKma95UOoUSajrzCmV7vLHPAt2Q5tK7c:0
[ 1934775ms] [ERROR] Failed to load resource: net::ERR_INTERNET_DISCONNECTED @ https://securetoken.googleapis.com/v1/token?key=AIzaSyDVKma95UOoUSajrzCmV7vLHPAt2Q5tK7c:0
[ 2002471ms] [ERROR] Failed to load resource: net::ERR_INTERNET_DISCONNECTED @ https://securetoken.googleapis.com/v1/token?key=AIzaSyDVKma95UOoUSajrzCmV7vLHPAt2Q5tK7c:0
[ 2083828ms] [ERROR] Failed to load resource: net::ERR_INTERNET_DISCONNECTED @ https://securetoken.googleapis.com/v1/token?key=AIzaSyDVKma95UOoUSajrzCmV7vLHPAt2Q5tK7c:0
[ 2129693ms] [ERROR] Failed to load resource: net::ERR_INTERNET_DISCONNECTED @ https://securetoken.googleapis.com/v1/token?key=AIzaSyDVKma95UOoUSajrzCmV7vLHPAt2Q5tK7c:0
[ 2162565ms] [ERROR] Failed to load resource: net::ERR_INTERNET_DISCONNECTED @ https://securetoken.googleapis.com/v1/token?key=AIzaSyDVKma95UOoUSajrzCmV7vLHPAt2Q5tK7c:0
[ 2207185ms] [ERROR] Failed to load resource: net::ERR_INTERNET_DISCONNECTED @ https://securetoken.googleapis.com/v1/token?key=AIzaSyDVKma95UOoUSajrzCmV7vLHPAt2Q5tK7c:0
[ 2271557ms] [ERROR] Failed to load resource: net::ERR_INTERNET_DISCONNECTED @ https://securetoken.googleapis.com/v1/token?key=AIzaSyDVKma95UOoUSajrzCmV7vLHPAt2Q5tK7c:0
[ 2277016ms] [ERROR] Failed to load resource: net::ERR_INTERNET_DISCONNECTED @ https://securetoken.googleapis.com/v1/token?key=AIzaSyDVKma95UOoUSajrzCmV7vLHPAt2Q5tK7c:0
[ 2334055ms] [ERROR] Failed to load resource: net::ERR_INTERNET_DISCONNECTED @ https://securetoken.googleapis.com/v1/token?key=AIzaSyDVKma95UOoUSajrzCmV7vLHPAt2Q5tK7c:0
[ 2393782ms] [ERROR] Failed to load resource: net::ERR_INTERNET_DISCONNECTED @ https://securetoken.googleapis.com/v1/token?key=AIzaSyDVKma95UOoUSajrzCmV7vLHPAt2Q5tK7c:0
[ 2476931ms] [ERROR] Failed to load resource: net::ERR_INTERNET_DISCONNECTED @ https://securetoken.googleapis.com/v1/token?key=AIzaSyDVKma95UOoUSajrzCmV7vLHPAt2Q5tK7c:0
[ 2525470ms] [ERROR] Failed to load resource: net::ERR_INTERNET_DISCONNECTED @ https://securetoken.googleapis.com/v1/token?key=AIzaSyDVKma95UOoUSajrzCmV7vLHPAt2Q5tK7c:0
[ 2581428ms] [ERROR] Failed to load resource: net::ERR_INTERNET_DISCONNECTED @ https://securetoken.googleapis.com/v1/token?key=AIzaSyDVKma95UOoUSajrzCmV7vLHPAt2Q5tK7c:0
[ 2666633ms] [ERROR] Failed to load resource: net::ERR_INTERNET_DISCONNECTED @ https://securetoken.googleapis.com/v1/token?key=AIzaSyDVKma95UOoUSajrzCmV7vLHPAt2Q5tK7c:0
[ 2707450ms] [ERROR] Failed to load resource: net::ERR_INTERNET_DISCONNECTED @ https://securetoken.googleapis.com/v1/token?key=AIzaSyDVKma95UOoUSajrzCmV7vLHPAt2Q5tK7c:0
[ 9974804ms] [ERROR] Failed to load resource: net::ERR_QUIC_PROTOCOL_ERROR.QUIC_PACKET_WRITE_ERROR @ https://firestore.googleapis.com/google.firestore.v1.Firestore/Listen/channel?gsessionid=pMEDpp3q3tmu0lQ9mwsDyaZGG5tR4ZQWJtv2O4j3JtIrs2LlPUZzqw&VER=8&database=projects%2Fserenity-relax-joao%2Fdatabases%2F(default)&RID=rpc&SID=IgxSQQR6QDKJNojFkiZ6rg&AID=166&CI=0&TYPE=xmlhttp&zx=qcsghepd5jw&t=1:0
[ 9976762ms] [ERROR] Failed to load resource: net::ERR_INTERNET_DISCONNECTED @ https://firestore.googleapis.com/google.firestore.v1.Firestore/Listen/channel?VER=8&database=projects%2Fserenity-relax-joao%2Fdatabases%2F(default)&gsessionid=pMEDpp3q3tmu0lQ9mwsDyaZGG5tR4ZQWJtv2O4j3JtIrs2LlPUZzqw&SID=IgxSQQR6QDKJNojFkiZ6rg&RID=86761&TYPE=terminate&zx=dys9puvnxn3v:0
[ 9976764ms] [ERROR] Failed to load resource: net::ERR_INTERNET_DISCONNECTED @ https://securetoken.googleapis.com/v1/token?key=AIzaSyDVKma95UOoUSajrzCmV7vLHPAt2Q5tK7c:0
[ 9978178ms] [ERROR] Failed to load resource: net::ERR_INTERNET_DISCONNECTED @ https://securetoken.googleapis.com/v1/token?key=AIzaSyDVKma95UOoUSajrzCmV7vLHPAt2Q5tK7c:0
[ 9978321ms] [ERROR] Failed to load resource: net::ERR_INTERNET_DISCONNECTED @ https://securetoken.googleapis.com/v1/token?key=AIzaSyDVKma95UOoUSajrzCmV7vLHPAt2Q5tK7c:0
[ 9979308ms] [ERROR] Failed to load resource: net::ERR_INTERNET_DISCONNECTED @ https://securetoken.googleapis.com/v1/token?key=AIzaSyDVKma95UOoUSajrzCmV7vLHPAt2Q5tK7c:0
[ 9981493ms] [ERROR] Failed to load resource: net::ERR_INTERNET_DISCONNECTED @ https://securetoken.googleapis.com/v1/token?key=AIzaSyDVKma95UOoUSajrzCmV7vLHPAt2Q5tK7c:0
[ 9985455ms] [ERROR] Failed to load resource: net::ERR_INTERNET_DISCONNECTED @ https://securetoken.googleapis.com/v1/token?key=AIzaSyDVKma95UOoUSajrzCmV7vLHPAt2Q5tK7c:0
[ 9989662ms] [ERROR] Failed to load resource: net::ERR_INTERNET_DISCONNECTED @ https://securetoken.googleapis.com/v1/token?key=AIzaSyDVKma95UOoUSajrzCmV7vLHPAt2Q5tK7c:0
[ 9993861ms] [ERROR] Failed to load resource: net::ERR_INTERNET_DISCONNECTED @ https://securetoken.googleapis.com/v1/token?key=AIzaSyDVKma95UOoUSajrzCmV7vLHPAt2Q5tK7c:0
[10008111ms] [ERROR] Failed to load resource: net::ERR_INTERNET_DISCONNECTED @ https://securetoken.googleapis.com/v1/token?key=AIzaSyDVKma95UOoUSajrzCmV7vLHPAt2Q5tK7c:0
[10018521ms] [ERROR] Failed to load resource: net::ERR_INTERNET_DISCONNECTED @ https://securetoken.googleapis.com/v1/token?key=AIzaSyDVKma95UOoUSajrzCmV7vLHPAt2Q5tK7c:0
[10052850ms] [ERROR] Failed to load resource: net::ERR_INTERNET_DISCONNECTED @ https://securetoken.googleapis.com/v1/token?key=AIzaSyDVKma95UOoUSajrzCmV7vLHPAt2Q5tK7c:0
[10116903ms] [ERROR] Failed to load resource: net::ERR_NAME_NOT_RESOLVED @ https://firestore.googleapis.com/google.firestore.v1.Firestore/Listen/channel?VER=8&database=projects%2Fserenity-relax-joao%2Fdatabases%2F(default)&gsessionid=5SDSegMaYLJOj1hc0DhNHdd9beJFFCCrC5XvOxVVLy-GhexmkhbwWA&SID=FwMUdY7Uf9RRZnm0Y3sOmg&RID=69784&TYPE=terminate&zx=j2f54pjtqixd:0
[10116912ms] [ERROR] Failed to load resource: net::ERR_NAME_NOT_RESOLVED @ https://firestore.googleapis.com/google.firestore.v1.Firestore/Listen/channel?VER=8&database=projects%2Fserenity-relax-joao%2Fdatabases%2F(default)&RID=43909&CVER=22&X-HTTP-Session-Id=gsessionid&zx=3p8i2qauejjr&t=1:0
[10116934ms] [WARNING] [2026-05-15T17:27:01.189Z]  @firebase/firestore: Firestore (11.10.0): WebChannelConnection RPC 'Listen' stream 0x8141d61b transport errored. Name: undefined Message: undefined @ http://localhost:9002/_next/static/chunks/node_modules_0d688b2b._.js:4455
[10117047ms] [ERROR] Failed to load resource: net::ERR_INTERNET_DISCONNECTED @ https://firestore.googleapis.com/google.firestore.v1.Firestore/Listen/channel?VER=8&database=projects%2Fserenity-relax-joao%2Fdatabases%2F(default)&RID=24285&CVER=22&X-HTTP-Session-Id=gsessionid&zx=50jsye9kyl7g&t=1:0
[10117056ms] [WARNING] [2026-05-15T17:27:01.317Z]  @firebase/firestore: Firestore (11.10.0): WebChannelConnection RPC 'Listen' stream 0x8141d61c transport errored. Name: undefined Message: undefined @ http://localhost:9002/_next/static/chunks/node_modules_0d688b2b._.js:4455
[10117093ms] [ERROR] Failed to load resource: net::ERR_INTERNET_DISCONNECTED @ https://www.google.com/images/cleardot.gif?zx=c9sf2re3zt8k:0
[10117179ms] [ERROR] Failed to load resource: net::ERR_INTERNET_DISCONNECTED @ https://www.google.com/images/cleardot.gif?zx=n30ea9y2iivv:0
[10118171ms] [ERROR] Failed to load resource: net::ERR_INTERNET_DISCONNECTED @ https://firestore.googleapis.com/google.firestore.v1.Firestore/Listen/channel?VER=8&database=projects%2Fserenity-relax-joao%2Fdatabases%2F(default)&RID=39929&CVER=22&X-HTTP-Session-Id=gsessionid&zx=vzo34gc9mrur&t=1:0
[10118172ms] [WARNING] [2026-05-15T17:27:02.434Z]  @firebase/firestore: Firestore (11.10.0): WebChannelConnection RPC 'Listen' stream 0x8141d61d transport errored. Name: undefined Message: undefined @ http://localhost:9002/_next/static/chunks/node_modules_0d688b2b._.js:4455
[10118193ms] [ERROR] Failed to load resource: net::ERR_INTERNET_DISCONNECTED @ https://www.google.com/images/cleardot.gif?zx=76dzi1pqu7tf:0
[10119193ms] [ERROR] Failed to load resource: net::ERR_INTERNET_DISCONNECTED @ https://firestore.googleapis.com/google.firestore.v1.Firestore/Listen/channel?VER=8&database=projects%2Fserenity-relax-joao%2Fdatabases%2F(default)&RID=58649&CVER=22&X-HTTP-Session-Id=gsessionid&zx=t6liejk4816t&t=1:0
[10119194ms] [WARNING] [2026-05-15T17:27:03.455Z]  @firebase/firestore: Firestore (11.10.0): WebChannelConnection RPC 'Listen' stream 0x8141d61e transport errored. Name: undefined Message: undefined @ http://localhost:9002/_next/static/chunks/node_modules_0d688b2b._.js:4455
[10119210ms] [ERROR] Failed to load resource: net::ERR_INTERNET_DISCONNECTED @ https://www.google.com/images/cleardot.gif?zx=fpuiyrr53dhp:0
[10121111ms] [ERROR] Failed to load resource: net::ERR_INTERNET_DISCONNECTED @ https://firestore.googleapis.com/google.firestore.v1.Firestore/Listen/channel?VER=8&database=projects%2Fserenity-relax-joao%2Fdatabases%2F(default)&RID=15688&CVER=22&X-HTTP-Session-Id=gsessionid&zx=xm12y7ut3d8y&t=1:0
[10121112ms] [WARNING] [2026-05-15T17:27:05.374Z]  @firebase/firestore: Firestore (11.10.0): WebChannelConnection RPC 'Listen' stream 0x8141d61f transport errored. Name: undefined Message: undefined @ http://localhost:9002/_next/static/chunks/node_modules_0d688b2b._.js:4455
[10121175ms] [ERROR] Failed to load resource: net::ERR_INTERNET_DISCONNECTED @ https://www.google.com/images/cleardot.gif?zx=hh5x40zf8r0x:0
[10308670ms] [INFO] %cDownload the React DevTools for a better development experience: https://react.dev/link/react-devtools font-weight:bold @ http://localhost:9002/_next/static/chunks/node_modules_next_dist_compiled_react-dom_1e674e59._.js:14537
[10312565ms] [LOG] [Fast Refresh] rebuilding @ http://localhost:9002/_next/static/chunks/node_modules_next_dist_client_cf1d9188._.js:5949
[10312876ms] [LOG] [Fast Refresh] done in 409ms @ http://localhost:9002/_next/static/chunks/node_modules_next_dist_client_cf1d9188._.js:5809
[10312988ms] [LOG] [Fast Refresh] rebuilding @ http://localhost:9002/_next/static/chunks/node_modules_next_dist_client_cf1d9188._.js:5949
[10317322ms] [LOG] [Fast Refresh] done in 4433ms @ http://localhost:9002/_next/static/chunks/node_modules_next_dist_client_cf1d9188._.js:5809
[10323852ms] [LOG] [Fast Refresh] rebuilding @ http://localhost:9002/_next/static/chunks/node_modules_next_dist_client_cf1d9188._.js:5949
[10324206ms] [LOG] [Fast Refresh] done in 455ms @ http://localhost:9002/_next/static/chunks/node_modules_next_dist_client_cf1d9188._.js:5809
[10324834ms] [LOG] [Fast Refresh] rebuilding @ http://localhost:9002/_next/static/chunks/node_modules_next_dist_client_cf1d9188._.js:5949
[10326468ms] [LOG] [Fast Refresh] done in 1745ms @ http://localhost:9002/_next/static/chunks/node_modules_next_dist_client_cf1d9188._.js:5809
[10479418ms] [LOG] [Fast Refresh] rebuilding @ http://localhost:9002/_next/static/chunks/node_modules_next_dist_client_cf1d9188._.js:5949
[10481335ms] [LOG] [Fast Refresh] done in 2138ms @ http://localhost:9002/_next/static/chunks/node_modules_next_dist_client_cf1d9188._.js:5809
[10572276ms] [LOG] [Fast Refresh] rebuilding @ http://localhost:9002/_next/static/chunks/node_modules_next_dist_client_cf1d9188._.js:5949
[10574862ms] [LOG] [Fast Refresh] done in 2551ms @ http://localhost:9002/_next/static/chunks/node_modules_next_dist_client_cf1d9188._.js:5809
[10611141ms] [LOG] [Fast Refresh] rebuilding @ http://localhost:9002/_next/static/chunks/node_modules_next_dist_client_cf1d9188._.js:5949
[10612090ms] [LOG] [Fast Refresh] done in 1011ms @ http://localhost:9002/_next/static/chunks/node_modules_next_dist_client_cf1d9188._.js:5809
[10639371ms] [LOG] [Fast Refresh] rebuilding @ http://localhost:9002/_next/static/chunks/node_modules_next_dist_client_cf1d9188._.js:5949
[10644835ms] [LOG] [Fast Refresh] done in 5541ms @ http://localhost:9002/_next/static/chunks/node_modules_next_dist_client_cf1d9188._.js:5809
[10722601ms] [LOG] [Fast Refresh] rebuilding @ http://localhost:9002/_next/static/chunks/node_modules_next_dist_client_cf1d9188._.js:5949
[10723140ms] [LOG] [Fast Refresh] done in 642ms @ http://localhost:9002/_next/static/chunks/node_modules_next_dist_client_cf1d9188._.js:5809
[10755899ms] [LOG] [Fast Refresh] rebuilding @ http://localhost:9002/_next/static/chunks/node_modules_next_dist_client_cf1d9188._.js:5949
[10756663ms] [LOG] [Fast Refresh] done in 894ms @ http://localhost:9002/_next/static/chunks/node_modules_next_dist_client_cf1d9188._.js:5809
[10778555ms] [LOG] [Fast Refresh] rebuilding @ http://localhost:9002/_next/static/chunks/node_modules_next_dist_client_cf1d9188._.js:5949
[10779055ms] [LOG] [Fast Refresh] done in 604ms @ http://localhost:9002/_next/static/chunks/node_modules_next_dist_client_cf1d9188._.js:5809
[10863424ms] [LOG] [Fast Refresh] rebuilding @ http://localhost:9002/_next/static/chunks/node_modules_next_dist_client_cf1d9188._.js:5949
[10863701ms] [LOG] [Fast Refresh] done in 380ms @ http://localhost:9002/_next/static/chunks/node_modules_next_dist_client_cf1d9188._.js:5809
[10874447ms] [LOG] [Fast Refresh] rebuilding @ http://localhost:9002/_next/static/chunks/node_modules_next_dist_client_cf1d9188._.js:5949
[10877622ms] [LOG] [Fast Refresh] done in 3329ms @ http://localhost:9002/_next/static/chunks/node_modules_next_dist_client_cf1d9188._.js:5809
[10879921ms] [LOG] [Fast Refresh] rebuilding @ http://localhost:9002/_next/static/chunks/node_modules_next_dist_client_cf1d9188._.js:5949
[10880481ms] [LOG] [Fast Refresh] done in 663ms @ http://localhost:9002/_next/static/chunks/node_modules_next_dist_client_cf1d9188._.js:5809
[10885746ms] [LOG] [Fast Refresh] rebuilding @ http://localhost:9002/_next/static/chunks/node_modules_next_dist_client_cf1d9188._.js:5949
[10886037ms] [LOG] [Fast Refresh] done in 392ms @ http://localhost:9002/_next/static/chunks/node_modules_next_dist_client_cf1d9188._.js:5809
[11156285ms] [LOG] [Fast Refresh] rebuilding @ http://localhost:9002/_next/static/chunks/node_modules_next_dist_client_cf1d9188._.js:5949
[11156696ms] [LOG] [Fast Refresh] done in 514ms @ http://localhost:9002/_next/static/chunks/node_modules_next_dist_client_cf1d9188._.js:5809
[11843062ms] [LOG] [Fast Refresh] rebuilding @ http://localhost:9002/_next/static/chunks/node_modules_next_dist_client_cf1d9188._.js:5949
[11844161ms] [LOG] [Fast Refresh] done in 1145ms @ http://localhost:9002/_next/static/chunks/node_modules_next_dist_client_cf1d9188._.js:5809
