[    6749ms] [ERROR] Refused to get unsafe header "X-Sg-Cs" @ https://www.google.com/search?q=les+3+a+et+les+5+r&rlz=1C5CHFA_enCH1144FR1148&oq=les+3+A+et+les+5+&gs_lcrp=EgZjaHJvbWUqBwgAEAAYgAQyBwgAEAAYgAQyBggBEEUYOTIHCAIQABiABDIKCAMQABiABBiiBDIHCAQQABjvBTIKCAUQABiiBBiJBTIKCAYQABiABBiiBDIKCAcQABiABBiiBNIBCDY0MjZqMGo3qAIAsAIA&sourceid=chrome&ie=UTF-8&source=chrome.ob:19
[    6749ms] [ERROR] Refused to get unsafe header "X-Sorry-Redirect" @ https://www.google.com/search?q=les+3+a+et+les+5+r&rlz=1C5CHFA_enCH1144FR1148&oq=les+3+A+et+les+5+&gs_lcrp=EgZjaHJvbWUqBwgAEAAYgAQyBwgAEAAYgAQyBggBEEUYOTIHCAIQABiABDIKCAMQABiABBiiBDIHCAQQABjvBTIKCAUQABiiBBiJBTIKCAYQABiABBiiBDIKCAcQABiABBiiBNIBCDY0MjZqMGo3qAIAsAIA&sourceid=chrome&ie=UTF-8&source=chrome.ob:19
[    7661ms] [ERROR] Refused to get unsafe header "X-Sg-Cs" @ https://www.google.com/search?q=les+3+a+et+les+5+r&rlz=1C5CHFA_enCH1144FR1148&oq=les+3+A+et+les+5+&gs_lcrp=EgZjaHJvbWUqBwgAEAAYgAQyBwgAEAAYgAQyBggBEEUYOTIHCAIQABiABDIKCAMQABiABBiiBDIHCAQQABjvBTIKCAUQABiiBBiJBTIKCAYQABiABBiiBDIKCAcQABiABBiiBNIBCDY0MjZqMGo3qAIAsAIA&sourceid=chrome&ie=UTF-8&source=chrome.ob:19
[    7661ms] [ERROR] Refused to get unsafe header "X-Sorry-Redirect" @ https://www.google.com/search?q=les+3+a+et+les+5+r&rlz=1C5CHFA_enCH1144FR1148&oq=les+3+A+et+les+5+&gs_lcrp=EgZjaHJvbWUqBwgAEAAYgAQyBwgAEAAYgAQyBggBEEUYOTIHCAIQABiABDIKCAMQABiABBiiBDIHCAQQABjvBTIKCAUQABiiBBiJBTIKCAYQABiABBiiBDIKCAcQABiABBiiBNIBCDY0MjZqMGo3qAIAsAIA&sourceid=chrome&ie=UTF-8&source=chrome.ob:19
[   11518ms] [ERROR] Refused to get unsafe header "X-Sg-Cs" @ https://www.google.com/search?sca_esv=902c31b61ac8c1b2&rlz=1C5CHFA_enCH1144FR1148&sxsrf=ANbL-n7vsEIpMlWLF_a4q_-YJls5_kVuxw:1778598698334&udm=7&fbs=ADc_l-bpk8W4E-qsVlOvbGJcDwpnHC5OJXXTJvmMu2n9YYx-G8xzgQk24aW1N_FyIND5zVDd4bb14119C8nZHL5l4Fe3dZ7yqjeZoOxZ5J10WCh5g6ODIDebx2y6O9CG1IFplVV27vwUPtV5_LPi5gMurUM27XDLVGDXnICXRnKHxZgWk4UOq0wmfUDT0tzgeISEikT-ZnoCenfSPVZv0NVcFP-OsVBJmE5NJygHEZMgQUUudNo2EQg&q=les+3+a+et+les+5+r&sa=X&ved=2ahUKEwiAyvK8hLSUAxWTxgIHHQmvEmQQtKgLegQIFRAB&biw=1694&bih=969&dpr=2:19
[   11518ms] [ERROR] Refused to get unsafe header "X-Sorry-Redirect" @ https://www.google.com/search?sca_esv=902c31b61ac8c1b2&rlz=1C5CHFA_enCH1144FR1148&sxsrf=ANbL-n7vsEIpMlWLF_a4q_-YJls5_kVuxw:1778598698334&udm=7&fbs=ADc_l-bpk8W4E-qsVlOvbGJcDwpnHC5OJXXTJvmMu2n9YYx-G8xzgQk24aW1N_FyIND5zVDd4bb14119C8nZHL5l4Fe3dZ7yqjeZoOxZ5J10WCh5g6ODIDebx2y6O9CG1IFplVV27vwUPtV5_LPi5gMurUM27XDLVGDXnICXRnKHxZgWk4UOq0wmfUDT0tzgeISEikT-ZnoCenfSPVZv0NVcFP-OsVBJmE5NJygHEZMgQUUudNo2EQg&q=les+3+a+et+les+5+r&sa=X&ved=2ahUKEwiAyvK8hLSUAxWTxgIHHQmvEmQQtKgLegQIFRAB&biw=1694&bih=969&dpr=2:19
[   12500ms] [ERROR] Refused to get unsafe header "X-Sg-Cs" @ https://www.google.com/search?sca_esv=902c31b61ac8c1b2&rlz=1C5CHFA_enCH1144FR1148&sxsrf=ANbL-n7vsEIpMlWLF_a4q_-YJls5_kVuxw:1778598698334&udm=7&fbs=ADc_l-bpk8W4E-qsVlOvbGJcDwpnHC5OJXXTJvmMu2n9YYx-G8xzgQk24aW1N_FyIND5zVDd4bb14119C8nZHL5l4Fe3dZ7yqjeZoOxZ5J10WCh5g6ODIDebx2y6O9CG1IFplVV27vwUPtV5_LPi5gMurUM27XDLVGDXnICXRnKHxZgWk4UOq0wmfUDT0tzgeISEikT-ZnoCenfSPVZv0NVcFP-OsVBJmE5NJygHEZMgQUUudNo2EQg&q=les+3+a+et+les+5+r&sa=X&ved=2ahUKEwiAyvK8hLSUAxWTxgIHHQmvEmQQtKgLegQIFRAB&biw=1694&bih=969&dpr=2:19
[   12500ms] [ERROR] Refused to get unsafe header "X-Sorry-Redirect" @ https://www.google.com/search?sca_esv=902c31b61ac8c1b2&rlz=1C5CHFA_enCH1144FR1148&sxsrf=ANbL-n7vsEIpMlWLF_a4q_-YJls5_kVuxw:1778598698334&udm=7&fbs=ADc_l-bpk8W4E-qsVlOvbGJcDwpnHC5OJXXTJvmMu2n9YYx-G8xzgQk24aW1N_FyIND5zVDd4bb14119C8nZHL5l4Fe3dZ7yqjeZoOxZ5J10WCh5g6ODIDebx2y6O9CG1IFplVV27vwUPtV5_LPi5gMurUM27XDLVGDXnICXRnKHxZgWk4UOq0wmfUDT0tzgeISEikT-ZnoCenfSPVZv0NVcFP-OsVBJmE5NJygHEZMgQUUudNo2EQg&q=les+3+a+et+les+5+r&sa=X&ved=2ahUKEwiAyvK8hLSUAxWTxgIHHQmvEmQQtKgLegQIFRAB&biw=1694&bih=969&dpr=2:19
[   15072ms] [WARNING] A preload for 'https://instagram.fbsl1-1.fna.fbcdn.net/v/t51.71878-15/519412740_1081692893404990_4828633613329372306_n.jpg?stp=dst-jpg_e15_tt6&_nc_cat=111&ig_cache_key=MzY4MDExMzUzNTkxMjg3MjkyMA%3D%3D.3-ccb7-5&ccb=7-5&_nc_sid=58cdad&efg=eyJ2ZW5jb2RlX3RhZyI6IkNMSVBTLnhwaWRzLjY0MC5zZHIudmlkZW9fbmZyYW1lX2NvdmVyX2ZyYW1lLkMyIn0%3D&_nc_ohc=MOQrVzswBkAQ7kNvwF9Exbi&_nc_oc=AdoIgKveC3fTHiomxRo5iOmjVgxx7Ma779H6ba4mENtY69rWXhV-0iwsf853nveug-za3mGu-RH70Uk0BcHLR4-w&_nc_ad=z-m&_nc_cid=0&_nc_zt=23&_nc_ht=instagram.fbsl1-1.fna&_nc_gid=15Ua3Q6QZnDLRWhfcwacJw&_nc_ss=7a22e&oh=00_Af5Y1kKY30gHhPE1ORrfDHYXQ-sSrDIcgstt_ZUNBzuVzA&oe=6A090DD9' is found, but is not used because the request credentials mode does not match. Consider taking a look at crossorigin attribute. @ https://www.instagram.com/reel/DMSY8NJMYvY/?hl=fr:0
[   15254ms] [INFO] Banner not shown: beforeinstallpromptevent.preventDefault() called. The page must call beforeinstallpromptevent.prompt() to show the banner. @ https://www.instagram.com/reel/DMSY8NJMYvY/?hl=fr:0
[   15274ms] [LOG] 
%cStop ! font-family:helvetica; font-size:20px; font-size:50px; font-weight:bold; color:red; -webkit-text-stroke:1px black; @ https://static.cdninstagram.com/rsrc.php/v4/y_/r/xjkD6ipJHHA.js:243
[   15274ms] [LOG] 
%cIl s’agit d’une fonctionnalité de navigateur conçue pour les développeurs. Si quelqu’un vous a invité(e) à copier-coller quelque chose ici pour activer une fonctionnalité Instagram ou soi-disant pirater le compte d’un tiers, sachez que c’est une arnaque permettant à cette personne d’accéder à votre compte Instagram. font-family:helvetica; font-size:20px;  @ https://static.cdninstagram.com/rsrc.php/v4/y_/r/xjkD6ipJHHA.js:243
[   15274ms] [LOG] 
%cConsultez https://www.facebook.com/selfxss pour plus d’informations. font-family:helvetica; font-size:20px;  @ https://static.cdninstagram.com/rsrc.php/v4/y_/r/xjkD6ipJHHA.js:243
[   15274ms] [LOG] 
%c  @ https://static.cdninstagram.com/rsrc.php/v4/y_/r/xjkD6ipJHHA.js:243
[   20209ms] [VERBOSE] [DOM] Input elements should have autocomplete attributes (suggested: "current-password"): (More info: https://goo.gl/9p2vKq) %o @ https://www.instagram.com/accounts/login/?source=desktop_dynamic_landing_dialog&hl=fr:0
[   23318ms] [WARNING] The resource https://instagram.fbsl1-1.fna.fbcdn.net/v/t51.71878-15/519412740_1081692893404990_4828633613329372306_n.jpg?stp=dst-jpg_e15_tt6&_nc_cat=111&ig_cache_key=MzY4MDExMzUzNTkxMjg3MjkyMA%3D%3D.3-ccb7-5&ccb=7-5&_nc_sid=58cdad&efg=eyJ2ZW5jb2RlX3RhZyI6IkNMSVBTLnhwaWRzLjY0MC5zZHIudmlkZW9fbmZyYW1lX2NvdmVyX2ZyYW1lLkMyIn0%3D&_nc_ohc=MOQrVzswBkAQ7kNvwF9Exbi&_nc_oc=AdoIgKveC3fTHiomxRo5iOmjVgxx7Ma779H6ba4mENtY69rWXhV-0iwsf853nveug-za3mGu-RH70Uk0BcHLR4-w&_nc_ad=z-m&_nc_cid=0&_nc_zt=23&_nc_ht=instagram.fbsl1-1.fna&_nc_gid=15Ua3Q6QZnDLRWhfcwacJw&_nc_ss=7a22e&oh=00_Af5Y1kKY30gHhPE1ORrfDHYXQ-sSrDIcgstt_ZUNBzuVzA&oe=6A090DD9 was preloaded using link preload but not used within a few seconds from the window's load event. Please make sure it has an appropriate `as` value and it is preloaded intentionally. @ https://www.instagram.com/accounts/login/?source=desktop_dynamic_landing_dialog&hl=fr:0
[   25947ms] [WARNING] A preload for 'https://instagram.fbsl1-1.fna.fbcdn.net/v/t51.71878-15/519412740_1081692893404990_4828633613329372306_n.jpg?stp=dst-jpg_e15_tt6&_nc_cat=111&ig_cache_key=MzY4MDExMzUzNTkxMjg3MjkyMA%3D%3D.3-ccb7-5&ccb=7-5&_nc_sid=58cdad&efg=eyJ2ZW5jb2RlX3RhZyI6IkNMSVBTLnhwaWRzLjY0MC5zZHIudmlkZW9fbmZyYW1lX2NvdmVyX2ZyYW1lLkMyIn0%3D&_nc_ohc=MOQrVzswBkAQ7kNvwF9Exbi&_nc_oc=AdoIgKveC3fTHiomxRo5iOmjVgxx7Ma779H6ba4mENtY69rWXhV-0iwsf853nveug-za3mGu-RH70Uk0BcHLR4-w&_nc_ad=z-m&_nc_cid=0&_nc_zt=23&_nc_ht=instagram.fbsl1-1.fna&_nc_gid=15Ua3Q6QZnDLRWhfcwacJw&_nc_ss=7a22e&oh=00_Af5Y1kKY30gHhPE1ORrfDHYXQ-sSrDIcgstt_ZUNBzuVzA&oe=6A090DD9' is found, but is not used because the request credentials mode does not match. Consider taking a look at crossorigin attribute. @ https://www.instagram.com/reel/DMSY8NJMYvY/?hl=fr:0
[   25972ms] [ERROR] ErrorUtils caught an error:

signal is aborted without reason [Caught in: Passkey authentication failed]

Subsequent non-fatal errors won't be logged; see https://fburl.com/debugjs. {column: 2973, clientTime: 1778598718, extra: Object, guardList: Array(0), hash: 1gyquc} @ https://static.cdninstagram.com/rsrc.php/v4/y_/r/xjkD6ipJHHA.js:78
[   33238ms] [LOG] 
%cStop ! font-family:helvetica; font-size:20px; font-size:50px; font-weight:bold; color:red; -webkit-text-stroke:1px black; @ https://static.cdninstagram.com/rsrc.php/v4/y_/r/xjkD6ipJHHA.js:243
[   33238ms] [LOG] 
%cIl s’agit d’une fonctionnalité de navigateur conçue pour les développeurs. Si quelqu’un vous a invité(e) à copier-coller quelque chose ici pour activer une fonctionnalité Instagram ou soi-disant pirater le compte d’un tiers, sachez que c’est une arnaque permettant à cette personne d’accéder à votre compte Instagram. font-family:helvetica; font-size:20px;  @ https://static.cdninstagram.com/rsrc.php/v4/y_/r/xjkD6ipJHHA.js:243
[   33238ms] [LOG] 
%cConsultez https://www.facebook.com/selfxss pour plus d’informations. font-family:helvetica; font-size:20px;  @ https://static.cdninstagram.com/rsrc.php/v4/y_/r/xjkD6ipJHHA.js:243
[   33238ms] [LOG] 
%c  @ https://static.cdninstagram.com/rsrc.php/v4/y_/r/xjkD6ipJHHA.js:243
[   33273ms] [INFO] Banner not shown: beforeinstallpromptevent.preventDefault() called. The page must call beforeinstallpromptevent.prompt() to show the banner. @ https://www.instagram.com/reel/DMSY8NJMYvY/?hl=fr:0
